Component: ARM Compiler 5.06 update 6 (build 750) Tool: armlink [4d35ed]

==============================================================================

Section Cross References

    startup_stm32f103xe.o(STACK) refers (Special) to heapauxi.o(.text) for __use_two_region_memory
    startup_stm32f103xe.o(HEAP) refers (Special) to heapauxi.o(.text) for __use_two_region_memory
    startup_stm32f103xe.o(RESET) refers (Special) to heapauxi.o(.text) for __use_two_region_memory
    startup_stm32f103xe.o(RESET) refers to startup_stm32f103xe.o(STACK) for __initial_sp
    startup_stm32f103xe.o(RESET) refers to startup_stm32f103xe.o(.text) for Reset_Handler
    startup_stm32f103xe.o(RESET) refers to stm32f1xx_it.o(i.NMI_Handler) for NMI_Handler
    startup_stm32f103xe.o(RESET) refers to stm32f1xx_it.o(i.HardFault_Handler) for HardFault_Handler
    startup_stm32f103xe.o(RESET) refers to stm32f1xx_it.o(i.MemManage_Handler) for MemManage_Handler
    startup_stm32f103xe.o(RESET) refers to stm32f1xx_it.o(i.BusFault_Handler) for BusFault_Handler
    startup_stm32f103xe.o(RESET) refers to stm32f1xx_it.o(i.UsageFault_Handler) for UsageFault_Handler
    startup_stm32f103xe.o(RESET) refers to stm32f1xx_it.o(i.SVC_Handler) for SVC_Handler
    startup_stm32f103xe.o(RESET) refers to stm32f1xx_it.o(i.DebugMon_Handler) for DebugMon_Handler
    startup_stm32f103xe.o(RESET) refers to stm32f1xx_it.o(i.PendSV_Handler) for PendSV_Handler
    startup_stm32f103xe.o(RESET) refers to stm32f1xx_it.o(i.SysTick_Handler) for SysTick_Handler
    startup_stm32f103xe.o(RESET) refers to stm32f1xx_it.o(i.DMA1_Channel2_IRQHandler) for DMA1_Channel2_IRQHandler
    startup_stm32f103xe.o(RESET) refers to stm32f1xx_it.o(i.DMA1_Channel3_IRQHandler) for DMA1_Channel3_IRQHandler
    startup_stm32f103xe.o(RESET) refers to stm32f1xx_it.o(i.DMA1_Channel4_IRQHandler) for DMA1_Channel4_IRQHandler
    startup_stm32f103xe.o(RESET) refers to stm32f1xx_it.o(i.DMA1_Channel5_IRQHandler) for DMA1_Channel5_IRQHandler
    startup_stm32f103xe.o(RESET) refers to stm32f1xx_it.o(i.DMA1_Channel7_IRQHandler) for DMA1_Channel7_IRQHandler
    startup_stm32f103xe.o(RESET) refers to stm32f1xx_it.o(i.USART1_IRQHandler) for USART1_IRQHandler
    startup_stm32f103xe.o(RESET) refers to stm32f1xx_it.o(i.UART4_IRQHandler) for UART4_IRQHandler
    startup_stm32f103xe.o(RESET) refers to stm32f1xx_it.o(i.TIM6_IRQHandler) for TIM6_IRQHandler
    startup_stm32f103xe.o(RESET) refers to stm32f1xx_it.o(i.DMA2_Channel2_IRQHandler) for DMA2_Channel2_IRQHandler
    startup_stm32f103xe.o(RESET) refers to stm32f1xx_it.o(i.DMA2_Channel3_IRQHandler) for DMA2_Channel3_IRQHandler
    startup_stm32f103xe.o(RESET) refers to stm32f1xx_it.o(i.DMA2_Channel4_5_IRQHandler) for DMA2_Channel4_5_IRQHandler
    startup_stm32f103xe.o(.text) refers (Special) to heapauxi.o(.text) for __use_two_region_memory
    startup_stm32f103xe.o(.text) refers to system_stm32f1xx.o(i.SystemInit) for SystemInit
    startup_stm32f103xe.o(.text) refers to __main.o(!!!main) for __main
    startup_stm32f103xe.o(.text) refers to startup_stm32f103xe.o(HEAP) for Heap_Mem
    startup_stm32f103xe.o(.text) refers to startup_stm32f103xe.o(STACK) for Stack_Mem
    main.o(i.SystemClock_Config) refers to rt_memclr_w.o(.text) for __aeabi_memclr4
    main.o(i.SystemClock_Config) refers to stm32f1xx_hal_rcc.o(i.HAL_RCC_OscConfig) for HAL_RCC_OscConfig
    main.o(i.SystemClock_Config) refers to main.o(i.Error_Handler) for Error_Handler
    main.o(i.SystemClock_Config) refers to stm32f1xx_hal_rcc.o(i.HAL_RCC_ClockConfig) for HAL_RCC_ClockConfig
    main.o(i.main) refers to stm32f1xx_hal.o(i.HAL_Init) for HAL_Init
    main.o(i.main) refers to main.o(i.SystemClock_Config) for SystemClock_Config
    main.o(i.main) refers to gpio.o(i.MX_GPIO_Init) for MX_GPIO_Init
    main.o(i.main) refers to dma.o(i.MX_DMA_Init) for MX_DMA_Init
    main.o(i.main) refers to tim.o(i.MX_TIM2_Init) for MX_TIM2_Init
    main.o(i.main) refers to tim.o(i.MX_TIM3_Init) for MX_TIM3_Init
    main.o(i.main) refers to tim.o(i.MX_TIM4_Init) for MX_TIM4_Init
    main.o(i.main) refers to tim.o(i.MX_TIM5_Init) for MX_TIM5_Init
    main.o(i.main) refers to tim.o(i.MX_TIM6_Init) for MX_TIM6_Init
    main.o(i.main) refers to usart.o(i.MX_UART4_Init) for MX_UART4_Init
    main.o(i.main) refers to usart.o(i.MX_USART1_UART_Init) for MX_USART1_UART_Init
    main.o(i.main) refers to control.o(i.control_init) for control_init
    main.o(i.main) refers to stm32f1xx_hal.o(i.HAL_Delay) for HAL_Delay
    gpio.o(i.MX_GPIO_Init) refers to stm32f1xx_hal_gpio.o(i.HAL_GPIO_WritePin) for HAL_GPIO_WritePin
    gpio.o(i.MX_GPIO_Init) refers to stm32f1xx_hal_gpio.o(i.HAL_GPIO_Init) for HAL_GPIO_Init
    dma.o(i.MX_DMA_Init) refers to stm32f1xx_hal_cortex.o(i.HAL_NVIC_SetPriority) for HAL_NVIC_SetPriority
    dma.o(i.MX_DMA_Init) refers to stm32f1xx_hal_cortex.o(i.HAL_NVIC_EnableIRQ) for HAL_NVIC_EnableIRQ
    iwdg.o(i.MX_IWDG_Init) refers to stm32f1xx_hal_iwdg.o(i.HAL_IWDG_Init) for HAL_IWDG_Init
[...]
    .ARM.Collect$$libshutdown$$0000000F      0x080001aa   Section        0  libshutdown2.o(.ARM.Collect$$libshutdown$$0000000F)
    .ARM.Collect$$libshutdown$$00000010      0x080001aa   Section        2  libshutdown2.o(.ARM.Collect$$libshutdown$$00000010)
    .ARM.Collect$$rtentry$$00000000          0x080001ac   Section        0  __rtentry.o(.ARM.Collect$$rtentry$$00000000)
    .ARM.Collect$$rtentry$$00000002          0x080001ac   Section        0  __rtentry2.o(.ARM.Collect$$rtentry$$00000002)
    .ARM.Collect$$rtentry$$00000004          0x080001ac   Section        6  __rtentry4.o(.ARM.Collect$$rtentry$$00000004)
    .ARM.Collect$$rtentry$$00000009          0x080001b2   Section        0  __rtentry2.o(.ARM.Collect$$rtentry$$00000009)
    .ARM.Collect$$rtentry$$0000000A          0x080001b2   Section        4  __rtentry2.o(.ARM.Collect$$rtentry$$0000000A)
    .ARM.Collect$$rtentry$$0000000C          0x080001b6   Section        0  __rtentry2.o(.ARM.Collect$$rtentry$$0000000C)
    .ARM.Collect$$rtentry$$0000000D          0x080001b6   Section        8  __rtentry2.o(.ARM.Collect$$rtentry$$0000000D)
    .ARM.Collect$$rtexit$$00000000           0x080001be   Section        2  rtexit.o(.ARM.Collect$$rtexit$$00000000)
    .ARM.Collect$$rtexit$$00000002           0x080001c0   Section        0  rtexit2.o(.ARM.Collect$$rtexit$$00000002)
    .ARM.Collect$$rtexit$$00000003           0x080001c0   Section        4  rtexit2.o(.ARM.Collect$$rtexit$$00000003)
    .ARM.Collect$$rtexit$$00000004           0x080001c4   Section        6  rtexit2.o(.ARM.Collect$$rtexit$$00000004)
    .text                                    0x080001cc   Section       64  startup_stm32f103xe.o(.text)
    .text                                    0x0800020c   Section       68  rt_memclr.o(.text)
    .text                                    0x08000250   Section       78  rt_memclr_w.o(.text)
    .text                                    0x0800029e   Section        0  heapauxi.o(.text)
    .text                                    0x080002a4   Section        8  libspace.o(.text)
    .text                                    0x080002ac   Section       74  sys_stackheap_outer.o(.text)
    .text                                    0x080002f6   Section        0  exit.o(.text)
    .text                                    0x08000308   Section        0  sys_exit.o(.text)
    .text                                    0x08000314   Section        2  use_no_semi.o(.text)
    .text                                    0x08000316   Section        0  indicate_semi.o(.text)
    i.BusFault_Handler                       0x08000316   Section        0  stm32f1xx_it.o(i.BusFault_Handler)
    i.DMA1_Channel2_IRQHandler               0x0800031c   Section        0  stm32f1xx_it.o(i.DMA1_Channel2_IRQHandler)
    i.DMA1_Channel3_IRQHandler               0x0800032c   Section        0  stm32f1xx_it.o(i.DMA1_Channel3_IRQHandler)
    i.DMA1_Channel4_IRQHandler               0x0800033c   Section        0  stm32f1xx_it.o(i.DMA1_Channel4_IRQHandler)
    i.DMA1_Channel5_IRQHandler               0x0800034c   Section        0  stm32f1xx_it.o(i.DMA1_Channel5_IRQHandler)
    i.DMA1_Channel7_IRQHandler               0x0800035c   Section        0  stm32f1xx_it.o(i.DMA1_Channel7_IRQHandler)
    i.DMA2_Channel2_IRQHandler               0x0800036c   Section        0  stm32f1xx_it.o(i.DMA2_Channel2_IRQHandler)
    i.DMA2_Channel3_IRQHandler               0x0800037c   Section        0  stm32f1xx_it.o(i.DMA2_Channel3_IRQHandler)
    i.DMA2_Channel4_5_IRQHandler             0x0800038c   Section        0  stm32f1xx_it.o(i.DMA2_Channel4_5_IRQHandler)
    i.DMA_SetConfig                          0x0800039c   Section        0  stm32f1xx_hal_dma.o(i.DMA_SetConfig)
    DMA_SetConfig                            0x0800039d   Thumb Code    44  stm32f1xx_hal_dma.o(i.DMA_SetConfig)
    i.DebugMon_Handler                       0x080003c8   Section        0  stm32f1xx_it.o(i.DebugMon_Handler)
    i.Error_Handler                          0x080003ca   Section        0  main.o(i.Error_Handler)
    i.HAL_DMA_Abort                          0x080003d0   Section        0  stm32f1xx_hal_dma.o(i.HAL_DMA_Abort)
    i.HAL_DMA_Abort_IT                       0x08000428   Section        0  stm32f1xx_hal_dma.o(i.HAL_DMA_Abort_IT)
    i.HAL_DMA_DeInit                         0x080005d0   Section        0  stm32f1xx_hal_dma.o(i.HAL_DMA_DeInit)
    i.HAL_DMA_IRQHandler                     0x0800065c   Section        0  stm32f1xx_hal_dma.o(i.HAL_DMA_IRQHandler)
    i.HAL_DMA_Init                           0x080009f4   Section        0  stm32f1xx_hal_dma.o(i.HAL_DMA_Init)
    i.HAL_DMA_RegisterCallback               0x08000a80   Section        0  stm32f1xx_hal_dma.o(i.HAL_DMA_RegisterCallback)
    i.HAL_DMA_Start_IT                       0x08000ada   Section        0  stm32f1xx_hal_dma.o(i.HAL_DMA_Start_IT)
    i.HAL_Delay                              0x08000b78   Section        0  stm32f1xx_hal.o(i.HAL_Delay)
    i.HAL_GPIO_DeInit                        0x08000ba0   Section        0  stm32f1xx_hal_gpio.o(i.HAL_GPIO_DeInit)
    i.HAL_GPIO_Init                          0x08000cf4   Section        0  stm32f1xx_hal_gpio.o(i.HAL_GPIO_Init)
    i.HAL_GPIO_TogglePin                     0x08001034   Section        0  stm32f1xx_hal_gpio.o(i.HAL_GPIO_TogglePin)
    i.HAL_GPIO_WritePin                      0x08001048   Section        0  stm32f1xx_hal_gpio.o(i.HAL_GPIO_WritePin)
    i.HAL_GetTick                            0x08001054   Section        0  stm32f1xx_hal.o(i.HAL_GetTick)
    i.HAL_IncTick                            0x08001060   Section        0  stm32f1xx_hal.o(i.HAL_IncTick)
    i.HAL_Init                               0x08001078   Section        0  stm32f1xx_hal.o(i.HAL_Init)
    i.HAL_InitTick                           0x080010a0   Section        0  stm32f1xx_hal.o(i.HAL_InitTick)
    i.HAL_MspInit                            0x080010ec   Section        0  stm32f1xx_hal_msp.o(i.HAL_MspInit)
    i.HAL_NVIC_DisableIRQ                    0x08001140   Section        0  stm32f1xx_hal_cortex.o(i.HAL_NVIC_DisableIRQ)
    i.HAL_NVIC_EnableIRQ                     0x08001184   Section        0  stm32f1xx_hal_cortex.o(i.HAL_NVIC_EnableIRQ)
    i.HAL_NVIC_SetPriority                   0x080011a4   Section        0  stm32f1xx_hal_cortex.o(i.HAL_NVIC_SetPriority)
    i.HAL_NVIC_SetPriorityGrouping           0x08001220   Section        0  stm32f1xx_hal_cortex.o(i.HAL_NVIC_SetPriorityGrouping)
    i.HAL_RCC_ClockConfig                    0x08001248   Section        0  stm32f1xx_hal_rcc.o(i.HAL_RCC_ClockConfig)
    i.HAL_RCC_GetHCLKFreq                    0x080013d4   Section        0  stm32f1xx_hal_rcc.o(i.HAL_RCC_GetHCLKFreq)
    i.HAL_RCC_GetPCLK1Freq                   0x080013e0   Section        0  stm32f1xx_hal_rcc.o(i.HAL_RCC_GetPCLK1Freq)
    i.HAL_RCC_GetPCLK2Freq                   0x08001400   Section        0  stm32f1xx_hal_rcc.o(i.HAL_RCC_GetPCLK2Freq)
    i.HAL_RCC_GetSysClockFreq                0x08001420   Section        0  stm32f1xx_hal_rcc.o(i.HAL_RCC_GetSysClockFreq)
    i.HAL_RCC_OscConfig                      0x08001490   Section        0  stm32f1xx_hal_rcc.o(i.HAL_RCC_OscConfig)
    i.HAL_SYSTICK_Config                     0x080018f4   Section        0  stm32f1xx_hal_cortex.o(i.HAL_SYSTICK_Config)
    i.HAL_TIMEx_BreakCallback                0x08001928   Section        0  stm32f1xx_hal_tim_ex.o(i.HAL_TIMEx_BreakCallback)
    i.HAL_TIMEx_CommutCallback               0x0800192a   Section        0  stm32f1xx_hal_tim_ex.o(i.HAL_TIMEx_CommutCallback)
    i.HAL_TIMEx_CommutHalfCpltCallback       0x0800192c   Section        0  stm32f1xx_hal_tim_ex.o(i.HAL_TIMEx_CommutHalfCpltCallback)
    i.HAL_TIMEx_MasterConfigSynchronization  0x08001930   Section        0  stm32f1xx_hal_tim_ex.o(i.HAL_TIMEx_MasterConfigSynchronization)
    i.HAL_TIM_Base_Init                      0x080019cc   Section        0  stm32f1xx_hal_tim.o(i.HAL_TIM_Base_Init)
    i.HAL_TIM_Base_MspInit                   0x08001a44   Section        0  tim.o(i.HAL_TIM_Base_MspInit)
    i.HAL_TIM_Base_Start                     0x08001c3c   Section        0  stm32f1xx_hal_tim.o(i.HAL_TIM_Base_Start)
    i.HAL_TIM_Base_Start_IT                  0x08001cc0   Section        0  stm32f1xx_hal_tim.o(i.HAL_TIM_Base_Start_IT)
    i.HAL_TIM_ConfigClockSource              0x08001d50   Section        0  stm32f1xx_hal_tim.o(i.HAL_TIM_ConfigClockSource)
    i.HAL_TIM_ErrorCallback                  0x08001e5c   Section        0  stm32f1xx_hal_tim.o(i.HAL_TIM_ErrorCallback)
    i.HAL_TIM_IC_CaptureCallback             0x08001e5e   Section        0  stm32f1xx_hal_tim.o(i.HAL_TIM_IC_CaptureCallback)
    i.HAL_TIM_IC_CaptureHalfCpltCallback     0x08001e60   Section        0  stm32f1xx_hal_tim.o(i.HAL_TIM_IC_CaptureHalfCpltCallback)
    i.HAL_TIM_IRQHandler                     0x08001e62   Section        0  stm32f1xx_hal_tim.o(i.HAL_TIM_IRQHandler)
    i.HAL_TIM_MspPostInit                    0x08002018   Section        0  tim.o(i.HAL_TIM_MspPostInit)
    i.HAL_TIM_OC_ConfigChannel               0x08002138   Section        0  stm32f1xx_hal_tim.o(i.HAL_TIM_OC_ConfigChannel)
    i.HAL_TIM_OC_DelayElapsedCallback        0x080021a8   Section        0  stm32f1xx_hal_tim.o(i.HAL_TIM_OC_DelayElapsedCallback)
    i.HAL_TIM_OC_Start                       0x080021ac   Section        0  stm32f1xx_hal_tim.o(i.HAL_TIM_OC_Start)
    i.HAL_TIM_OC_Stop                        0x080022a0   Section        0  stm32f1xx_hal_tim.o(i.HAL_TIM_OC_Stop)
    i.HAL_TIM_PWM_ConfigChannel              0x08002348   Section        0  stm32f1xx_hal_tim.o(i.HAL_TIM_PWM_ConfigChannel)
    i.HAL_TIM_PWM_Init                       0x0800244c   Section        0  stm32f1xx_hal_tim.o(i.HAL_TIM_PWM_Init)
    i.HAL_TIM_PWM_MspInit                    0x080024c4   Section        0  stm32f1xx_hal_tim.o(i.HAL_TIM_PWM_MspInit)
    i.HAL_TIM_PWM_PulseFinishedCallback      0x080024c6   Section        0  stm32f1xx_hal_tim.o(i.HAL_TIM_PWM_PulseFinishedCallback)
    i.HAL_TIM_PWM_PulseFinishedHalfCpltCallback 0x080024c8   Section        0  stm32f1xx_hal_tim.o(i.HAL_TIM_PWM_PulseFinishedHalfCpltCallback)
    i.HAL_TIM_PeriodElapsedCallback          0x080024ca   Section        0  stm32f1xx_hal_tim.o(i.HAL_TIM_PeriodElapsedCallback)
    i.HAL_TIM_PeriodElapsedHalfCpltCallback  0x080024cc   Section        0  stm32f1xx_hal_tim.o(i.HAL_TIM_PeriodElapsedHalfCpltCallback)
    i.HAL_TIM_RegisterCallback               0x080024ce   Section        0  stm32f1xx_hal_tim.o(i.HAL_TIM_RegisterCallback)
    i.HAL_TIM_TriggerCallback                0x080025f2   Section        0  stm32f1xx_hal_tim.o(i.HAL_TIM_TriggerCallback)
    i.HAL_TIM_TriggerHalfCpltCallback        0x080025f4   Section        0  stm32f1xx_hal_tim.o(i.HAL_TIM_TriggerHalfCpltCallback)
    i.HAL_UARTEx_ReceiveToIdle_DMA           0x080025f6   Section        0  stm32f1xx_hal_uart.o(i.HAL_UARTEx_ReceiveToIdle_DMA)
    i.HAL_UARTEx_RxEventCallback             0x08002668   Section        0  stm32f1xx_hal_uart.o(i.HAL_UARTEx_RxEventCallback)
    i.HAL_UART_AbortCpltCallback             0x0800266a   Section        0  stm32f1xx_hal_uart.o(i.HAL_UART_AbortCpltCallback)
    i.HAL_UART_AbortReceiveCpltCallback      0x0800266c   Section        0  stm32f1xx_hal_uart.o(i.HAL_UART_AbortReceiveCpltCallback)
    i.HAL_UART_AbortTransmitCpltCallback     0x0800266e   Section        0  stm32f1xx_hal_uart.o(i.HAL_UART_AbortTransmitCpltCallback)
    i.HAL_UART_ErrorCallback                 0x08002670   Section        0  ifr_usart.o(i.HAL_UART_ErrorCallback)
    i.HAL_UART_IRQHandler                    0x08002694   Section        0  stm32f1xx_hal_uart.o(i.HAL_UART_IRQHandler)
    i.HAL_UART_Init                          0x08002978   Section        0  stm32f1xx_hal_uart.o(i.HAL_UART_Init)
    i.HAL_UART_MspDeInit                     0x08002a00   Section        0  usart.o(i.HAL_UART_MspDeInit)
    i.HAL_UART_MspInit                       0x08002a7c   Section        0  usart.o(i.HAL_UART_MspInit)
    i.HAL_UART_RegisterRxEventCallback       0x08002c7c   Section        0  stm32f1xx_hal_uart.o(i.HAL_UART_RegisterRxEventCallback)
    i.HAL_UART_RxCpltCallback                0x08002cc8   Section        0  stm32f1xx_hal_uart.o(i.HAL_UART_RxCpltCallback)
    i.HAL_UART_RxHalfCpltCallback            0x08002cca   Section        0  stm32f1xx_hal_uart.o(i.HAL_UART_RxHalfCpltCallback)
    i.HAL_UART_TxCpltCallback                0x08002ccc   Section        0  stm32f1xx_hal_uart.o(i.HAL_UART_TxCpltCallback)
    i.HAL_UART_TxHalfCpltCallback            0x08002cce   Section        0  stm32f1xx_hal_uart.o(i.HAL_UART_TxHalfCpltCallback)
    i.HardFault_Handler                      0x08002cd0   Section        0  stm32f1xx_it.o(i.HardFault_Handler)
    i.IFR_TIM_ID_GET                         0x08002cd4   Section        0  ifr_tim.o(i.IFR_TIM_ID_GET)
    IFR_TIM_ID_GET                           0x08002cd5   Thumb Code   102  ifr_tim.o(i.IFR_TIM_ID_GET)
    i.IFR_UART_Rx_Callback                   0x08002d58   Section        0  ifr_usart.o(i.IFR_UART_Rx_Callback)
    i.IFR_Uart_ID_Get                        0x08002d80   Section        0  ifr_usart.o(i.IFR_Uart_ID_Get)
    IFR_Uart_ID_Get                          0x08002d81   Thumb Code    42  ifr_usart.o(i.IFR_Uart_ID_Get)
    i.IFR_Usart_Restart                      0x08002db8   Section        0  ifr_usart.o(i.IFR_Usart_Restart)
    IFR_Usart_Restart                        0x08002db9   Thumb Code    56  ifr_usart.o(i.IFR_Usart_Restart)
    i.MX_DMA_Init                            0x08002df4   Section        0  dma.o(i.MX_DMA_Init)
    i.MX_GPIO_Init                           0x08002eb4   Section        0  gpio.o(i.MX_GPIO_Init)
    i.MX_TIM2_Init                           0x08002fc0   Section        0  tim.o(i.MX_TIM2_Init)
    i.MX_TIM3_Init                           0x0800305c   Section        0  tim.o(i.MX_TIM3_Init)
    i.MX_TIM4_Init                           0x08003100   Section        0  tim.o(i.MX_TIM4_Init)
    i.MX_TIM5_Init                           0x080031a4   Section        0  tim.o(i.MX_TIM5_Init)
    i.MX_TIM6_Init                           0x08003248   Section        0  tim.o(i.MX_TIM6_Init)
    i.MX_UART4_Init                          0x08003294   Section        0  usart.o(i.MX_UART4_Init)
    i.MX_USART1_UART_Init                    0x080032cc   Section        0  usart.o(i.MX_USART1_UART_Init)
    i.MemManage_Handler                      0x08003304   Section        0  stm32f1xx_it.o(i.MemManage_Handler)
    i.NMI_Handler                            0x08003308   Section        0  stm32f1xx_it.o(i.NMI_Handler)
    i.PendSV_Handler                         0x0800330c   Section        0  stm32f1xx_it.o(i.PendSV_Handler)
    i.RCC_Delay                              0x08003310   Section        0  stm32f1xx_hal_rcc.o(i.RCC_Delay)
    RCC_Delay                                0x08003311   Thumb Code    36  stm32f1xx_hal_rcc.o(i.RCC_Delay)
    i.SVC_Handler                            0x08003338   Section        0  stm32f1xx_it.o(i.SVC_Handler)
    i.Start_DMA_Receive                      0x0800333a   Section        0  ifr_usart.o(i.Start_DMA_Receive)
    Start_DMA_Receive                        0x0800333b   Thumb Code    48  ifr_usart.o(i.Start_DMA_Receive)
    i.SysTick_Handler                        0x0800336a   Section        0  stm32f1xx_it.o(i.SysTick_Handler)
    i.SystemClock_Config                     0x08003372   Section        0  main.o(i.SystemClock_Config)
    i.SystemInit                             0x080033dc   Section        0  system_stm32f1xx.o(i.SystemInit)
    i.TIM6_IRQHandler                        0x080033e0   Section        0  stm32f1xx_it.o(i.TIM6_IRQHandler)
    i.TIM_Base_SetConfig                     0x080033f0   Section        0  stm32f1xx_hal_tim.o(i.TIM_Base_SetConfig)
    i.TIM_CCxChannelCmd                      0x0800348c   Section        0  stm32f1xx_hal_tim.o(i.TIM_CCxChannelCmd)
    i.TIM_ETR_SetConfig                      0x080034ae   Section        0  stm32f1xx_hal_tim.o(i.TIM_ETR_SetConfig)
    i.TIM_ITRx_SetConfig                     0x080034c4   Section        0  stm32f1xx_hal_tim.o(i.TIM_ITRx_SetConfig)
    TIM_ITRx_SetConfig                       0x080034c5   Thumb Code    18  stm32f1xx_hal_tim.o(i.TIM_ITRx_SetConfig)
    i.TIM_OC1_SetConfig                      0x080034d8   Section        0  stm32f1xx_hal_tim.o(i.TIM_OC1_SetConfig)
    TIM_OC1_SetConfig                        0x080034d9   Thumb Code   104  stm32f1xx_hal_tim.o(i.TIM_OC1_SetConfig)
    i.TIM_OC2_SetConfig                      0x08003548   Section        0  stm32f1xx_hal_tim.o(i.TIM_OC2_SetConfig)
    i.TIM_OC3_SetConfig                      0x080035c4   Section        0  stm32f1xx_hal_tim.o(i.TIM_OC3_SetConfig)
    TIM_OC3_SetConfig                        0x080035c5   Thumb Code   112  stm32f1xx_hal_tim.o(i.TIM_OC3_SetConfig)
    i.TIM_OC4_SetConfig                      0x0800363c   Section        0  stm32f1xx_hal_tim.o(i.TIM_OC4_SetConfig)
    TIM_OC4_SetConfig                        0x0800363d   Thumb Code    74  stm32f1xx_hal_tim.o(i.TIM_OC4_SetConfig)
    i.TIM_Overflow_Callback                  0x08003690   Section        0  ifr_tim.o(i.TIM_Overflow_Callback)
    i.TIM_ResetCallback                      0x080036b4   Section        0  stm32f1xx_hal_tim.o(i.TIM_ResetCallback)
    i.TIM_TI1_ConfigInputStage               0x08003724   Section        0  stm32f1xx_hal_tim.o(i.TIM_TI1_ConfigInputStage)
    TIM_TI1_ConfigInputStage                 0x08003725   Thumb Code    38  stm32f1xx_hal_tim.o(i.TIM_TI1_ConfigInputStage)
    i.TIM_TI2_ConfigInputStage               0x0800374a   Section        0  stm32f1xx_hal_tim.o(i.TIM_TI2_ConfigInputStage)
    TIM_TI2_ConfigInputStage                 0x0800374b   Thumb Code    40  stm32f1xx_hal_tim.o(i.TIM_TI2_ConfigInputStage)
    i.TaskFunction_Call                      0x08003772   Section        0  ifr_tim.o(i.TaskFunction_Call)
    TaskFunction_Call                        0x08003773   Thumb Code    14  ifr_tim.o(i.TaskFunction_Call)
    i.UART4_IRQHandler                       0x08003780   Section        0  stm32f1xx_it.o(i.UART4_IRQHandler)
    i.UART_DMAAbortOnError                   0x08003790   Section        0  stm32f1xx_hal_uart.o(i.UART_DMAAbortOnError)
    UART_DMAAbortOnError                     0x08003791   Thumb Code    20  stm32f1xx_hal_uart.o(i.UART_DMAAbortOnError)
    i.UART_DMAError                          0x080037a4   Section        0  stm32f1xx_hal_uart.o(i.UART_DMAError)
    UART_DMAError                            0x080037a5   Thumb Code    80  stm32f1xx_hal_uart.o(i.UART_DMAError)
    i.UART_DMAReceiveCplt                    0x080037f4   Section        0  stm32f1xx_hal_uart.o(i.UART_DMAReceiveCplt)
    UART_DMAReceiveCplt                      0x080037f5   Thumb Code   180  stm32f1xx_hal_uart.o(i.UART_DMAReceiveCplt)
    i.UART_DMARxHalfCplt                     0x080038a8   Section        0  stm32f1xx_hal_uart.o(i.UART_DMARxHalfCplt)
    UART_DMARxHalfCplt                       0x080038a9   Thumb Code    36  stm32f1xx_hal_uart.o(i.UART_DMARxHalfCplt)
    i.UART_EndRxTransfer                     0x080038cc   Section        0  stm32f1xx_hal_uart.o(i.UART_EndRxTransfer)
    UART_EndRxTransfer                       0x080038cd   Thumb Code   108  stm32f1xx_hal_uart.o(i.UART_EndRxTransfer)
    i.UART_EndTransmit_IT                    0x08003938   Section        0  stm32f1xx_hal_uart.o(i.UART_EndTransmit_IT)
    UART_EndTransmit_IT                      0x08003939   Thumb Code    32  stm32f1xx_hal_uart.o(i.UART_EndTransmit_IT)
    i.UART_EndTxTransfer                     0x08003958   Section        0  stm32f1xx_hal_uart.o(i.UART_EndTxTransfer)
    UART_EndTxTransfer                       0x08003959   Thumb Code    38  stm32f1xx_hal_uart.o(i.UART_EndTxTransfer)
    i.UART_InitCallbacksToDefault            0x08003980   Section        0  stm32f1xx_hal_uart.o(i.UART_InitCallbacksToDefault)
    i.UART_Receive_IT                        0x080039cc   Section        0  stm32f1xx_hal_uart.o(i.UART_Receive_IT)
    UART_Receive_IT                          0x080039cd   Thumb Code   252  stm32f1xx_hal_uart.o(i.UART_Receive_IT)
    i.UART_SetConfig                         0x08003ac8   Section        0  stm32f1xx_hal_uart.o(i.UART_SetConfig)
    UART_SetConfig                           0x08003ac9   Thumb Code   248  stm32f1xx_hal_uart.o(i.UART_SetConfig)
    i.UART_Start_Receive_DMA                 0x08003bc4   Section        0  stm32f1xx_hal_uart.o(i.UART_Start_Receive_DMA)
    i.UART_Transmit_IT                       0x08003c8c   Section        0  stm32f1xx_hal_uart.o(i.UART_Transmit_IT)
    UART_Transmit_IT                         0x08003c8d   Thumb Code    96  stm32f1xx_hal_uart.o(i.UART_Transmit_IT)
    i.USART1_IRQHandler                      0x08003cec   Section        0  stm32f1xx_it.o(i.USART1_IRQHandler)
    i.Uart_DoubleBuffer_Recevice             0x08003cfc   Section        0  ifr_usart.o(i.Uart_DoubleBuffer_Recevice)
    Uart_DoubleBuffer_Recevice               0x08003cfd   Thumb Code    66  ifr_usart.o(i.Uart_DoubleBuffer_Recevice)
    i.UsageFault_Handler                     0x08003d3e   Section        0  stm32f1xx_it.o(i.UsageFault_Handler)
    i.__NVIC_GetPriorityGrouping             0x08003d44   Section        0  stm32f1xx_hal_cortex.o(i.__NVIC_GetPriorityGrouping)
    __NVIC_GetPriorityGrouping               0x08003d45   Thumb Code    10  stm32f1xx_hal_cortex.o(i.__NVIC_GetPriorityGrouping)
    i.__NVIC_SetPriority                     0x08003d54   Section        0  stm32f1xx_hal_cortex.o(i.__NVIC_SetPriority)
    __NVIC_SetPriority                       0x08003d55   Thumb Code    32  stm32f1xx_hal_cortex.o(i.__NVIC_SetPriority)
    i.control_init                           0x08003d7c   Section        0  control.o(i.control_init)
    i.control_runing                         0x08003da8   Section        0  control.o(i.control_runing)
    i.main                                   0x08003dc4   Section        0  main.o(i.main)
    i.motor_all_init                         0x08003e00   Section        0  motor_control.o(i.motor_all_init)
    i.motor_control                          0x08003e58   Section        0  motor_control.o(i.motor_control)
    i.motor_dma_error_callback               0x08003ed0   Section        0  motor_control.o(i.motor_dma_error_callback)
    motor_dma_error_callback                 0x08003ed1   Thumb Code    54  motor_control.o(i.motor_dma_error_callback)
    i.motor_dma_transfer_complete_callback   0x08003f10   Section        0  motor_control.o(i.motor_dma_transfer_complete_callback)
    motor_dma_transfer_complete_callback     0x08003f11   Thumb Code   176  motor_control.o(i.motor_dma_transfer_complete_callback)
    i.motor_dma_transmit                     0x08003fd8   Section        0  motor_control.o(i.motor_dma_transmit)
    motor_dma_transmit                       0x08003fd9   Thumb Code   270  motor_control.o(i.motor_dma_transmit)
    i.motor_enable                           0x080040fc   Section        0  motor_control.o(i.motor_enable)
    i.motor_init                             0x08004140   Section        0  motor_control.o(i.motor_init)
    motor_init                               0x08004141   Thumb Code   210  motor_control.o(i.motor_init)
    i.motor_tim_config_set                   0x08004218   Section        0  motor_control.o(i.motor_tim_config_set)
    motor_tim_config_set                     0x08004219   Thumb Code   216  motor_control.o(i.motor_tim_config_set)
    i.timer_start                            0x080042f8   Section        0  ifr_tim.o(i.timer_start)
    x$fpl$fadd                               0x0800432c   Section      196  faddsub_clz.o(x$fpl$fadd)
    _fadd1                                   0x0800433b   Thumb Code     0  faddsub_clz.o(x$fpl$fadd)
    x$fpl$fdiv                               0x080043f0   Section      388  fdiv.o(x$fpl$fdiv)
    _fdiv1                                   0x080043f1   Thumb Code     0  fdiv.o(x$fpl$fdiv)
    x$fpl$ffltu                              0x08004574   Section       38  fflt_clz.o(x$fpl$ffltu)
    x$fpl$fmul                               0x0800459c   Section      258  fmul.o(x$fpl$fmul)
    x$fpl$fnaninf                            0x0800469e   Section      140  fnaninf.o(x$fpl$fnaninf)
    x$fpl$fretinf                            0x0800472a   Section       10  fretinf.o(x$fpl$fretinf)
    x$fpl$fsub                               0x08004734   Section      234  faddsub_clz.o(x$fpl$fsub)
    _fsub1                                   0x08004743   Thumb Code     0  faddsub_clz.o(x$fpl$fsub)
    .constdata                               0x0800481e   Section       18  stm32f1xx_hal_rcc.o(.constdata)
    x$fpl$usenofp                            0x0800481e   Section        0  usenofp.o(x$fpl$usenofp)
    aPLLMULFactorTable                       0x0800481e   Data          16  stm32f1xx_hal_rcc.o(.constdata)
    aPredivFactorTable                       0x0800482e   Data           2  stm32f1xx_hal_rcc.o(.constdata)
    .constdata                               0x08004830   Section       24  system_stm32f1xx.o(.constdata)
    .data                                    0x20000000   Section        9  stm32f1xx_hal.o(.data)
    .data                                    0x2000000c   Section        4  system_stm32f1xx.o(.data)
    .data                                    0x20000010   Section       16  control.o(.data)
    .data                                    0x20000020   Section       40  motor_control.o(.data)
    .bss                                     0x20000048   Section     1172  tim.o(.bss)
    .bss                                     0x200004dc   Section      512  usart.o(.bss)
    .bss                                     0x200006dc   Section    28264  motor_control.o(.bss)
    .bss                                     0x20007544   Section       60  ifr_tim.o(.bss)
    .bss                                     0x20007580   Section       44  ifr_usart.o(.bss)
    .bss                                     0x200075ac   Section       96  libspace.o(.bss)
    HEAP                                     0x20007610   Section     1024  startup_stm32f103xe.o(HEAP)
    Heap_Mem                                 0x20007610   Data        1024  startup_stm32f103xe.o(HEAP)
    STACK                                    0x20007a10   Section     1024  startup_stm32f103xe.o(STACK)
    Stack_Mem                                0x20007a10   Data        1024  startup_stm32f103xe.o(STACK)
    __initial_sp                             0x20007e10   Data           0  startup_stm32f103xe.o(STACK)

    Global Symbols

    Symbol Name                              Value     Ov Type        Size  Object(Section)

    BuildAttributes$$THM_ISAv4$P$D$K$B$S$PE$A:L22UL41UL21$X:L11$S22US41US21$IEEE1$IW$USESV6$~STKCKD$USESV7$~SHL$OTIME$ROPI$IEEEJ$EBA8$UX$STANDARDLIB$REQ8$PRES8$EABIv2 0x00000000   Number         0  anon$$obj.o ABSOLUTE
    __ARM_use_no_argv                        0x00000000   Number         0  main.o ABSOLUTE
    __ARM_exceptions_init                     - Undefined Weak Reference
    __alloca_initialize                       - Undefined Weak Reference
    __arm_preinit_                            - Undefined Weak Reference
    __cpp_initialize__aeabi_                  - Undefined Weak Reference
    __cxa_finalize                            - Undefined Weak Reference
    __rt_locale                               - Undefined Weak Reference
    __sigvec_lookup                           - Undefined Weak Reference
    _atexit_init                              - Undefined Weak Reference
    _call_atexit_fns                          - Undefined Weak Reference
    _clock_init                               - Undefined Weak Reference
    _fp_trap_init                             - Undefined Weak Reference
    _fp_trap_shutdown                         - Undefined Weak Reference
    _get_lc_collate                           - Undefined Weak Reference
    _get_lc_ctype                             - Undefined Weak Reference
    _get_lc_monetary                          - Undefined Weak Reference
    _get_lc_numeric                           - Undefined Weak Reference
    _get_lc_time                              - Undefined Weak Reference
    _getenv_init                              - Undefined Weak Reference
    _handle_redirection                       - Undefined Weak Reference
    _init_alloc                               - Undefined Weak Reference
    _init_user_alloc                          - Undefined Weak Reference
    _initio                                   - Undefined Weak Reference
    _rand_init                                - Undefined Weak Reference
    _signal_finish                            - Undefined Weak Reference
    _signal_init                              - Undefined Weak Reference
    _terminate_alloc                          - Undefined Weak Reference
    _terminate_user_alloc                     - Undefined Weak Reference
    _terminateio                              - Undefined Weak Reference
    __Vectors_Size                           0x00000130   Number         0  startup_stm32f103xe.o ABSOLUTE
    __Vectors                                0x08000000   Data           4  startup_stm32f103xe.o(RESET)
    __Vectors_End                            0x08000130   Data           0  startup_stm32f103xe.o(RESET)
    __main                                   0x08000131   Thumb Code     8  __main.o(!!!main)
    __scatterload                            0x08000139   Thumb Code     0  __scatter.o(!!!scatter)
    __scatterload_rt2                        0x08000139   Thumb Code    44  __scatter.o(!!!scatter)
    __scatterload_rt2_thumb_only             0x08000139   Thumb Code     0  __scatter.o(!!!scatter)
    __scatterload_null                       0x08000147   Thumb Code     0  __scatter.o(!!!scatter)
    __scatterload_copy                       0x0800016d   Thumb Code    26  __scatter_copy.o(!!handler_copy)
    __scatterload_zeroinit                   0x08000189   Thumb Code    28  __scatter_zi.o(!!handler_zi)
    __rt_lib_init                            0x080001a5   Thumb Code     0  libinit.o(.ARM.Collect$$libinit$$00000000)
    __rt_lib_init_alloca_1                   0x080001a7   Thumb Code     0  libinit2.o(.ARM.Collect$$libinit$$0000002E)
    __rt_lib_init_argv_1                     0x080001a7   Thumb Code     0  libinit2.o(.ARM.Collect$$libinit$$0000002C)
    __rt_lib_init_atexit_1                   0x080001a7   Thumb Code     0  libinit2.o(.ARM.Collect$$libinit$$0000001B)
    __rt_lib_init_clock_1                    0x080001a7   Thumb Code     0  libinit2.o(.ARM.Collect$$libinit$$00000021)
    __rt_lib_init_cpp_1                      0x080001a7   Thumb Code     0  libinit2.o(.ARM.Collect$$libinit$$00000032)
    __rt_lib_init_exceptions_1               0x080001a7   Thumb Code     0  libinit2.o(.ARM.Collect$$libinit$$00000030)
    __rt_lib_init_fp_1                       0x080001a7   Thumb Code     0  libinit2.o(.ARM.Collect$$libinit$$00000002)
    __rt_lib_init_fp_trap_1                  0x080001a7   Thumb Code     0  libinit2.o(.ARM.Collect$$libinit$$0000001F)
    __rt_lib_init_getenv_1                   0x080001a7   Thumb Code     0  libinit2.o(.ARM.Collect$$libinit$$00000023)
    __rt_lib_init_heap_1                     0x080001a7   Thumb Code     0  libinit2.o(.ARM.Collect$$libinit$$0000000A)
    __rt_lib_init_lc_collate_1               0x080001a7   Thumb Code     0  libinit2.o(.ARM.Collect$$libinit$$00000011)
    __rt_lib_init_lc_ctype_1                 0x080001a7   Thumb Code     0  libinit2.o(.ARM.Collect$$libinit$$00000013)
    __rt_lib_init_lc_monetary_1              0x080001a7   Thumb Code     0  libinit2.o(.ARM.Collect$$libinit$$00000015)
    __rt_lib_init_lc_numeric_1               0x080001a7   Thumb Code     0  libinit2.o(.ARM.Collect$$libinit$$00000017)
    __rt_lib_init_lc_time_1                  0x080001a7   Thumb Code     0  libinit2.o(.ARM.Collect$$libinit$$00000019)
    __rt_lib_init_preinit_1                  0x080001a7   Thumb Code     0  libinit2.o(.ARM.Collect$$libinit$$00000004)
    __rt_lib_init_rand_1                     0x080001a7   Thumb Code     0  libinit2.o(.ARM.Collect$$libinit$$0000000E)
    __rt_lib_init_return                     0x080001a7   Thumb Code     0  libinit2.o(.ARM.Collect$$libinit$$00000033)
    __rt_lib_init_signal_1                   0x080001a7   Thumb Code     0  libinit2.o(.ARM.Collect$$libinit$$0000001D)
    __rt_lib_init_stdio_1                    0x080001a7   Thumb Code     0  libinit2.o(.ARM.Collect$$libinit$$00000025)
    __rt_lib_init_user_alloc_1               0x080001a7   Thumb Code     0  libinit2.o(.ARM.Collect$$libinit$$0000000C)
    __rt_lib_shutdown                        0x080001a9   Thumb Code     0  libshutdown.o(.ARM.Collect$$libshutdown$$00000000)
    __rt_lib_shutdown_cpp_1                  0x080001ab   Thumb Code     0  libshutdown2.o(.ARM.Collect$$libshutdown$$00000002)
    __rt_lib_shutdown_fp_trap_1              0x080001ab   Thumb Code     0  libshutdown2.o(.ARM.Collect$$libshutdown$$00000007)
    __rt_lib_shutdown_heap_1                 0x080001ab   Thumb Code     0  libshutdown2.o(.ARM.Collect$$libshutdown$$0000000F)
    __rt_lib_shutdown_return                 0x080001ab   Thumb Code     0  libshutdown2.o(.ARM.Collect$$libshutdown$$00000010)
    __rt_lib_shutdown_signal_1               0x080001ab   Thumb Code     0  libshutdown2.o(.ARM.Collect$$libshutdown$$0000000A)
    __rt_lib_shutdown_stdio_1                0x080001ab   Thumb Code     0  libshutdown2.o(.ARM.Collect$$libshutdown$$00000004)
    __rt_lib_shutdown_user_alloc_1           0x080001ab   Thumb Code     0  libshutdown2.o(.ARM.Collect$$libshutdown$$0000000C)
    __rt_entry                               0x080001ad   Thumb Code     0  __rtentry.o(.ARM.Collect$$rtentry$$00000000)
    __rt_entry_presh_1                       0x080001ad   Thumb Code     0  __rtentry2.o(.ARM.Collect$$rtentry$$00000002)
    __rt_entry_sh                            0x080001ad   Thumb Code     0  __rtentry4.o(.ARM.Collect$$rtentry$$00000004)
    __rt_entry_li                            0x080001b3   Thumb Code     0  __rtentry2.o(.ARM.Collect$$rtentry$$0000000A)
    __rt_entry_postsh_1                      0x080001b3   Thumb Code     0  __rtentry2.o(.ARM.Collect$$rtentry$$00000009)
    __rt_entry_main                          0x080001b7   Thumb Code     0  __rtentry2.o(.ARM.Collect$$rtentry$$0000000D)
    __rt_entry_postli_1                      0x080001b7   Thumb Code     0  __rtentry2.o(.ARM.Collect$$rtentry$$0000000C)
    __rt_exit                                0x080001bf   Thumb Code     0  rtexit.o(.ARM.Collect$$rtexit$$00000000)
    __rt_exit_ls                             0x080001c1   Thumb Code     0  rtexit2.o(.ARM.Collect$$rtexit$$00000003)
    __rt_exit_prels_1                        0x080001c1   Thumb Code     0  rtexit2.o(.ARM.Collect$$rtexit$$00000002)
    __rt_exit_exit                           0x080001c5   Thumb Code     0  rtexit2.o(.ARM.Collect$$rtexit$$00000004)
    Reset_Handler                            0x080001cd   Thumb Code     8  startup_stm32f103xe.o(.text)
    ADC1_2_IRQHandler                        0x080001e7   Thumb Code     0  startup_stm32f103xe.o(.text)
    ADC3_IRQHandler                          0x080001e7   Thumb Code     0  startup_stm32f103xe.o(.text)
    CAN1_RX1_IRQHandler                      0x080001e7   Thumb Code     0  startup_stm32f103xe.o(.text)
    CAN1_SCE_IRQHandler                      0x080001e7   Thumb Code     0  startup_stm32f103xe.o(.text)
    DMA1_Channel1_IRQHandler                 0x080001e7   Thumb Code     0  startup_stm32f103xe.o(.text)
    DMA1_Channel6_IRQHandler                 0x080001e7   Thumb Code     0  startup_stm32f103xe.o(.text)
    DMA2_Channel1_IRQHandler                 0x080001e7   Thumb Code     0  startup_stm32f103xe.o(.text)
    EXTI0_IRQHandler                         0x080001e7   Thumb Code     0  startup_stm32f103xe.o(.text)
    EXTI15_10_IRQHandler                     0x080001e7   Thumb Code     0  startup_stm32f103xe.o(.text)
    EXTI1_IRQHandler                         0x080001e7   Thumb Code     0  startup_stm32f103xe.o(.text)
    EXTI2_IRQHandler                         0x080001e7   Thumb Code     0  startup_stm32f103xe.o(.text)
    EXTI3_IRQHandler                         0x080001e7   Thumb Code     0  startup_stm32f103xe.o(.text)
    EXTI4_IRQHandler                         0x080001e7   Thumb Code     0  startup_stm32f103xe.o(.text)
    EXTI9_5_IRQHandler                       0x080001e7   Thumb Code     0  startup_stm32f103xe.o(.text)
    FLASH_IRQHandler                         0x080001e7   Thumb Code     0  startup_stm32f103xe.o(.text)
    FSMC_IRQHandler                          0x080001e7   Thumb Code     0  startup_stm32f103xe.o(.text)
    I2C1_ER_IRQHandler                       0x080001e7   Thumb Code     0  startup_stm32f103xe.o(.text)
    I2C1_EV_IRQHandler                       0x080001e7   Thumb Code     0  startup_stm32f103xe.o(.text)
    I2C2_ER_IRQHandler                       0x080001e7   Thumb Code     0  startup_stm32f103xe.o(.text)
    I2C2_EV_IRQHandler                       0x080001e7   Thumb Code     0  startup_stm32f103xe.o(.text)
    PVD_IRQHandler                           0x080001e7   Thumb Code     0  startup_stm32f103xe.o(.text)
    RCC_IRQHandler                           0x080001e7   Thumb Code     0  startup_stm32f103xe.o(.text)
    RTC_Alarm_IRQHandler                     0x080001e7   Thumb Code     0  startup_stm32f103xe.o(.text)
    RTC_IRQHandler                           0x080001e7   Thumb Code     0  startup_stm32f103xe.o(.text)
    SDIO_IRQHandler                          0x080001e7   Thumb Code     0  startup_stm32f103xe.o(.text)
    SPI1_IRQHandler                          0x080001e7   Thumb Code     0  startup_stm32f103xe.o(.text)
    SPI2_IRQHandler                          0x080001e7   Thumb Code     0  startup_stm32f103xe.o(.text)
    SPI3_IRQHandler                          0x080001e7   Thumb Code     0  startup_stm32f103xe.o(.text)
    TAMPER_IRQHandler                        0x080001e7   Thumb Code     0  startup_stm32f103xe.o(.text)
    TIM1_BRK_IRQHandler                      0x080001e7   Thumb Code     0  startup_stm32f103xe.o(.text)
    TIM1_CC_IRQHandler                       0x080001e7   Thumb Code     0  startup_stm32f103xe.o(.text)
    TIM1_TRG_COM_IRQHandler                  0x080001e7   Thumb Code     0  startup_stm32f103xe.o(.text)
    TIM1_UP_IRQHandler                       0x080001e7   Thumb Code     0  startup_stm32f103xe.o(.text)
    TIM2_IRQHandler                          0x080001e7   Thumb Code     0  startup_stm32f103xe.o(.text)
    TIM3_IRQHandler                          0x080001e7   Thumb Code     0  startup_stm32f103xe.o(.text)
    TIM4_IRQHandler                          0x080001e7   Thumb Code     0  startup_stm32f103xe.o(.text)
    TIM5_IRQHandler                          0x080001e7   Thumb Code     0  startup_stm32f103xe.o(.text)
    TIM7_IRQHandler                          0x080001e7   Thumb Code     0  startup_stm32f103xe.o(.text)
    TIM8_BRK_IRQHandler                      0x080001e7   Thumb Code     0  startup_stm32f103xe.o(.text)
    TIM8_CC_IRQHandler                       0x080001e7   Thumb Code     0  startup_stm32f103xe.o(.text)
    TIM8_TRG_COM_IRQHandler                  0x080001e7   Thumb Code     0  startup_stm32f103xe.o(.text)
    TIM8_UP_IRQHandler                       0x080001e7   Thumb Code     0  startup_stm32f103xe.o(.text)
    UART5_IRQHandler                         0x080001e7   Thumb Code     0  startup_stm32f103xe.o(.text)
    USART2_IRQHandler                        0x080001e7   Thumb Code     0  startup_stm32f103xe.o(.text)
    USART3_IRQHandler                        0x080001e7   Thumb Code     0  startup_stm32f103xe.o(.text)
    USBWakeUp_IRQHandler                     0x080001e7   Thumb Code     0  startup_stm32f103xe.o(.text)
    USB_HP_CAN1_TX_IRQHandler                0x080001e7   Thumb Code     0  startup_stm32f103xe.o(.text)
    USB_LP_CAN1_RX0_IRQHandler               0x080001e7   Thumb Code     0  startup_stm32f103xe.o(.text)
    WWDG_IRQHandler                          0x080001e7   Thumb Code     0  startup_stm32f103xe.o(.text)
    __user_initial_stackheap                 0x080001e9   Thumb Code     0  startup_stm32f103xe.o(.text)
    __aeabi_memclr                           0x0800020d   Thumb Code     0  rt_memclr.o(.text)
    __rt_memclr                              0x0800020d   Thumb Code    68  rt_memclr.o(.text)
    _memset                                  0x08000211   Thumb Code     0  rt_memclr.o(.text)
    __aeabi_memclr4                          0x08000251   Thumb Code     0  rt_memclr_w.o(.text)
    __aeabi_memclr8                          0x08000251   Thumb Code     0  rt_memclr_w.o(.text)
    __rt_memclr_w                            0x08000251   Thumb Code    78  rt_memclr_w.o(.text)
    _memset_w                                0x08000255   Thumb Code     0  rt_memclr_w.o(.text)
    __use_two_region_memory                  0x0800029f   Thumb Code     2  heapauxi.o(.text)
    __rt_heap_escrow$2region                 0x080002a1   Thumb Code     2  heapauxi.o(.text)
    __rt_heap_expand$2region                 0x080002a3   Thumb Code     2  heapauxi.o(.text)
    __user_libspace                          0x080002a5   Thumb Code     8  libspace.o(.text)
    __user_perproc_libspace                  0x080002a5   Thumb Code     0  libspace.o(.text)
    __user_perthread_libspace                0x080002a5   Thumb Code     0  libspace.o(.text)
    __user_setup_stackheap                   0x080002ad   Thumb Code    74  sys_stackheap_outer.o(.text)
    exit                                     0x080002f7   Thumb Code    18  exit.o(.text)
    _sys_exit                                0x08000309   Thumb Code     8  sys_exit.o(.text)
    __I$use$semihosting                      0x08000315   Thumb Code     0  use_no_semi.o(.text)
    __use_no_semihosting_swi                 0x08000315   Thumb Code     2  use_no_semi.o(.text)
    BusFault_Handler                         0x08000317   Thumb Code     4  stm32f1xx_it.o(i.BusFault_Handler)
    __semihosting_library_function           0x08000317   Thumb Code     0  indicate_semi.o(.text)
    DMA1_Channel2_IRQHandler                 0x0800031d   Thumb Code    10  stm32f1xx_it.o(i.DMA1_Channel2_IRQHandler)
    DMA1_Channel3_IRQHandler                 0x0800032d   Thumb Code    10  stm32f1xx_it.o(i.DMA1_Channel3_IRQHandler)
    DMA1_Channel4_IRQHandler                 0x0800033d   Thumb Code    10  stm32f1xx_it.o(i.DMA1_Channel4_IRQHandler)
    DMA1_Channel5_IRQHandler                 0x0800034d   Thumb Code    10  stm32f1xx_it.o(i.DMA1_Channel5_IRQHandler)
    DMA1_Channel7_IRQHandler                 0x0800035d   Thumb Code    10  stm32f1xx_it.o(i.DMA1_Channel7_IRQHandler)
    DMA2_Channel2_IRQHandler                 0x0800036d   Thumb Code    10  stm32f1xx_it.o(i.DMA2_Channel2_IRQHandler)
    DMA2_Channel3_IRQHandler                 0x0800037d   Thumb Code    10  stm32f1xx_it.o(i.DMA2_Channel3_IRQHandler)
    DMA2_Channel4_5_IRQHandler               0x0800038d   Thumb Code    10  stm32f1xx_it.o(i.DMA2_Channel4_5_IRQHandler)
    DebugMon_Handler                         0x080003c9   Thumb Code     2  stm32f1xx_it.o(i.DebugMon_Handler)
    Error_Handler                            0x080003cb   Thumb Code     6  main.o(i.Error_Handler)
    HAL_DMA_Abort                            0x080003d1   Thumb Code    86  stm32f1xx_hal_dma.o(i.HAL_DMA_Abort)
    HAL_DMA_Abort_IT                         0x08000429   Thumb Code   414  stm32f1xx_hal_dma.o(i.HAL_DMA_Abort_IT)
    HAL_DMA_DeInit                           0x080005d1   Thumb Code   132  stm32f1xx_hal_dma.o(i.HAL_DMA_DeInit)
    HAL_DMA_IRQHandler                       0x0800065d   Thumb Code   910  stm32f1xx_hal_dma.o(i.HAL_DMA_IRQHandler)
    HAL_DMA_Init                             0x080009f5   Thumb Code   132  stm32f1xx_hal_dma.o(i.HAL_DMA_Init)
    HAL_DMA_RegisterCallback                 0x08000a81   Thumb Code    90  stm32f1xx_hal_dma.o(i.HAL_DMA_RegisterCallback)
    HAL_DMA_Start_IT                         0x08000adb   Thumb Code   156  stm32f1xx_hal_dma.o(i.HAL_DMA_Start_IT)
    HAL_Delay                                0x08000b79   Thumb Code    36  stm32f1xx_hal.o(i.HAL_Delay)
    HAL_GPIO_DeInit                          0x08000ba1   Thumb Code   308  stm32f1xx_hal_gpio.o(i.HAL_GPIO_DeInit)
    HAL_GPIO_Init                            0x08000cf5   Thumb Code   792  stm32f1xx_hal_gpio.o(i.HAL_GPIO_Init)
    HAL_GPIO_TogglePin                       0x08001035   Thumb Code    20  stm32f1xx_hal_gpio.o(i.HAL_GPIO_TogglePin)
    HAL_GPIO_WritePin                        0x08001049   Thumb Code    12  stm32f1xx_hal_gpio.o(i.HAL_GPIO_WritePin)
    HAL_GetTick                              0x08001055   Thumb Code     6  stm32f1xx_hal.o(i.HAL_GetTick)
    HAL_IncTick                              0x08001061   Thumb Code    16  stm32f1xx_hal.o(i.HAL_IncTick)
    HAL_Init                                 0x08001079   Thumb Code    34  stm32f1xx_hal.o(i.HAL_Init)
    HAL_InitTick                             0x080010a1   Thumb Code    64  stm32f1xx_hal.o(i.HAL_InitTick)
    HAL_MspInit                              0x080010ed   Thumb Code    76  stm32f1xx_hal_msp.o(i.HAL_MspInit)
    HAL_NVIC_DisableIRQ                      0x08001141   Thumb Code    62  stm32f1xx_hal_cortex.o(i.HAL_NVIC_DisableIRQ)
    HAL_NVIC_EnableIRQ                       0x08001185   Thumb Code    32  stm32f1xx_hal_cortex.o(i.HAL_NVIC_EnableIRQ)
    HAL_NVIC_SetPriority                     0x080011a5   Thumb Code   124  stm32f1xx_hal_cortex.o(i.HAL_NVIC_SetPriority)
    HAL_NVIC_SetPriorityGrouping             0x08001221   Thumb Code    32  stm32f1xx_hal_cortex.o(i.HAL_NVIC_SetPriorityGrouping)
    HAL_RCC_ClockConfig                      0x08001249   Thumb Code   376  stm32f1xx_hal_rcc.o(i.HAL_RCC_ClockConfig)
    HAL_RCC_GetHCLKFreq                      0x080013d5   Thumb Code     6  stm32f1xx_hal_rcc.o(i.HAL_RCC_GetHCLKFreq)
    HAL_RCC_GetPCLK1Freq                     0x080013e1   Thumb Code    22  stm32f1xx_hal_rcc.o(i.HAL_RCC_GetPCLK1Freq)
    HAL_RCC_GetPCLK2Freq                     0x08001401   Thumb Code    22  stm32f1xx_hal_rcc.o(i.HAL_RCC_GetPCLK2Freq)
    HAL_RCC_GetSysClockFreq                  0x08001421   Thumb Code    92  stm32f1xx_hal_rcc.o(i.HAL_RCC_GetSysClockFreq)
    HAL_RCC_OscConfig                        0x08001491   Thumb Code  1114  stm32f1xx_hal_rcc.o(i.HAL_RCC_OscConfig)
    HAL_SYSTICK_Config                       0x080018f5   Thumb Code    52  stm32f1xx_hal_cortex.o(i.HAL_SYSTICK_Config)
    HAL_TIMEx_BreakCallback                  0x08001929   Thumb Code     2  stm32f1xx_hal_tim_ex.o(i.HAL_TIMEx_BreakCallback)
    HAL_TIMEx_CommutCallback                 0x0800192b   Thumb Code     2  stm32f1xx_hal_tim_ex.o(i.HAL_TIMEx_CommutCallback)
    HAL_TIMEx_CommutHalfCpltCallback         0x0800192d   Thumb Code     2  stm32f1xx_hal_tim_ex.o(i.HAL_TIMEx_CommutHalfCpltCallback)
    HAL_TIMEx_MasterConfigSynchronization    0x08001931   Thumb Code   134  stm32f1xx_hal_tim_ex.o(i.HAL_TIMEx_MasterConfigSynchronization)
    HAL_TIM_Base_Init                        0x080019cd   Thumb Code   116  stm32f1xx_hal_tim.o(i.HAL_TIM_Base_Init)
    HAL_TIM_Base_MspInit                     0x08001a45   Thumb Code   458  tim.o(i.HAL_TIM_Base_MspInit)
    HAL_TIM_Base_Start                       0x08001c3d   Thumb Code   110  stm32f1xx_hal_tim.o(i.HAL_TIM_Base_Start)
    HAL_TIM_Base_Start_IT                    0x08001cc1   Thumb Code   122  stm32f1xx_hal_tim.o(i.HAL_TIM_Base_Start_IT)
    HAL_TIM_ConfigClockSource                0x08001d51   Thumb Code   268  stm32f1xx_hal_tim.o(i.HAL_TIM_ConfigClockSource)
    HAL_TIM_ErrorCallback                    0x08001e5d   Thumb Code     2  stm32f1xx_hal_tim.o(i.HAL_TIM_ErrorCallback)
    HAL_TIM_IC_CaptureCallback               0x08001e5f   Thumb Code     2  stm32f1xx_hal_tim.o(i.HAL_TIM_IC_CaptureCallback)
    HAL_TIM_IC_CaptureHalfCpltCallback       0x08001e61   Thumb Code     2  stm32f1xx_hal_tim.o(i.HAL_TIM_IC_CaptureHalfCpltCallback)
    HAL_TIM_IRQHandler                       0x08001e63   Thumb Code   438  stm32f1xx_hal_tim.o(i.HAL_TIM_IRQHandler)
    HAL_TIM_MspPostInit                      0x08002019   Thumb Code   260  tim.o(i.HAL_TIM_MspPostInit)
    HAL_TIM_OC_ConfigChannel                 0x08002139   Thumb Code   112  stm32f1xx_hal_tim.o(i.HAL_TIM_OC_ConfigChannel)
    HAL_TIM_OC_DelayElapsedCallback          0x080021a9   Thumb Code     2  stm32f1xx_hal_tim.o(i.HAL_TIM_OC_DelayElapsedCallback)
    HAL_TIM_OC_Start                         0x080021ad   Thumb Code   222  stm32f1xx_hal_tim.o(i.HAL_TIM_OC_Start)
    HAL_TIM_OC_Stop                          0x080022a1   Thumb Code   160  stm32f1xx_hal_tim.o(i.HAL_TIM_OC_Stop)
    HAL_TIM_PWM_ConfigChannel                0x08002349   Thumb Code   260  stm32f1xx_hal_tim.o(i.HAL_TIM_PWM_ConfigChannel)
    HAL_TIM_PWM_Init                         0x0800244d   Thumb Code   116  stm32f1xx_hal_tim.o(i.HAL_TIM_PWM_Init)
    HAL_TIM_PWM_MspInit                      0x080024c5   Thumb Code     2  stm32f1xx_hal_tim.o(i.HAL_TIM_PWM_MspInit)
    HAL_TIM_PWM_PulseFinishedCallback        0x080024c7   Thumb Code     2  stm32f1xx_hal_tim.o(i.HAL_TIM_PWM_PulseFinishedCallback)
    HAL_TIM_PWM_PulseFinishedHalfCpltCallback 0x080024c9   Thumb Code     2  stm32f1xx_hal_tim.o(i.HAL_TIM_PWM_PulseFinishedHalfCpltCallback)
    HAL_TIM_PeriodElapsedCallback            0x080024cb   Thumb Code     2  stm32f1xx_hal_tim.o(i.HAL_TIM_PeriodElapsedCallback)
    HAL_TIM_PeriodElapsedHalfCpltCallback    0x080024cd   Thumb Code     2  stm32f1xx_hal_tim.o(i.HAL_TIM_PeriodElapsedHalfCpltCallback)
    HAL_TIM_RegisterCallback                 0x080024cf   Thumb Code   292  stm32f1xx_hal_tim.o(i.HAL_TIM_RegisterCallback)
    HAL_TIM_TriggerCallback                  0x080025f3   Thumb Code     2  stm32f1xx_hal_tim.o(i.HAL_TIM_TriggerCallback)
    HAL_TIM_TriggerHalfCpltCallback          0x080025f5   Thumb Code     2  stm32f1xx_hal_tim.o(i.HAL_TIM_TriggerHalfCpltCallback)
    HAL_UARTEx_ReceiveToIdle_DMA             0x080025f7   Thumb Code   114  stm32f1xx_hal_uart.o(i.HAL_UARTEx_ReceiveToIdle_DMA)
    HAL_UARTEx_RxEventCallback               0x08002669   Thumb Code     2  stm32f1xx_hal_uart.o(i.HAL_UARTEx_RxEventCallback)
    HAL_UART_AbortCpltCallback               0x0800266b   Thumb Code     2  stm32f1xx_hal_uart.o(i.HAL_UART_AbortCpltCallback)
    HAL_UART_AbortReceiveCpltCallback        0x0800266d   Thumb Code     2  stm32f1xx_hal_uart.o(i.HAL_UART_AbortReceiveCpltCallback)
    HAL_UART_AbortTransmitCpltCallback       0x0800266f   Thumb Code     2  stm32f1xx_hal_uart.o(i.HAL_UART_AbortTransmitCpltCallback)
    HAL_UART_ErrorCallback                   0x08002671   Thumb Code    32  ifr_usart.o(i.HAL_UART_ErrorCallback)
    HAL_UART_IRQHandler                      0x08002695   Thumb Code   736  stm32f1xx_hal_uart.o(i.HAL_UART_IRQHandler)
    HAL_UART_Init                            0x08002979   Thumb Code   132  stm32f1xx_hal_uart.o(i.HAL_UART_Init)
    HAL_UART_MspDeInit                       0x08002a01   Thumb Code   104  usart.o(i.HAL_UART_MspDeInit)
    HAL_UART_MspInit                         0x08002a7d   Thumb Code   466  usart.o(i.HAL_UART_MspInit)
    HAL_UART_RegisterRxEventCallback         0x08002c7d   Thumb Code    76  stm32f1xx_hal_uart.o(i.HAL_UART_RegisterRxEventCallback)
    HAL_UART_RxCpltCallback                  0x08002cc9   Thumb Code     2  stm32f1xx_hal_uart.o(i.HAL_UART_RxCpltCallback)
    HAL_UART_RxHalfCpltCallback              0x08002ccb   Thumb Code     2  stm32f1xx_hal_uart.o(i.HAL_UART_RxHalfCpltCallback)
    HAL_UART_TxCpltCallback                  0x08002ccd   Thumb Code     2  stm32f1xx_hal_uart.o(i.HAL_UART_TxCpltCallback)
    HAL_UART_TxHalfCpltCallback              0x08002ccf   Thumb Code     2  stm32f1xx_hal_uart.o(i.HAL_UART_TxHalfCpltCallback)
    HardFault_Handler                        0x08002cd1   Thumb Code     4  stm32f1xx_it.o(i.HardFault_Handler)
    IFR_UART_Rx_Callback                     0x08002d59   Thumb Code    36  ifr_usart.o(i.IFR_UART_Rx_Callback)
    MX_DMA_Init                              0x08002df5   Thumb Code   186  dma.o(i.MX_DMA_Init)
    MX_GPIO_Init                             0x08002eb5   Thumb Code   250  gpio.o(i.MX_GPIO_Init)
    MX_TIM2_Init                             0x08002fc1   Thumb Code   152  tim.o(i.MX_TIM2_Init)
    MX_TIM3_Init                             0x0800305d   Thumb Code   156  tim.o(i.MX_TIM3_Init)
    MX_TIM4_Init                             0x08003101   Thumb Code   154  tim.o(i.MX_TIM4_Init)
    MX_TIM5_Init                             0x080031a5   Thumb Code   154  tim.o(i.MX_TIM5_Init)
    MX_TIM6_Init                             0x08003249   Thumb Code    66  tim.o(i.MX_TIM6_Init)
    MX_UART4_Init                            0x08003295   Thumb Code    46  usart.o(i.MX_UART4_Init)
    MX_USART1_UART_Init                      0x080032cd   Thumb Code    46  usart.o(i.MX_USART1_UART_Init)
    MemManage_Handler                        0x08003305   Thumb Code     4  stm32f1xx_it.o(i.MemManage_Handler)
    NMI_Handler                              0x08003309   Thumb Code     4  stm32f1xx_it.o(i.NMI_Handler)
    PendSV_Handler                           0x0800330d   Thumb Code     2  stm32f1xx_it.o(i.PendSV_Handler)
    SVC_Handler                              0x08003339   Thumb Code     2  stm32f1xx_it.o(i.SVC_Handler)
    SysTick_Handler                          0x0800336b   Thumb Code     8  stm32f1xx_it.o(i.SysTick_Handler)
    SystemClock_Config                       0x08003373   Thumb Code   106  main.o(i.SystemClock_Config)
    SystemInit                               0x080033dd   Thumb Code     2  system_stm32f1xx.o(i.SystemInit)
    TIM6_IRQHandler                          0x080033e1   Thumb Code    10  stm32f1xx_it.o(i.TIM6_IRQHandler)
    TIM_Base_SetConfig                       0x080033f1   Thumb Code   134  stm32f1xx_hal_tim.o(i.TIM_Base_SetConfig)
    TIM_CCxChannelCmd                        0x0800348d   Thumb Code    34  stm32f1xx_hal_tim.o(i.TIM_CCxChannelCmd)
    TIM_ETR_SetConfig                        0x080034af   Thumb Code    22  stm32f1xx_hal_tim.o(i.TIM_ETR_SetConfig)
    TIM_OC2_SetConfig                        0x08003549   Thumb Code   114  stm32f1xx_hal_tim.o(i.TIM_OC2_SetConfig)
    TIM_Overflow_Callback                    0x08003691   Thumb Code    32  ifr_tim.o(i.TIM_Overflow_Callback)
    TIM_ResetCallback                        0x080036b5   Thumb Code    58  stm32f1xx_hal_tim.o(i.TIM_ResetCallback)
    UART4_IRQHandler                         0x08003781   Thumb Code    10  stm32f1xx_it.o(i.UART4_IRQHandler)
    UART_InitCallbacksToDefault              0x08003981   Thumb Code    38  stm32f1xx_hal_uart.o(i.UART_InitCallbacksToDefault)
    UART_Start_Receive_DMA                   0x08003bc5   Thumb Code   186  stm32f1xx_hal_uart.o(i.UART_Start_Receive_DMA)
    USART1_IRQHandler                        0x08003ced   Thumb Code    10  stm32f1xx_it.o(i.USART1_IRQHandler)
    UsageFault_Handler                       0x08003d3f   Thumb Code     4  stm32f1xx_it.o(i.UsageFault_Handler)
    control_init                             0x08003d7d   Thumb Code    28  control.o(i.control_init)
    control_runing                           0x08003da9   Thumb Code    24  control.o(i.control_runing)
    main                                     0x08003dc5   Thumb Code    58  main.o(i.main)
    motor_all_init                           0x08003e01   Thumb Code    68  motor_control.o(i.motor_all_init)
    motor_control                            0x08003e59   Thumb Code   108  motor_control.o(i.motor_control)
    motor_enable                             0x080040fd   Thumb Code    62  motor_control.o(i.motor_enable)
    timer_start                              0x080042f9   Thumb Code    42  ifr_tim.o(i.timer_start)
    __aeabi_fadd                             0x0800432d   Thumb Code     0  faddsub_clz.o(x$fpl$fadd)
    _fadd                                    0x0800432d   Thumb Code   196  faddsub_clz.o(x$fpl$fadd)
    __aeabi_fdiv                             0x080043f1   Thumb Code     0  fdiv.o(x$fpl$fdiv)
    _fdiv                                    0x080043f1   Thumb Code   384  fdiv.o(x$fpl$fdiv)
    __aeabi_ui2f                             0x08004575   Thumb Code     0  fflt_clz.o(x$fpl$ffltu)
    _ffltu                                   0x08004575   Thumb Code    38  fflt_clz.o(x$fpl$ffltu)
    __aeabi_fmul                             0x0800459d   Thumb Code     0  fmul.o(x$fpl$fmul)
    _fmul                                    0x0800459d   Thumb Code   258  fmul.o(x$fpl$fmul)
    __fpl_fnaninf                            0x0800469f   Thumb Code   140  fnaninf.o(x$fpl$fnaninf)
    __fpl_fretinf                            0x0800472b   Thumb Code    10  fretinf.o(x$fpl$fretinf)
    __aeabi_fsub                             0x08004735   Thumb Code     0  faddsub_clz.o(x$fpl$fsub)
    _fsub                                    0x08004735   Thumb Code   234  faddsub_clz.o(x$fpl$fsub)
    __I$use$fp                               0x0800481e   Number         0  usenofp.o(x$fpl$usenofp)
    AHBPrescTable                            0x08004830   Data          16  system_stm32f1xx.o(.constdata)
    APBPrescTable                            0x08004840   Data           8  system_stm32f1xx.o(.constdata)
    Region$$Table$$Base                      0x08004848   Number         0  anon$$obj.o(Region$$Table)
    Region$$Table$$Limit                     0x08004868   Number         0  anon$$obj.o(Region$$Table)
    uwTick                                   0x20000000   Data           4  stm32f1xx_hal.o(.data)
    uwTickPrio                               0x20000004   Data           4  stm32f1xx_hal.o(.data)
    uwTickFreq                               0x20000008   Data           1  stm32f1xx_hal.o(.data)
    SystemCoreClock                          0x2000000c   Data           4  system_stm32f1xx.o(.data)
    target_motor_speed                       0x20000010   Data           8  control.o(.data)
    tim_6                                    0x20000018   Data           8  control.o(.data)
    now_speed                                0x20000020   Data           4  motor_control.o(.data)
    target_arr                               0x20000024   Data           2  motor_control.o(.data)
    start                                    0x20000026   Data           1  motor_control.o(.data)
    ARR_2                                    0x20000028   Data           4  motor_control.o(.data)
    resolution                               0x2000002c   Data           4  motor_control.o(.data)
    MIN_SPEED                                0x20000030   Data           4  motor_control.o(.data)
    num_3                                    0x20000034   Data           4  motor_control.o(.data)
    ARR_1                                    0x20000038   Data           4  motor_control.o(.data)
    num_2                                    0x2000003c   Data           4  motor_control.o(.data)
    num_1                                    0x20000040   Data           4  motor_control.o(.data)
    flag_error                               0x20000044   Data           4  motor_control.o(.data)
    htim2                                    0x20000048   Data         180  tim.o(.bss)
    htim3                                    0x200000fc   Data         180  tim.o(.bss)
    htim4                                    0x200001b0   Data         180  tim.o(.bss)
    htim5                                    0x20000264   Data         180  tim.o(.bss)
    htim6                                    0x20000318   Data         180  tim.o(.bss)
    hdma_tim2_up                             0x200003cc   Data          68  tim.o(.bss)
    hdma_tim3_ch4_up                         0x20000410   Data          68  tim.o(.bss)
    hdma_tim4_up                             0x20000454   Data          68  tim.o(.bss)
    hdma_tim5_ch3_up                         0x20000498   Data          68  tim.o(.bss)
    huart4                                   0x200004dc   Data         120  usart.o(.bss)
    huart1                                   0x20000554   Data         120  usart.o(.bss)
    hdma_uart4_rx                            0x200005cc   Data          68  usart.o(.bss)
    hdma_uart4_tx                            0x20000610   Data          68  usart.o(.bss)
    hdma_usart1_rx                           0x20000654   Data          68  usart.o(.bss)
    hdma_usart1_tx                           0x20000698   Data          68  usart.o(.bss)
    Motor_list                               0x200006dc   Data       28208  motor_control.o(.bss)
    high_speed_minor_adjust                  0x2000750c   Data          28  motor_control.o(.bss)
    actual_arr                               0x20007528   Data          28  motor_control.o(.bss)
    TIM_Pointer                              0x20007544   Data          60  ifr_tim.o(.bss)
    USART_Pointers                           0x20007580   Data          44  ifr_usart.o(.bss)
    __libspace_start                         0x200075ac   Data          96  libspace.o(.bss)
    __temporary_stack_top$libspace           0x2000760c   Data           0  libspace.o(.bss)



==============================================================================

Memory Map of the image

  Image Entry point : 0x08000131

  Load Region LR_IROM1 (Base: 0x08000000, Size: 0x000048b0, Max: 0x00040000, ABSOLUTE)

    Execution Region ER_IROM1 (Exec base: 0x08000000, Load base: 0x08000000, Size: 0x00004868, Max: 0x00040000, ABSOLUTE)

    Exec Addr    Load Addr    Size         Type   Attr      Idx    E Section Name        Object

    0x08000000   0x08000000   0x00000130   Data   RO            3    RESET               startup_stm32f103xe.o
    0x08000130   0x08000130   0x00000008   Code   RO         3449  * !!!main             c_w.l(__main.o)
    0x08000138   0x08000138   0x00000034   Code   RO         3716    !!!scatter          c_w.l(__scatter.o)
    0x0800016c   0x0800016c   0x0000001a   Code   RO         3718    !!handler_copy      c_w.l(__scatter_copy.o)
    0x08000186   0x08000186   0x00000002   PAD
    0x08000188   0x08000188   0x0000001c   Code   RO         3720    !!handler_zi        c_w.l(__scatter_zi.o)
    0x080001a4   0x080001a4   0x00000002   Code   RO         3589    .ARM.Collect$$libinit$$00000000  c_w.l(libinit.o)
    0x080001a6   0x080001a6   0x00000000   Code   RO         3593    .ARM.Collect$$libinit$$00000002  c_w.l(libinit2.o)
    0x080001a6   0x080001a6   0x00000000   Code   RO         3595    .ARM.Collect$$libinit$$00000004  c_w.l(libinit2.o)
    0x080001a6   0x080001a6   0x00000000   Code   RO         3598    .ARM.Collect$$libinit$$0000000A  c_w.l(libinit2.o)
    0x080001a6   0x080001a6   0x00000000   Code   RO         3600    .ARM.Collect$$libinit$$0000000C  c_w.l(libinit2.o)
    0x080001a6   0x080001a6   0x00000000   Code   RO         3602    .ARM.Collect$$libinit$$0000000E  c_w.l(libinit2.o)
    0x080001a6   0x080001a6   0x00000000   Code   RO         3605    .ARM.Collect$$libinit$$00000011  c_w.l(libinit2.o)
    0x080001a6   0x080001a6   0x00000000   Code   RO         3607    .ARM.Collect$$libinit$$00000013  c_w.l(libinit2.o)
    0x080001a6   0x080001a6   0x00000000   Code   RO         3609    .ARM.Collect$$libinit$$00000015  c_w.l(libinit2.o)
    0x080001a6   0x080001a6   0x00000000   Code   RO         3611    .ARM.Collect$$libinit$$00000017  c_w.l(libinit2.o)
    0x080001a6   0x080001a6   0x00000000   Code   RO         3613    .ARM.Collect$$libinit$$00000019  c_w.l(libinit2.o)
    0x080001a6   0x080001a6   0x00000000   Code   RO         3615    .ARM.Collect$$libinit$$0000001B  c_w.l(libinit2.o)
    0x080001a6   0x080001a6   0x00000000   Code   RO         3617    .ARM.Collect$$libinit$$0000001D  c_w.l(libinit2.o)
    0x080001a6   0x080001a6   0x00000000   Code   RO         3619    .ARM.Collect$$libinit$$0000001F  c_w.l(libinit2.o)
    0x080001a6   0x080001a6   0x00000000   Code   RO         3621    .ARM.Collect$$libinit$$00000021  c_w.l(libinit2.o)
    0x080001a6   0x080001a6   0x00000000   Code   RO         3623    .ARM.Collect$$libinit$$00000023  c_w.l(libinit2.o)
    0x080001a6   0x080001a6   0x00000000   Code   RO         3625    .ARM.Collect$$libinit$$00000025  c_w.l(libinit2.o)
    0x080001a6   0x080001a6   0x00000000   Code   RO         3629    .ARM.Collect$$libinit$$0000002C  c_w.l(libinit2.o)
    0x080001a6   0x080001a6   0x00000000   Code   RO         3631    .ARM.Collect$$libinit$$0000002E  c_w.l(libinit2.o)
    0x080001a6   0x080001a6   0x00000000   Code   RO         3633    .ARM.Collect$$libinit$$00000030  c_w.l(libinit2.o)
    0x080001a6   0x080001a6   0x00000000   Code   RO         3635    .ARM.Collect$$libinit$$00000032  c_w.l(libinit2.o)
    0x080001a6   0x080001a6   0x00000002   Code   RO         3636    .ARM.Collect$$libinit$$00000033  c_w.l(libinit2.o)
    0x080001a8   0x080001a8   0x00000002   Code   RO         3656    .ARM.Collect$$libshutdown$$00000000  c_w.l(libshutdown.o)
    0x080001aa   0x080001aa   0x00000000   Code   RO         3669    .ARM.Collect$$libshutdown$$00000002  c_w.l(libshutdown2.o)
    0x080001aa   0x080001aa   0x00000000   Code   RO         3671    .ARM.Collect$$libshutdown$$00000004  c_w.l(libshutdown2.o)
    0x080001aa   0x080001aa   0x00000000   Code   RO         3674    .ARM.Collect$$libshutdown$$00000007  c_w.l(libshutdown2.o)
    0x080001aa   0x080001aa   0x00000000   Code   RO         3677    .ARM.Collect$$libshutdown$$0000000A  c_w.l(libshutdown2.o)
    0x080001aa   0x080001aa   0x00000000   Code   RO         3679    .ARM.Collect$$libshutdown$$0000000C  c_w.l(libshutdown2.o)
    0x080001aa   0x080001aa   0x00000000   Code   RO         3682    .ARM.Collect$$libshutdown$$0000000F  c_w.l(libshutdown2.o)
    0x080001aa   0x080001aa   0x00000002   Code   RO         3683    .ARM.Collect$$libshutdown$$00000010  c_w.l(libshutdown2.o)
    0x080001ac   0x080001ac   0x00000000   Code   RO         3525    .ARM.Collect$$rtentry$$00000000  c_w.l(__rtentry.o)
    0x080001ac   0x080001ac   0x00000000   Code   RO         3558    .ARM.Collect$$rtentry$$00000002  c_w.l(__rtentry2.o)
    0x080001ac   0x080001ac   0x00000006   Code   RO         3570    .ARM.Collect$$rtentry$$00000004  c_w.l(__rtentry4.o)
    0x080001b2   0x080001b2   0x00000000   Code   RO         3560    .ARM.Collect$$rtentry$$00000009  c_w.l(__rtentry2.o)
    0x080001b2   0x080001b2   0x00000004   Code   RO         3561    .ARM.Collect$$rtentry$$0000000A  c_w.l(__rtentry2.o)
    0x080001b6   0x080001b6   0x00000000   Code   RO         3563    .ARM.Collect$$rtentry$$0000000C  c_w.l(__rtentry2.o)
    0x080001b6   0x080001b6   0x00000008   Code   RO         3564    .ARM.Collect$$rtentry$$0000000D  c_w.l(__rtentry2.o)
    0x080001be   0x080001be   0x00000002   Code   RO         3590    .ARM.Collect$$rtexit$$00000000  c_w.l(rtexit.o)
    0x080001c0   0x080001c0   0x00000000   Code   RO         3638    .ARM.Collect$$rtexit$$00000002  c_w.l(rtexit2.o)
    0x080001c0   0x080001c0   0x00000004   Code   RO         3639    .ARM.Collect$$rtexit$$00000003  c_w.l(rtexit2.o)
    0x080001c4   0x080001c4   0x00000006   Code   RO         3640    .ARM.Collect$$rtexit$$00000004  c_w.l(rtexit2.o)
    0x080001ca   0x080001ca   0x00000002   PAD
    0x080001cc   0x080001cc   0x00000040   Code   RO            4    .text               startup_stm32f103xe.o
    0x0800020c   0x0800020c   0x00000044   Code   RO         3443    .text               c_w.l(rt_memclr.o)
    0x08000250   0x08000250   0x0000004e   Code   RO         3445    .text               c_w.l(rt_memclr_w.o)
    0x0800029e   0x0800029e   0x00000006   Code   RO         3447    .text               c_w.l(heapauxi.o)
    0x080002a4   0x080002a4   0x00000008   Code   RO         3577    .text               c_w.l(libspace.o)
    0x080002ac   0x080002ac   0x0000004a   Code   RO         3580    .text               c_w.l(sys_stackheap_outer.o)
    0x080002f6   0x080002f6   0x00000012   Code   RO         3582    .text               c_w.l(exit.o)
    0x08000308   0x08000308   0x0000000c   Code   RO         3648    .text               c_w.l(sys_exit.o)
    0x08000314   0x08000314   0x00000002   Code   RO         3659    .text               c_w.l(use_no_semi.o)
    0x08000316   0x08000316   0x00000000   Code   RO         3661    .text               c_w.l(indicate_semi.o)
    0x08000316   0x08000316   0x00000004   Code   RO          391    i.BusFault_Handler  stm32f1xx_it.o
    0x0800031a   0x0800031a   0x00000002   PAD
    0x0800031c   0x0800031c   0x00000010   Code   RO          392    i.DMA1_Channel2_IRQHandler  stm32f1xx_it.o
    0x0800032c   0x0800032c   0x00000010   Code   RO          393    i.DMA1_Channel3_IRQHandler  stm32f1xx_it.o
    0x0800033c   0x0800033c   0x00000010   Code   RO          394    i.DMA1_Channel4_IRQHandler  stm32f1xx_it.o
    0x0800034c   0x0800034c   0x00000010   Code   RO          395    i.DMA1_Channel5_IRQHandler  stm32f1xx_it.o
    0x0800035c   0x0800035c   0x00000010   Code   RO          396    i.DMA1_Channel7_IRQHandler  stm32f1xx_it.o
    0x0800036c   0x0800036c   0x00000010   Code   RO          397    i.DMA2_Channel2_IRQHandler  stm32f1xx_it.o
    0x0800037c   0x0800037c   0x00000010   Code   RO          398    i.DMA2_Channel3_IRQHandler  stm32f1xx_it.o
    0x0800038c   0x0800038c   0x00000010   Code   RO          399    i.DMA2_Channel4_5_IRQHandler  stm32f1xx_it.o
    0x0800039c   0x0800039c   0x0000002c   Code   RO         1008    i.DMA_SetConfig     stm32f1xx_hal_dma.o
    0x080003c8   0x080003c8   0x00000002   Code   RO          400    i.DebugMon_Handler  stm32f1xx_it.o
    0x080003ca   0x080003ca   0x00000006   Code   RO           13    i.Error_Handler     main.o
    0x080003d0   0x080003d0   0x00000056   Code   RO         1009    i.HAL_DMA_Abort     stm32f1xx_hal_dma.o
    0x08000426   0x08000426   0x00000002   PAD
    0x08000428   0x08000428   0x000001a8   Code   RO         1010    i.HAL_DMA_Abort_IT  stm32f1xx_hal_dma.o
    0x080005d0   0x080005d0   0x0000008c   Code   RO         1011    i.HAL_DMA_DeInit    stm32f1xx_hal_dma.o
    0x0800065c   0x0800065c   0x00000398   Code   RO         1014    i.HAL_DMA_IRQHandler  stm32f1xx_hal_dma.o
    0x080009f4   0x080009f4   0x0000008c   Code   RO         1015    i.HAL_DMA_Init      stm32f1xx_hal_dma.o
    0x08000a80   0x08000a80   0x0000005a   Code   RO         1017    i.HAL_DMA_RegisterCallback  stm32f1xx_hal_dma.o
    0x08000ada   0x08000ada   0x0000009c   Code   RO         1019    i.HAL_DMA_Start_IT  stm32f1xx_hal_dma.o
    0x08000b76   0x08000b76   0x00000002   PAD
    0x08000b78   0x08000b78   0x00000028   Code   RO          630    i.HAL_Delay         stm32f1xx_hal.o
    0x08000ba0   0x08000ba0   0x00000154   Code   RO          942    i.HAL_GPIO_DeInit   stm32f1xx_hal_gpio.o
    0x08000cf4   0x08000cf4   0x00000340   Code   RO          945    i.HAL_GPIO_Init     stm32f1xx_hal_gpio.o
    0x08001034   0x08001034   0x00000014   Code   RO          948    i.HAL_GPIO_TogglePin  stm32f1xx_hal_gpio.o
    0x08001048   0x08001048   0x0000000c   Code   RO          949    i.HAL_GPIO_WritePin  stm32f1xx_hal_gpio.o
    0x08001054   0x08001054   0x0000000c   Code   RO          634    i.HAL_GetTick       stm32f1xx_hal.o
    0x08001060   0x08001060   0x00000018   Code   RO          640    i.HAL_IncTick       stm32f1xx_hal.o
    0x08001078   0x08001078   0x00000028   Code   RO          641    i.HAL_Init          stm32f1xx_hal.o
    0x080010a0   0x080010a0   0x0000004c   Code   RO          642    i.HAL_InitTick      stm32f1xx_hal.o
    0x080010ec   0x080010ec   0x00000054   Code   RO          533    i.HAL_MspInit       stm32f1xx_hal_msp.o
    0x08001140   0x08001140   0x00000044   Code   RO         1104    i.HAL_NVIC_DisableIRQ  stm32f1xx_hal_cortex.o
    0x08001184   0x08001184   0x00000020   Code   RO         1105    i.HAL_NVIC_EnableIRQ  stm32f1xx_hal_cortex.o
    0x080011a4   0x080011a4   0x0000007c   Code   RO         1111    i.HAL_NVIC_SetPriority  stm32f1xx_hal_cortex.o
    0x08001220   0x08001220   0x00000028   Code   RO         1112    i.HAL_NVIC_SetPriorityGrouping  stm32f1xx_hal_cortex.o
    0x08001248   0x08001248   0x0000018c   Code   RO          798    i.HAL_RCC_ClockConfig  stm32f1xx_hal_rcc.o
    0x080013d4   0x080013d4   0x0000000c   Code   RO          803    i.HAL_RCC_GetHCLKFreq  stm32f1xx_hal_rcc.o
    0x080013e0   0x080013e0   0x00000020   Code   RO          805    i.HAL_RCC_GetPCLK1Freq  stm32f1xx_hal_rcc.o
    0x08001400   0x08001400   0x00000020   Code   RO          806    i.HAL_RCC_GetPCLK2Freq  stm32f1xx_hal_rcc.o
    0x08001420   0x08001420   0x00000070   Code   RO          807    i.HAL_RCC_GetSysClockFreq  stm32f1xx_hal_rcc.o
    0x08001490   0x08001490   0x00000464   Code   RO          810    i.HAL_RCC_OscConfig  stm32f1xx_hal_rcc.o
    0x080018f4   0x080018f4   0x00000034   Code   RO         1116    i.HAL_SYSTICK_Config  stm32f1xx_hal_cortex.o
    0x08001928   0x08001928   0x00000002   Code   RO         2366    i.HAL_TIMEx_BreakCallback  stm32f1xx_hal_tim_ex.o
    0x0800192a   0x0800192a   0x00000002   Code   RO         2367    i.HAL_TIMEx_CommutCallback  stm32f1xx_hal_tim_ex.o
    0x0800192c   0x0800192c   0x00000002   Code   RO         2368    i.HAL_TIMEx_CommutHalfCpltCallback  stm32f1xx_hal_tim_ex.o
    0x0800192e   0x0800192e   0x00000002   PAD
    0x08001930   0x08001930   0x0000009c   Code   RO         2385    i.HAL_TIMEx_MasterConfigSynchronization  stm32f1xx_hal_tim_ex.o
    0x080019cc   0x080019cc   0x00000078   Code   RO         1633    i.HAL_TIM_Base_Init  stm32f1xx_hal_tim.o
    0x08001a44   0x08001a44   0x000001f8   Code   RO          272    i.HAL_TIM_Base_MspInit  tim.o
    0x08001c3c   0x08001c3c   0x00000084   Code   RO         1636    i.HAL_TIM_Base_Start  stm32f1xx_hal_tim.o
    0x08001cc0   0x08001cc0   0x00000090   Code   RO         1638    i.HAL_TIM_Base_Start_IT  stm32f1xx_hal_tim.o
    0x08001d50   0x08001d50   0x0000010c   Code   RO         1642    i.HAL_TIM_ConfigClockSource  stm32f1xx_hal_tim.o
    0x08001e5c   0x08001e5c   0x00000002   Code   RO         1663    i.HAL_TIM_ErrorCallback  stm32f1xx_hal_tim.o
    0x08001e5e   0x08001e5e   0x00000002   Code   RO         1667    i.HAL_TIM_IC_CaptureCallback  stm32f1xx_hal_tim.o
    0x08001e60   0x08001e60   0x00000002   Code   RO         1668    i.HAL_TIM_IC_CaptureHalfCpltCallback  stm32f1xx_hal_tim.o
    0x08001e62   0x08001e62   0x000001b6   Code   RO         1681    i.HAL_TIM_IRQHandler  stm32f1xx_hal_tim.o
    0x08002018   0x08002018   0x00000120   Code   RO          273    i.HAL_TIM_MspPostInit  tim.o
    0x08002138   0x08002138   0x00000070   Code   RO         1682    i.HAL_TIM_OC_ConfigChannel  stm32f1xx_hal_tim.o
    0x080021a8   0x080021a8   0x00000002   Code   RO         1684    i.HAL_TIM_OC_DelayElapsedCallback  stm32f1xx_hal_tim.o
    0x080021aa   0x080021aa   0x00000002   PAD
    0x080021ac   0x080021ac   0x000000f4   Code   RO         1689    i.HAL_TIM_OC_Start  stm32f1xx_hal_tim.o
    0x080022a0   0x080022a0   0x000000a8   Code   RO         1692    i.HAL_TIM_OC_Stop   stm32f1xx_hal_tim.o
    0x08002348   0x08002348   0x00000104   Code   RO         1705    i.HAL_TIM_PWM_ConfigChannel  stm32f1xx_hal_tim.o
    0x0800244c   0x0800244c   0x00000078   Code   RO         1708    i.HAL_TIM_PWM_Init  stm32f1xx_hal_tim.o
    0x080024c4   0x080024c4   0x00000002   Code   RO         1710    i.HAL_TIM_PWM_MspInit  stm32f1xx_hal_tim.o
    0x080024c6   0x080024c6   0x00000002   Code   RO         1711    i.HAL_TIM_PWM_PulseFinishedCallback  stm32f1xx_hal_tim.o
    0x080024c8   0x080024c8   0x00000002   Code   RO         1712    i.HAL_TIM_PWM_PulseFinishedHalfCpltCallback  stm32f1xx_hal_tim.o
    0x080024ca   0x080024ca   0x00000002   Code   RO         1719    i.HAL_TIM_PeriodElapsedCallback  stm32f1xx_hal_tim.o
    0x080024cc   0x080024cc   0x00000002   Code   RO         1720    i.HAL_TIM_PeriodElapsedHalfCpltCallback  stm32f1xx_hal_tim.o
    0x080024ce   0x080024ce   0x00000124   Code   RO         1722    i.HAL_TIM_RegisterCallback  stm32f1xx_hal_tim.o
    0x080025f2   0x080025f2   0x00000002   Code   RO         1725    i.HAL_TIM_TriggerCallback  stm32f1xx_hal_tim.o
    0x080025f4   0x080025f4   0x00000002   Code   RO         1726    i.HAL_TIM_TriggerHalfCpltCallback  stm32f1xx_hal_tim.o
    0x080025f6   0x080025f6   0x00000072   Code   RO         2643    i.HAL_UARTEx_ReceiveToIdle_DMA  stm32f1xx_hal_uart.o
    0x08002668   0x08002668   0x00000002   Code   RO         2645    i.HAL_UARTEx_RxEventCallback  stm32f1xx_hal_uart.o
    0x0800266a   0x0800266a   0x00000002   Code   RO         2647    i.HAL_UART_AbortCpltCallback  stm32f1xx_hal_uart.o
    0x0800266c   0x0800266c   0x00000002   Code   RO         2649    i.HAL_UART_AbortReceiveCpltCallback  stm32f1xx_hal_uart.o
    0x0800266e   0x0800266e   0x00000002   Code   RO         2652    i.HAL_UART_AbortTransmitCpltCallback  stm32f1xx_hal_uart.o
    0x08002670   0x08002670   0x00000024   Code   RO         3354    i.HAL_UART_ErrorCallback  ifr_usart.o
    0x08002694   0x08002694   0x000002e4   Code   RO         2662    i.HAL_UART_IRQHandler  stm32f1xx_hal_uart.o
    0x08002978   0x08002978   0x00000088   Code   RO         2663    i.HAL_UART_Init     stm32f1xx_hal_uart.o
    0x08002a00   0x08002a00   0x0000007c   Code   RO          343    i.HAL_UART_MspDeInit  usart.o
    0x08002a7c   0x08002a7c   0x00000200   Code   RO          344    i.HAL_UART_MspInit  usart.o
    0x08002c7c   0x08002c7c   0x0000004c   Code   RO         2670    i.HAL_UART_RegisterRxEventCallback  stm32f1xx_hal_uart.o
    0x08002cc8   0x08002cc8   0x00000002   Code   RO         2671    i.HAL_UART_RxCpltCallback  stm32f1xx_hal_uart.o
    0x08002cca   0x08002cca   0x00000002   Code   RO         2672    i.HAL_UART_RxHalfCpltCallback  stm32f1xx_hal_uart.o
    0x08002ccc   0x08002ccc   0x00000002   Code   RO         2676    i.HAL_UART_TxCpltCallback  stm32f1xx_hal_uart.o
    0x08002cce   0x08002cce   0x00000002   Code   RO         2677    i.HAL_UART_TxHalfCpltCallback  stm32f1xx_hal_uart.o
    0x08002cd0   0x08002cd0   0x00000004   Code   RO          401    i.HardFault_Handler  stm32f1xx_it.o
    0x08002cd4   0x08002cd4   0x00000084   Code   RO         3311    i.IFR_TIM_ID_GET    ifr_tim.o
    0x08002d58   0x08002d58   0x00000028   Code   RO         3355    i.IFR_UART_Rx_Callback  ifr_usart.o
    0x08002d80   0x08002d80   0x00000038   Code   RO         3357    i.IFR_Uart_ID_Get   ifr_usart.o
    0x08002db8   0x08002db8   0x0000003c   Code   RO         3358    i.IFR_Usart_Restart  ifr_usart.o
    0x08002df4   0x08002df4   0x000000c0   Code   RO          217    i.MX_DMA_Init       dma.o
    0x08002eb4   0x08002eb4   0x0000010c   Code   RO          193    i.MX_GPIO_Init      gpio.o
    0x08002fc0   0x08002fc0   0x0000009c   Code   RO          274    i.MX_TIM2_Init      tim.o
    0x0800305c   0x0800305c   0x000000a4   Code   RO          275    i.MX_TIM3_Init      tim.o
    0x08003100   0x08003100   0x000000a4   Code   RO          276    i.MX_TIM4_Init      tim.o
    0x080031a4   0x080031a4   0x000000a4   Code   RO          277    i.MX_TIM5_Init      tim.o
    0x08003248   0x08003248   0x0000004c   Code   RO          278    i.MX_TIM6_Init      tim.o
    0x08003294   0x08003294   0x00000038   Code   RO          345    i.MX_UART4_Init     usart.o
    0x080032cc   0x080032cc   0x00000038   Code   RO          346    i.MX_USART1_UART_Init  usart.o
    0x08003304   0x08003304   0x00000004   Code   RO          402    i.MemManage_Handler  stm32f1xx_it.o
    0x08003308   0x08003308   0x00000004   Code   RO          403    i.NMI_Handler       stm32f1xx_it.o
    0x0800330c   0x0800330c   0x00000002   Code   RO          404    i.PendSV_Handler    stm32f1xx_it.o
    0x0800330e   0x0800330e   0x00000002   PAD
    0x08003310   0x08003310   0x00000028   Code   RO          811    i.RCC_Delay         stm32f1xx_hal_rcc.o
    0x08003338   0x08003338   0x00000002   Code   RO          405    i.SVC_Handler       stm32f1xx_it.o
    0x0800333a   0x0800333a   0x00000030   Code   RO         3359    i.Start_DMA_Receive  ifr_usart.o
    0x0800336a   0x0800336a   0x00000008   Code   RO          406    i.SysTick_Handler   stm32f1xx_it.o
    0x08003372   0x08003372   0x0000006a   Code   RO           14    i.SystemClock_Config  main.o
    0x080033dc   0x080033dc   0x00000002   Code   RO         3037    i.SystemInit        system_stm32f1xx.o
    0x080033de   0x080033de   0x00000002   PAD
    0x080033e0   0x080033e0   0x00000010   Code   RO          407    i.TIM6_IRQHandler   stm32f1xx_it.o
    0x080033f0   0x080033f0   0x0000009c   Code   RO         1728    i.TIM_Base_SetConfig  stm32f1xx_hal_tim.o
    0x0800348c   0x0800348c   0x00000022   Code   RO         1729    i.TIM_CCxChannelCmd  stm32f1xx_hal_tim.o
    0x080034ae   0x080034ae   0x00000016   Code   RO         1739    i.TIM_ETR_SetConfig  stm32f1xx_hal_tim.o
    0x080034c4   0x080034c4   0x00000012   Code   RO         1740    i.TIM_ITRx_SetConfig  stm32f1xx_hal_tim.o
    0x080034d6   0x080034d6   0x00000002   PAD
    0x080034d8   0x080034d8   0x00000070   Code   RO         1741    i.TIM_OC1_SetConfig  stm32f1xx_hal_tim.o
    0x08003548   0x08003548   0x0000007c   Code   RO         1742    i.TIM_OC2_SetConfig  stm32f1xx_hal_tim.o
    0x080035c4   0x080035c4   0x00000078   Code   RO         1743    i.TIM_OC3_SetConfig  stm32f1xx_hal_tim.o
    0x0800363c   0x0800363c   0x00000054   Code   RO         1744    i.TIM_OC4_SetConfig  stm32f1xx_hal_tim.o
    0x08003690   0x08003690   0x00000024   Code   RO         3312    i.TIM_Overflow_Callback  ifr_tim.o
    0x080036b4   0x080036b4   0x00000070   Code   RO         1745    i.TIM_ResetCallback  stm32f1xx_hal_tim.o
    0x08003724   0x08003724   0x00000026   Code   RO         1747    i.TIM_TI1_ConfigInputStage  stm32f1xx_hal_tim.o
    0x0800374a   0x0800374a   0x00000028   Code   RO         1749    i.TIM_TI2_ConfigInputStage  stm32f1xx_hal_tim.o
    0x08003772   0x08003772   0x0000000e   Code   RO         3313    i.TaskFunction_Call  ifr_tim.o
    0x08003780   0x08003780   0x00000010   Code   RO          408    i.UART4_IRQHandler  stm32f1xx_it.o
    0x08003790   0x08003790   0x00000014   Code   RO         2680    i.UART_DMAAbortOnError  stm32f1xx_hal_uart.o
    0x080037a4   0x080037a4   0x00000050   Code   RO         2681    i.UART_DMAError     stm32f1xx_hal_uart.o
    0x080037f4   0x080037f4   0x000000b4   Code   RO         2682    i.UART_DMAReceiveCplt  stm32f1xx_hal_uart.o
    0x080038a8   0x080038a8   0x00000024   Code   RO         2684    i.UART_DMARxHalfCplt  stm32f1xx_hal_uart.o
    0x080038cc   0x080038cc   0x0000006c   Code   RO         2690    i.UART_EndRxTransfer  stm32f1xx_hal_uart.o
    0x08003938   0x08003938   0x00000020   Code   RO         2691    i.UART_EndTransmit_IT  stm32f1xx_hal_uart.o
    0x08003958   0x08003958   0x00000026   Code   RO         2692    i.UART_EndTxTransfer  stm32f1xx_hal_uart.o
    0x0800397e   0x0800397e   0x00000002   PAD
    0x08003980   0x08003980   0x0000004c   Code   RO         2693    i.UART_InitCallbacksToDefault  stm32f1xx_hal_uart.o
    0x080039cc   0x080039cc   0x000000fc   Code   RO         2694    i.UART_Receive_IT   stm32f1xx_hal_uart.o
    0x08003ac8   0x08003ac8   0x000000fc   Code   RO         2695    i.UART_SetConfig    stm32f1xx_hal_uart.o
    0x08003bc4   0x08003bc4   0x000000c8   Code   RO         2696    i.UART_Start_Receive_DMA  stm32f1xx_hal_uart.o
    0x08003c8c   0x08003c8c   0x00000060   Code   RO         2698    i.UART_Transmit_IT  stm32f1xx_hal_uart.o
    0x08003cec   0x08003cec   0x00000010   Code   RO          409    i.USART1_IRQHandler  stm32f1xx_it.o
    0x08003cfc   0x08003cfc   0x00000042   Code   RO         3360    i.Uart_DoubleBuffer_Recevice  ifr_usart.o
    0x08003d3e   0x08003d3e   0x00000004   Code   RO          410    i.UsageFault_Handler  stm32f1xx_it.o
    0x08003d42   0x08003d42   0x00000002   PAD
    0x08003d44   0x08003d44   0x00000010   Code   RO         1118    i.__NVIC_GetPriorityGrouping  stm32f1xx_hal_cortex.o
    0x08003d54   0x08003d54   0x00000028   Code   RO         1119    i.__NVIC_SetPriority  stm32f1xx_hal_cortex.o
    0x08003d7c   0x08003d7c   0x0000002c   Code   RO         3162    i.control_init      control.o
    0x08003da8   0x08003da8   0x0000001c   Code   RO         3164    i.control_runing    control.o
    0x08003dc4   0x08003dc4   0x0000003a   Code   RO           15    i.main              main.o
    0x08003dfe   0x08003dfe   0x00000002   PAD
    0x08003e00   0x08003e00   0x00000058   Code   RO         3207    i.motor_all_init    motor_control.o
    0x08003e58   0x08003e58   0x00000078   Code   RO         3208    i.motor_control     motor_control.o
    0x08003ed0   0x08003ed0   0x00000040   Code   RO         3210    i.motor_dma_error_callback  motor_control.o
    0x08003f10   0x08003f10   0x000000c8   Code   RO         3211    i.motor_dma_transfer_complete_callback  motor_control.o
    0x08003fd8   0x08003fd8   0x00000124   Code   RO         3212    i.motor_dma_transmit  motor_control.o
    0x080040fc   0x080040fc   0x00000044   Code   RO         3213    i.motor_enable      motor_control.o
    0x08004140   0x08004140   0x000000d8   Code   RO         3216    i.motor_init        motor_control.o
    0x08004218   0x08004218   0x000000e0   Code   RO         3221    i.motor_tim_config_set  motor_control.o
    0x080042f8   0x080042f8   0x00000034   Code   RO         3314    i.timer_start       ifr_tim.o
    0x0800432c   0x0800432c   0x000000c4   Code   RO         3473    x$fpl$fadd          fz_ws.l(faddsub_clz.o)
    0x080043f0   0x080043f0   0x00000184   Code   RO         3480    x$fpl$fdiv          fz_ws.l(fdiv.o)
    0x08004574   0x08004574   0x00000026   Code   RO         3489    x$fpl$ffltu         fz_ws.l(fflt_clz.o)
    0x0800459a   0x0800459a   0x00000002   PAD
    0x0800459c   0x0800459c   0x00000102   Code   RO         3497    x$fpl$fmul          fz_ws.l(fmul.o)
    0x0800469e   0x0800469e   0x0000008c   Code   RO         3548    x$fpl$fnaninf       fz_ws.l(fnaninf.o)
    0x0800472a   0x0800472a   0x0000000a   Code   RO         3550    x$fpl$fretinf       fz_ws.l(fretinf.o)
    0x08004734   0x08004734   0x000000ea   Code   RO         3475    x$fpl$fsub          fz_ws.l(faddsub_clz.o)
    0x0800481e   0x0800481e   0x00000000   Code   RO         3556    x$fpl$usenofp       fz_ws.l(usenofp.o)
    0x0800481e   0x0800481e   0x00000012   Data   RO          812    .constdata          stm32f1xx_hal_rcc.o
    0x08004830   0x08004830   0x00000018   Data   RO         3038    .constdata          system_stm32f1xx.o
    0x08004848   0x08004848   0x00000020   Data   RO         3714    Region$$Table       anon$$obj.o


    Execution Region RW_IRAM1 (Exec base: 0x20000000, Load base: 0x08004868, Size: 0x00007e10, Max: 0x0000c000, ABSOLUTE)

    Exec Addr    Load Addr    Size         Type   Attr      Idx    E Section Name        Object

    0x20000000   0x08004868   0x00000009   Data   RW          648    .data               stm32f1xx_hal.o
    0x20000009   0x08004871   0x00000003   PAD
    0x2000000c   0x08004874   0x00000004   Data   RW         3039    .data               system_stm32f1xx.o
    0x20000010   0x08004878   0x00000010   Data   RW         3165    .data               control.o
    0x20000020   0x08004888   0x00000028   Data   RW         3223    .data               motor_control.o
    0x20000048        -       0x00000494   Zero   RW          279    .bss                tim.o
    0x200004dc        -       0x00000200   Zero   RW          347    .bss                usart.o
    0x200006dc        -       0x00006e68   Zero   RW         3222    .bss                motor_control.o
    0x20007544        -       0x0000003c   Zero   RW         3315    .bss                ifr_tim.o
    0x20007580        -       0x0000002c   Zero   RW         3361    .bss                ifr_usart.o
    0x200075ac        -       0x00000060   Zero   RW         3578    .bss                c_w.l(libspace.o)
    0x2000760c   0x080048b0   0x00000004   PAD
    0x20007610        -       0x00000400   Zero   RW            2    HEAP                startup_stm32f103xe.o
    0x20007a10        -       0x00000400   Zero   RW            1    STACK               startup_stm32f103xe.o


==============================================================================

Image component sizes


      Code (inc. data)   RO Data    RW Data    ZI Data      Debug   Object Name

        72         20          0         16          0       5175   control.o
       192          6          0          0          0        966   dma.o
       268         18          0          0          0       1127   gpio.o
       234         44          0          0         60       3076   ifr_tim.o
       306         26          0          0         44       4857   ifr_usart.o
       170          0          0          0          0     492424   main.o
      1272        108          0         40      28264       7029   motor_control.o
        64         26        304          0       2048        876   startup_stm32f103xe.o
       192         36          0          9          0       7025   stm32f1xx_hal.o
       372         28          0          0          0      30653   stm32f1xx_hal_cortex.o
      2000         36          0          0          0       7354   stm32f1xx_hal_dma.o
      1204         72          0          0          0       4579   stm32f1xx_hal_gpio.o
        84          8          0          0          0       1022   stm32f1xx_hal_msp.o
      1748         98         18          0          0       6488   stm32f1xx_hal_rcc.o
      3180        236          0          0          0      25067   stm32f1xx_hal_tim.o
       162         22          0          0          0       3320   stm32f1xx_hal_tim_ex.o
      2452         64          0          0          0      18818   stm32f1xx_hal_uart.o
       210         66          0          0          0      10441   stm32f1xx_it.o
         2          0         24          4          0       1311   system_stm32f1xx.o
      1516        116          0          0       1172       6352   tim.o
       748         86          0          0        512       3592   usart.o

    ----------------------------------------------------------------------
     16470       1116        378         72      32100     641552   Object Totals
         0          0         32          0          0          0   (incl. Generated)
        22          0          0          3          0          0   (incl. Padding)

    ----------------------------------------------------------------------

      Code (inc. data)   RO Data    RW Data    ZI Data      Debug   Library Member Name

         8          0          0          0          0         68   __main.o
         0          0          0          0          0          0   __rtentry.o
        12          0          0          0          0          0   __rtentry2.o
         6          0          0          0          0          0   __rtentry4.o
        52          8          0          0          0          0   __scatter.o
        26          0          0          0          0          0   __scatter_copy.o
        28          0          0          0          0          0   __scatter_zi.o
        18          0          0          0          0         80   exit.o
         6          0          0          0          0        152   heapauxi.o
         0          0          0          0          0          0   indicate_semi.o
         2          0          0          0          0          0   libinit.o
         2          0          0          0          0          0   libinit2.o
         2          0          0          0          0          0   libshutdown.o
         2          0          0          0          0          0   libshutdown2.o
         8          4          0          0         96         68   libspace.o
        68          0          0          0          0         68   rt_memclr.o
        78          0          0          0          0         80   rt_memclr_w.o
         2          0          0          0          0          0   rtexit.o
        10          0          0          0          0          0   rtexit2.o
        12          4          0          0          0         68   sys_exit.o
        74          0          0          0          0         80   sys_stackheap_outer.o
         2          0          0          0          0         68   use_no_semi.o
       430          8          0          0          0        168   faddsub_clz.o
       388         76          0          0          0         96   fdiv.o
        38          0          0          0          0         68   fflt_clz.o
       258          4          0          0          0         84   fmul.o
       140          4          0          0          0         84   fnaninf.o
        10          0          0          0          0         68   fretinf.o
         0          0          0          0          0          0   usenofp.o

    ----------------------------------------------------------------------
      1688        108          0          0        100       1300   Library Totals
         6          0          0          0          4          0   (incl. Padding)

    ----------------------------------------------------------------------

      Code (inc. data)   RO Data    RW Data    ZI Data      Debug   Library Name

       418         16          0          0         96        732   c_w.l
      1264         92          0          0          0        568   fz_ws.l

    ----------------------------------------------------------------------
      1688        108          0          0        100       1300   Library Totals

    ----------------------------------------------------------------------

==============================================================================


      Code (inc. data)   RO Data    RW Data    ZI Data      Debug   

     18158       1224        378         72      32200     634736   Grand Totals
     18158       1224        378         72      32200     634736   ELF Image Totals
     18158       1224        378         72          0          0   ROM Totals

==============================================================================

    Total RO  Size (Code + RO Data)                18536 (  18.10kB)
    Total RW  Size (RW Data + ZI Data)             32272 (  31.52kB)
    Total ROM Size (Code + RO Data + RW Data)      18608 (  18.17kB)

==============================================================================

