Component: ARM Compiler 5.06 update 6 (build 750) Tool: armlink [4d35ed]

==============================================================================

Section Cross References

    startup_stm32f103xe.o(STACK) refers (Special) to heapauxi.o(.text) for __use_two_region_memory
    startup_stm32f103xe.o(HEAP) refers (Special) to heapauxi.o(.text) for __use_two_region_memory
    startup_stm32f103xe.o(RESET) refers (Special) to heapauxi.o(.text) for __use_two_region_memory
    startup_stm32f103xe.o(RESET) refers to startup_stm32f103xe.o(STACK) for __initial_sp
    startup_stm32f103xe.o(RESET) refers to startup_stm32f103xe.o(.text) for Reset_Handler
    startup_stm32f103xe.o(RESET) refers to stm32f1xx_it.o(i.NMI_Handler) for NMI_Handler
    startup_stm32f103xe.o(RESET) refers to stm32f1xx_it.o(i.HardFault_Handler) for HardFault_Handler
    startup_stm32f103xe.o(RESET) refers to stm32f1xx_it.o(i.MemManage_Handler) for MemManage_Handler
    startup_stm32f103xe.o(RESET) refers to stm32f1xx_it.o(i.BusFault_Handler) for BusFault_Handler
    startup_stm32f103xe.o(RESET) refers to stm32f1xx_it.o(i.UsageFault_Handler) for UsageFault_Handler
    startup_stm32f103xe.o(RESET) refers to stm32f1xx_it.o(i.SVC_Handler) for SVC_Handler
    startup_stm32f103xe.o(RESET) refers to stm32f1xx_it.o(i.DebugMon_Handler) for DebugMon_Handler
    startup_stm32f103xe.o(RESET) refers to stm32f1xx_it.o(i.PendSV_Handler) for PendSV_Handler
    startup_stm32f103xe.o(RESET) refers to stm32f1xx_it.o(i.SysTick_Handler) for SysTick_Handler
    startup_stm32f103xe.o(RESET) refers to stm32f1xx_it.o(i.DMA1_Channel2_IRQHandler) for DMA1_Channel2_IRQHandler
    startup_stm32f103xe.o(RESET) refers to stm32f1xx_it.o(i.DMA1_Channel3_IRQHandler) for DMA1_Channel3_IRQHandler
    startup_stm32f103xe.o(RESET) refers to stm32f1xx_it.o(i.DMA1_Channel4_IRQHandler) for DMA1_Channel4_IRQHandler
    startup_stm32f103xe.o(RESET) refers to stm32f1xx_it.o(i.DMA1_Channel5_IRQHandler) for DMA1_Channel5_IRQHandler
    startup_stm32f103xe.o(RESET) refers to stm32f1xx_it.o(i.DMA1_Channel7_IRQHandler) for DMA1_Channel7_IRQHandler
    startup_stm32f103xe.o(RESET) refers to stm32f1xx_it.o(i.USART1_IRQHandler) for USART1_IRQHandler
    startup_stm32f103xe.o(RESET) refers to stm32f1xx_it.o(i.UART4_IRQHandler) for UART4_IRQHandler
    startup_stm32f103xe.o(RESET) refers to stm32f1xx_it.o(i.TIM6_IRQHandler) for TIM6_IRQHandler
    startup_stm32f103xe.o(RESET) refers to stm32f1xx_it.o(i.DMA2_Channel2_IRQHandler) for DMA2_Channel2_IRQHandler
    startup_stm32f103xe.o(RESET) refers to stm32f1xx_it.o(i.DMA2_Channel3_IRQHandler) for DMA2_Channel3_IRQHandler
    startup_stm32f103xe.o(RESET) refers to stm32f1xx_it.o(i.DMA2_Channel4_5_IRQHandler) for DMA2_Channel4_5_IRQHandler
    startup_stm32f103xe.o(.text) refers (Special) to heapauxi.o(.text) for __use_two_region_memory
    startup_stm32f103xe.o(.text) refers to system_stm32f1xx.o(i.SystemInit) for SystemInit
    startup_stm32f103xe.o(.text) refers to __main.o(!!!main) for __main
    startup_stm32f103xe.o(.text) refers to startup_stm32f103xe.o(HEAP) for Heap_Mem
    startup_stm32f103xe.o(.text) refers to startup_stm32f103xe.o(STACK) for Stack_Mem
    main.o(i.SystemClock_Config) refers to rt_memclr_w.o(.text) for __aeabi_memclr4
    main.o(i.SystemClock_Config) refers to stm32f1xx_hal_rcc.o(i.HAL_RCC_OscConfig) for HAL_RCC_OscConfig
    main.o(i.SystemClock_Config) refers to main.o(i.Error_Handler) for Error_Handler
    main.o(i.SystemClock_Config) refers to stm32f1xx_hal_rcc.o(i.HAL_RCC_ClockConfig) for HAL_RCC_ClockConfig
    main.o(i.main) refers to stm32f1xx_hal.o(i.HAL_Init) for HAL_Init
    main.o(i.main) refers to main.o(i.SystemClock_Config) for SystemClock_Config
    main.o(i.main) refers to gpio.o(i.MX_GPIO_Init) for MX_GPIO_Init
    main.o(i.main) refers to dma.o(i.MX_DMA_Init) for MX_DMA_Init
    main.o(i.main) refers to tim.o(i.MX_TIM2_Init) for MX_TIM2_Init
    main.o(i.main) refers to tim.o(i.MX_TIM3_Init) for MX_TIM3_Init
    main.o(i.main) refers to tim.o(i.MX_TIM4_Init) for MX_TIM4_Init
    main.o(i.main) refers to tim.o(i.MX_TIM5_Init) for MX_TIM5_Init
    main.o(i.main) refers to tim.o(i.MX_TIM6_Init) for MX_TIM6_Init
    main.o(i.main) refers to usart.o(i.MX_UART4_Init) for MX_UART4_Init
    main.o(i.main) refers to usart.o(i.MX_USART1_UART_Init) for MX_USART1_UART_Init
    main.o(i.main) refers to control.o(i.control_init) for control_init
    main.o(i.main) refers to stm32f1xx_hal.o(i.HAL_Delay) for HAL_Delay
    gpio.o(i.MX_GPIO_Init) refers to stm32f1xx_hal_gpio.o(i.HAL_GPIO_WritePin) for HAL_GPIO_WritePin
    gpio.o(i.MX_GPIO_Init) refers to stm32f1xx_hal_gpio.o(i.HAL_GPIO_Init) for HAL_GPIO_Init
    dma.o(i.MX_DMA_Init) refers to stm32f1xx_hal_cortex.o(i.HAL_NVIC_SetPriority) for HAL_NVIC_SetPriority
    dma.o(i.MX_DMA_Init) refers to stm32f1xx_hal_cortex.o(i.HAL_NVIC_EnableIRQ) for HAL_NVIC_EnableIRQ
    iwdg.o(i.MX_IWDG_Init) refers to stm32f1xx_hal_iwdg.o(i.HAL_IWDG_Init) for HAL_IWDG_Init
[...]
    i.motor_set_speed                        0x080052dc   Section        0  motor_control.o(i.motor_set_speed)
    i.motor_set_state                        0x08005390   Section        0  motor_control.o(i.motor_set_state)
    motor_set_state                          0x08005391   Thumb Code   690  motor_control.o(i.motor_set_state)
    i.motor_tim_config_set                   0x08005684   Section        0  motor_control.o(i.motor_tim_config_set)
    motor_tim_config_set                     0x08005685   Thumb Code   222  motor_control.o(i.motor_tim_config_set)
    i.round                                  0x0800576c   Section        0  round.o(i.round)
    i.roundf                                 0x08005800   Section        0  roundf.o(i.roundf)
    i.sqrt                                   0x08005872   Section        0  sqrt.o(i.sqrt)
    i.sqrtf                                  0x080058be   Section        0  sqrtf.o(i.sqrtf)
    i.usart_485_transmit_all                 0x080058ec   Section        0  communicat.o(i.usart_485_transmit_all)
    i.usart_485_transmit_init                0x08005a54   Section        0  communicat.o(i.usart_485_transmit_init)
    i.usart_ttl_transmit                     0x08005adc   Section        0  communicat.o(i.usart_ttl_transmit)
    x$fpl$d2f                                0x08005b40   Section       98  d2f.o(x$fpl$d2f)
    x$fpl$dadd                               0x08005ba4   Section      336  daddsub_clz.o(x$fpl$dadd)
    _dadd1                                   0x08005bb5   Thumb Code     0  daddsub_clz.o(x$fpl$dadd)
    x$fpl$dcmp4                              0x08005cf4   Section      310  dcmp4.o(x$fpl$dcmp4)
    x$fpl$dcmpinf                            0x08005e2a   Section       24  dcmpi.o(x$fpl$dcmpinf)
    x$fpl$ddiv                               0x08005e44   Section      688  ddiv.o(x$fpl$ddiv)
    ddiv_entry                               0x08005e4b   Thumb Code     0  ddiv.o(x$fpl$ddiv)
    x$fpl$dfix                               0x080060f4   Section       94  dfix.o(x$fpl$dfix)
    x$fpl$dflt                               0x08006152   Section       46  dflt_clz.o(x$fpl$dflt)
    x$fpl$dleqf                              0x08006180   Section      120  dleqf.o(x$fpl$dleqf)
    x$fpl$dnaninf                            0x080061f8   Section      156  dnaninf.o(x$fpl$dnaninf)
    x$fpl$dretinf                            0x08006294   Section       12  dretinf.o(x$fpl$dretinf)
    x$fpl$drleqf                             0x080062a0   Section      108  drleqf.o(x$fpl$drleqf)
    x$fpl$drnd                               0x0800630c   Section      180  drnd.o(x$fpl$drnd)
    x$fpl$drsb                               0x080063c0   Section       22  daddsub_clz.o(x$fpl$drsb)
    x$fpl$dsqrt                              0x080063d8   Section      460  dsqrt_noumaal.o(x$fpl$dsqrt)
    x$fpl$dsub                               0x080065a4   Section      468  daddsub_clz.o(x$fpl$dsub)
    _dsub1                                   0x080065b5   Thumb Code     0  daddsub_clz.o(x$fpl$dsub)
    x$fpl$f2d                                0x08006778   Section       86  f2d.o(x$fpl$f2d)
    x$fpl$fadd                               0x080067d0   Section      196  faddsub_clz.o(x$fpl$fadd)
    _fadd1                                   0x080067df   Thumb Code     0  faddsub_clz.o(x$fpl$fadd)
    x$fpl$fcmpinf                            0x08006894   Section       24  fcmpi.o(x$fpl$fcmpinf)
    x$fpl$fdiv                               0x080068ac   Section      388  fdiv.o(x$fpl$fdiv)
    _fdiv1                                   0x080068ad   Thumb Code     0  fdiv.o(x$fpl$fdiv)
    x$fpl$feqf                               0x08006a30   Section      104  feqf.o(x$fpl$feqf)
    x$fpl$ffixu                              0x08006a98   Section       62  ffixu.o(x$fpl$ffixu)
    x$fpl$fflt                               0x08006ad8   Section       48  fflt_clz.o(x$fpl$fflt)
    x$fpl$ffltu                              0x08006b08   Section       38  fflt_clz.o(x$fpl$ffltu)
    x$fpl$fleqf                              0x08006b30   Section      104  fleqf.o(x$fpl$fleqf)
    x$fpl$fmul                               0x08006b98   Section      258  fmul.o(x$fpl$fmul)
    x$fpl$fnaninf                            0x08006c9a   Section      140  fnaninf.o(x$fpl$fnaninf)
    x$fpl$fretinf                            0x08006d26   Section       10  fretinf.o(x$fpl$fretinf)
    x$fpl$frleqf                             0x08006d30   Section       98  frleqf.o(x$fpl$frleqf)
    x$fpl$frnd                               0x08006d94   Section       96  frnd.o(x$fpl$frnd)
    x$fpl$frsb                               0x08006df4   Section       20  faddsub_clz.o(x$fpl$frsb)
    x$fpl$fsqrt                              0x08006e08   Section      272  fsqrt.o(x$fpl$fsqrt)
    x$fpl$fsub                               0x08006f18   Section      234  faddsub_clz.o(x$fpl$fsub)
    _fsub1                                   0x08006f27   Thumb Code     0  faddsub_clz.o(x$fpl$fsub)
    .constdata                               0x08007002   Section       18  stm32f1xx_hal_rcc.o(.constdata)
    x$fpl$usenofp                            0x08007002   Section        0  usenofp.o(x$fpl$usenofp)
    aPLLMULFactorTable                       0x08007002   Data          16  stm32f1xx_hal_rcc.o(.constdata)
    aPredivFactorTable                       0x08007012   Data           2  stm32f1xx_hal_rcc.o(.constdata)
    .constdata                               0x08007014   Section       24  system_stm32f1xx.o(.constdata)
    .data                                    0x20000000   Section        9  stm32f1xx_hal.o(.data)
    .data                                    0x2000000c   Section        4  system_stm32f1xx.o(.data)
    .data                                    0x20000010   Section        7  communicat.o(.data)
    current_slave_idx                        0x20000010   Data           1  communicat.o(.data)
    slave_addr_list                          0x20000011   Data           5  communicat.o(.data)
    slave_count                              0x20000016   Data           1  communicat.o(.data)
    .data                                    0x20000018   Section       20  control.o(.data)
    .data                                    0x2000002c   Section       40  motor_control.o(.data)
    .data                                    0x20000054   Section      512  ifr_crc.o(.data)
    achCRCHi                                 0x20000054   Data         256  ifr_crc.o(.data)
    achCRCLo                                 0x20000154   Data         256  ifr_crc.o(.data)
    .bss                                     0x20000254   Section     1172  tim.o(.bss)
    .bss                                     0x200006e8   Section      512  usart.o(.bss)
    .bss                                     0x200008e8   Section     1232  communicat.o(.bss)
    rx_ttl_message                           0x200008e8   Data          10  communicat.o(.bss)
    liquid_level_transmitter                 0x200008f4   Data          64  communicat.o(.bss)
    liquid_flow_collection                   0x20000934   Data          20  communicat.o(.bss)
    tx_ttl_message                           0x20000948   Data          30  communicat.o(.bss)
    .bss                                     0x20000db8   Section    28264  motor_control.o(.bss)
    .bss                                     0x20007c20   Section       60  ifr_tim.o(.bss)
    .bss                                     0x20007c5c   Section       44  ifr_usart.o(.bss)
    .bss                                     0x20007c88   Section       96  libspace.o(.bss)
    HEAP                                     0x20007ce8   Section     1024  startup_stm32f103xe.o(HEAP)
    Heap_Mem                                 0x20007ce8   Data        1024  startup_stm32f103xe.o(HEAP)
    STACK                                    0x200080e8   Section     1024  startup_stm32f103xe.o(STACK)
    Stack_Mem                                0x200080e8   Data        1024  startup_stm32f103xe.o(STACK)
    __initial_sp                             0x200084e8   Data           0  startup_stm32f103xe.o(STACK)

    Global Symbols

    Symbol Name                              Value     Ov Type        Size  Object(Section)

    BuildAttributes$$THM_ISAv4$P$D$K$B$S$PE$A:L22UL41UL21$X:L11$S22US41US21$IEEE1$IW$USESV6$~STKCKD$USESV7$~SHL$OTIME$ROPI$IEEEJ$EBA8$UX$STANDARDLIB$REQ8$PRES8$EABIv2 0x00000000   Number         0  anon$$obj.o ABSOLUTE
    __ARM_use_no_argv                        0x00000000   Number         0  main.o ABSOLUTE
    __ARM_exceptions_init                     - Undefined Weak Reference
    __alloca_initialize                       - Undefined Weak Reference
    __arm_preinit_                            - Undefined Weak Reference
    __cpp_initialize__aeabi_                  - Undefined Weak Reference
    __cxa_finalize                            - Undefined Weak Reference
    __rt_locale                               - Undefined Weak Reference
    __sigvec_lookup                           - Undefined Weak Reference
    _atexit_init                              - Undefined Weak Reference
    _call_atexit_fns                          - Undefined Weak Reference
    _clock_init                               - Undefined Weak Reference
    _fp_trap_init                             - Undefined Weak Reference
    _fp_trap_shutdown                         - Undefined Weak Reference
    _get_lc_collate                           - Undefined Weak Reference
    _get_lc_ctype                             - Undefined Weak Reference
    _get_lc_monetary                          - Undefined Weak Reference
    _get_lc_numeric                           - Undefined Weak Reference
    _get_lc_time                              - Undefined Weak Reference
    _getenv_init                              - Undefined Weak Reference
    _handle_redirection                       - Undefined Weak Reference
    _init_alloc                               - Undefined Weak Reference
    _init_user_alloc                          - Undefined Weak Reference
    _initio                                   - Undefined Weak Reference
    _rand_init                                - Undefined Weak Reference
    _signal_finish                            - Undefined Weak Reference
    _signal_init                              - Undefined Weak Reference
    _terminate_alloc                          - Undefined Weak Reference
    _terminate_user_alloc                     - Undefined Weak Reference
    _terminateio                              - Undefined Weak Reference
    __Vectors_Size                           0x00000130   Number         0  startup_stm32f103xe.o ABSOLUTE
    __Vectors                                0x08000000   Data           4  startup_stm32f103xe.o(RESET)
    __Vectors_End                            0x08000130   Data           0  startup_stm32f103xe.o(RESET)
    __main                                   0x08000131   Thumb Code     8  __main.o(!!!main)
    __scatterload                            0x08000139   Thumb Code     0  __scatter.o(!!!scatter)
    __scatterload_rt2                        0x08000139   Thumb Code    44  __scatter.o(!!!scatter)
    __scatterload_rt2_thumb_only             0x08000139   Thumb Code     0  __scatter.o(!!!scatter)
    __scatterload_null                       0x08000147   Thumb Code     0  __scatter.o(!!!scatter)
    __decompress                             0x0800016d   Thumb Code    90  __dczerorl2.o(!!dczerorl2)
    __decompress1                            0x0800016d   Thumb Code     0  __dczerorl2.o(!!dczerorl2)
    __scatterload_zeroinit                   0x080001c9   Thumb Code    28  __scatter_zi.o(!!handler_zi)
    __rt_lib_init                            0x080001e5   Thumb Code     0  libinit.o(.ARM.Collect$$libinit$$00000000)
    __rt_lib_init_alloca_1                   0x080001e7   Thumb Code     0  libinit2.o(.ARM.Collect$$libinit$$0000002E)
    __rt_lib_init_argv_1                     0x080001e7   Thumb Code     0  libinit2.o(.ARM.Collect$$libinit$$0000002C)
    __rt_lib_init_atexit_1                   0x080001e7   Thumb Code     0  libinit2.o(.ARM.Collect$$libinit$$0000001B)
    __rt_lib_init_clock_1                    0x080001e7   Thumb Code     0  libinit2.o(.ARM.Collect$$libinit$$00000021)
    __rt_lib_init_cpp_1                      0x080001e7   Thumb Code     0  libinit2.o(.ARM.Collect$$libinit$$00000032)
    __rt_lib_init_exceptions_1               0x080001e7   Thumb Code     0  libinit2.o(.ARM.Collect$$libinit$$00000030)
    __rt_lib_init_fp_1                       0x080001e7   Thumb Code     0  libinit2.o(.ARM.Collect$$libinit$$00000002)
    __rt_lib_init_fp_trap_1                  0x080001e7   Thumb Code     0  libinit2.o(.ARM.Collect$$libinit$$0000001F)
    __rt_lib_init_getenv_1                   0x080001e7   Thumb Code     0  libinit2.o(.ARM.Collect$$libinit$$00000023)
    __rt_lib_init_heap_1                     0x080001e7   Thumb Code     0  libinit2.o(.ARM.Collect$$libinit$$0000000A)
    __rt_lib_init_lc_collate_1               0x080001e7   Thumb Code     0  libinit2.o(.ARM.Collect$$libinit$$00000011)
    __rt_lib_init_lc_ctype_1                 0x080001e7   Thumb Code     0  libinit2.o(.ARM.Collect$$libinit$$00000013)
    __rt_lib_init_lc_monetary_1              0x080001e7   Thumb Code     0  libinit2.o(.ARM.Collect$$libinit$$00000015)
    __rt_lib_init_lc_numeric_1               0x080001e7   Thumb Code     0  libinit2.o(.ARM.Collect$$libinit$$00000017)
    __rt_lib_init_lc_time_1                  0x080001e7   Thumb Code     0  libinit2.o(.ARM.Collect$$libinit$$00000019)
    __rt_lib_init_preinit_1                  0x080001e7   Thumb Code     0  libinit2.o(.ARM.Collect$$libinit$$00000004)
    __rt_lib_init_rand_1                     0x080001e7   Thumb Code     0  libinit2.o(.ARM.Collect$$libinit$$0000000E)
    __rt_lib_init_return                     0x080001e7   Thumb Code     0  libinit2.o(.ARM.Collect$$libinit$$00000033)
    __rt_lib_init_signal_1                   0x080001e7   Thumb Code     0  libinit2.o(.ARM.Collect$$libinit$$0000001D)
    __rt_lib_init_stdio_1                    0x080001e7   Thumb Code     0  libinit2.o(.ARM.Collect$$libinit$$00000025)
    __rt_lib_init_user_alloc_1               0x080001e7   Thumb Code     0  libinit2.o(.ARM.Collect$$libinit$$0000000C)
    __rt_lib_shutdown                        0x080001e9   Thumb Code     0  libshutdown.o(.ARM.Collect$$libshutdown$$00000000)
    __rt_lib_shutdown_cpp_1                  0x080001eb   Thumb Code     0  libshutdown2.o(.ARM.Collect$$libshutdown$$00000002)
    __rt_lib_shutdown_fp_trap_1              0x080001eb   Thumb Code     0  libshutdown2.o(.ARM.Collect$$libshutdown$$00000007)
    __rt_lib_shutdown_heap_1                 0x080001eb   Thumb Code     0  libshutdown2.o(.ARM.Collect$$libshutdown$$0000000F)
    __rt_lib_shutdown_return                 0x080001eb   Thumb Code     0  libshutdown2.o(.ARM.Collect$$libshutdown$$00000010)
    __rt_lib_shutdown_signal_1               0x080001eb   Thumb Code     0  libshutdown2.o(.ARM.Collect$$libshutdown$$0000000A)
    __rt_lib_shutdown_stdio_1                0x080001eb   Thumb Code     0  libshutdown2.o(.ARM.Collect$$libshutdown$$00000004)
    __rt_lib_shutdown_user_alloc_1           0x080001eb   Thumb Code     0  libshutdown2.o(.ARM.Collect$$libshutdown$$0000000C)
    __rt_entry                               0x080001ed   Thumb Code     0  __rtentry.o(.ARM.Collect$$rtentry$$00000000)
    __rt_entry_presh_1                       0x080001ed   Thumb Code     0  __rtentry2.o(.ARM.Collect$$rtentry$$00000002)
    __rt_entry_sh                            0x080001ed   Thumb Code     0  __rtentry4.o(.ARM.Collect$$rtentry$$00000004)
    __rt_entry_li                            0x080001f3   Thumb Code     0  __rtentry2.o(.ARM.Collect$$rtentry$$0000000A)
    __rt_entry_postsh_1                      0x080001f3   Thumb Code     0  __rtentry2.o(.ARM.Collect$$rtentry$$00000009)
    __rt_entry_main                          0x080001f7   Thumb Code     0  __rtentry2.o(.ARM.Collect$$rtentry$$0000000D)
    __rt_entry_postli_1                      0x080001f7   Thumb Code     0  __rtentry2.o(.ARM.Collect$$rtentry$$0000000C)
    __rt_exit                                0x080001ff   Thumb Code     0  rtexit.o(.ARM.Collect$$rtexit$$00000000)
    __rt_exit_ls                             0x08000201   Thumb Code     0  rtexit2.o(.ARM.Collect$$rtexit$$00000003)
    __rt_exit_prels_1                        0x08000201   Thumb Code     0  rtexit2.o(.ARM.Collect$$rtexit$$00000002)
    __rt_exit_exit                           0x08000205   Thumb Code     0  rtexit2.o(.ARM.Collect$$rtexit$$00000004)
    Reset_Handler                            0x0800020d   Thumb Code     8  startup_stm32f103xe.o(.text)
    ADC1_2_IRQHandler                        0x08000227   Thumb Code     0  startup_stm32f103xe.o(.text)
    ADC3_IRQHandler                          0x08000227   Thumb Code     0  startup_stm32f103xe.o(.text)
    CAN1_RX1_IRQHandler                      0x08000227   Thumb Code     0  startup_stm32f103xe.o(.text)
    CAN1_SCE_IRQHandler                      0x08000227   Thumb Code     0  startup_stm32f103xe.o(.text)
    DMA1_Channel1_IRQHandler                 0x08000227   Thumb Code     0  startup_stm32f103xe.o(.text)
    DMA1_Channel6_IRQHandler                 0x08000227   Thumb Code     0  startup_stm32f103xe.o(.text)
    DMA2_Channel1_IRQHandler                 0x08000227   Thumb Code     0  startup_stm32f103xe.o(.text)
    EXTI0_IRQHandler                         0x08000227   Thumb Code     0  startup_stm32f103xe.o(.text)
    EXTI15_10_IRQHandler                     0x08000227   Thumb Code     0  startup_stm32f103xe.o(.text)
    EXTI1_IRQHandler                         0x08000227   Thumb Code     0  startup_stm32f103xe.o(.text)
    EXTI2_IRQHandler                         0x08000227   Thumb Code     0  startup_stm32f103xe.o(.text)
    EXTI3_IRQHandler                         0x08000227   Thumb Code     0  startup_stm32f103xe.o(.text)
    EXTI4_IRQHandler                         0x08000227   Thumb Code     0  startup_stm32f103xe.o(.text)
    EXTI9_5_IRQHandler                       0x08000227   Thumb Code     0  startup_stm32f103xe.o(.text)
    FLASH_IRQHandler                         0x08000227   Thumb Code     0  startup_stm32f103xe.o(.text)
    FSMC_IRQHandler                          0x08000227   Thumb Code     0  startup_stm32f103xe.o(.text)
    I2C1_ER_IRQHandler                       0x08000227   Thumb Code     0  startup_stm32f103xe.o(.text)
    I2C1_EV_IRQHandler                       0x08000227   Thumb Code     0  startup_stm32f103xe.o(.text)
    I2C2_ER_IRQHandler                       0x08000227   Thumb Code     0  startup_stm32f103xe.o(.text)
    I2C2_EV_IRQHandler                       0x08000227   Thumb Code     0  startup_stm32f103xe.o(.text)
    PVD_IRQHandler                           0x08000227   Thumb Code     0  startup_stm32f103xe.o(.text)
    RCC_IRQHandler                           0x08000227   Thumb Code     0  startup_stm32f103xe.o(.text)
    RTC_Alarm_IRQHandler                     0x08000227   Thumb Code     0  startup_stm32f103xe.o(.text)
    RTC_IRQHandler                           0x08000227   Thumb Code     0  startup_stm32f103xe.o(.text)
    SDIO_IRQHandler                          0x08000227   Thumb Code     0  startup_stm32f103xe.o(.text)
    SPI1_IRQHandler                          0x08000227   Thumb Code     0  startup_stm32f103xe.o(.text)
    SPI2_IRQHandler                          0x08000227   Thumb Code     0  startup_stm32f103xe.o(.text)
    SPI3_IRQHandler                          0x08000227   Thumb Code     0  startup_stm32f103xe.o(.text)
    TAMPER_IRQHandler                        0x08000227   Thumb Code     0  startup_stm32f103xe.o(.text)
    TIM1_BRK_IRQHandler                      0x08000227   Thumb Code     0  startup_stm32f103xe.o(.text)
    TIM1_CC_IRQHandler                       0x08000227   Thumb Code     0  startup_stm32f103xe.o(.text)
    TIM1_TRG_COM_IRQHandler                  0x08000227   Thumb Code     0  startup_stm32f103xe.o(.text)
    TIM1_UP_IRQHandler                       0x08000227   Thumb Code     0  startup_stm32f103xe.o(.text)
    TIM2_IRQHandler                          0x08000227   Thumb Code     0  startup_stm32f103xe.o(.text)
    TIM3_IRQHandler                          0x08000227   Thumb Code     0  startup_stm32f103xe.o(.text)
    TIM4_IRQHandler                          0x08000227   Thumb Code     0  startup_stm32f103xe.o(.text)
    TIM5_IRQHandler                          0x08000227   Thumb Code     0  startup_stm32f103xe.o(.text)
    TIM7_IRQHandler                          0x08000227   Thumb Code     0  startup_stm32f103xe.o(.text)
    TIM8_BRK_IRQHandler                      0x08000227   Thumb Code     0  startup_stm32f103xe.o(.text)
    TIM8_CC_IRQHandler                       0x08000227   Thumb Code     0  startup_stm32f103xe.o(.text)
    TIM8_TRG_COM_IRQHandler                  0x08000227   Thumb Code     0  startup_stm32f103xe.o(.text)
    TIM8_UP_IRQHandler                       0x08000227   Thumb Code     0  startup_stm32f103xe.o(.text)
    UART5_IRQHandler                         0x08000227   Thumb Code     0  startup_stm32f103xe.o(.text)
    USART2_IRQHandler                        0x08000227   Thumb Code     0  startup_stm32f103xe.o(.text)
    USART3_IRQHandler                        0x08000227   Thumb Code     0  startup_stm32f103xe.o(.text)
    USBWakeUp_IRQHandler                     0x08000227   Thumb Code     0  startup_stm32f103xe.o(.text)
    USB_HP_CAN1_TX_IRQHandler                0x08000227   Thumb Code     0  startup_stm32f103xe.o(.text)
    USB_LP_CAN1_RX0_IRQHandler               0x08000227   Thumb Code     0  startup_stm32f103xe.o(.text)
    WWDG_IRQHandler                          0x08000227   Thumb Code     0  startup_stm32f103xe.o(.text)
    __user_initial_stackheap                 0x08000229   Thumb Code     0  startup_stm32f103xe.o(.text)
    __aeabi_memcpy                           0x0800024d   Thumb Code     0  rt_memcpy_v6.o(.text)
    __rt_memcpy                              0x0800024d   Thumb Code   138  rt_memcpy_v6.o(.text)
    _memcpy_lastbytes                        0x080002b3   Thumb Code     0  rt_memcpy_v6.o(.text)
    __aeabi_memcpy4                          0x080002d7   Thumb Code     0  rt_memcpy_w.o(.text)
    __aeabi_memcpy8                          0x080002d7   Thumb Code     0  rt_memcpy_w.o(.text)
    __rt_memcpy_w                            0x080002d7   Thumb Code   100  rt_memcpy_w.o(.text)
    _memcpy_lastbytes_aligned                0x0800031f   Thumb Code     0  rt_memcpy_w.o(.text)
    __aeabi_memset                           0x0800033b   Thumb Code    16  aeabi_memset.o(.text)
    __aeabi_memclr                           0x0800034b   Thumb Code     0  rt_memclr.o(.text)
    __rt_memclr                              0x0800034b   Thumb Code    68  rt_memclr.o(.text)
    _memset                                  0x0800034f   Thumb Code     0  rt_memclr.o(.text)
    __aeabi_memclr4                          0x0800038f   Thumb Code     0  rt_memclr_w.o(.text)
    __aeabi_memclr8                          0x0800038f   Thumb Code     0  rt_memclr_w.o(.text)
    __rt_memclr_w                            0x0800038f   Thumb Code    78  rt_memclr_w.o(.text)
    _memset_w                                0x08000393   Thumb Code     0  rt_memclr_w.o(.text)
    __use_two_region_memory                  0x080003dd   Thumb Code     2  heapauxi.o(.text)
    __rt_heap_escrow$2region                 0x080003df   Thumb Code     2  heapauxi.o(.text)
    __rt_heap_expand$2region                 0x080003e1   Thumb Code     2  heapauxi.o(.text)
    __read_errno                             0x080003e3   Thumb Code    10  _rserrno.o(.text)
    __set_errno                              0x080003ed   Thumb Code    12  _rserrno.o(.text)
    __aeabi_errno_addr                       0x080003f9   Thumb Code     8  rt_errno_addr_intlibspace.o(.text)
    __errno$intlibspace                      0x080003f9   Thumb Code     0  rt_errno_addr_intlibspace.o(.text)
    __rt_errno_addr$intlibspace              0x080003f9   Thumb Code     0  rt_errno_addr_intlibspace.o(.text)
    __user_libspace                          0x08000401   Thumb Code     8  libspace.o(.text)
    __user_perproc_libspace                  0x08000401   Thumb Code     0  libspace.o(.text)
    __user_perthread_libspace                0x08000401   Thumb Code     0  libspace.o(.text)
    __user_setup_stackheap                   0x08000409   Thumb Code    74  sys_stackheap_outer.o(.text)
    exit                                     0x08000453   Thumb Code    18  exit.o(.text)
    _sys_exit                                0x08000465   Thumb Code     8  sys_exit.o(.text)
    __I$use$semihosting                      0x08000471   Thumb Code     0  use_no_semi.o(.text)
    __use_no_semihosting_swi                 0x08000471   Thumb Code     2  use_no_semi.o(.text)
    BusFault_Handler                         0x08000473   Thumb Code     4  stm32f1xx_it.o(i.BusFault_Handler)
    __semihosting_library_function           0x08000473   Thumb Code     0  indicate_semi.o(.text)
    CalcCRC16_Modbus                         0x08000479   Thumb Code    46  ifr_crc.o(i.CalcCRC16_Modbus)
    DMA1_Channel2_IRQHandler                 0x080004b1   Thumb Code    10  stm32f1xx_it.o(i.DMA1_Channel2_IRQHandler)
    DMA1_Channel3_IRQHandler                 0x080004c1   Thumb Code    10  stm32f1xx_it.o(i.DMA1_Channel3_IRQHandler)
    DMA1_Channel4_IRQHandler                 0x080004d1   Thumb Code    10  stm32f1xx_it.o(i.DMA1_Channel4_IRQHandler)
    DMA1_Channel5_IRQHandler                 0x080004e1   Thumb Code    10  stm32f1xx_it.o(i.DMA1_Channel5_IRQHandler)
    DMA1_Channel7_IRQHandler                 0x080004f1   Thumb Code    10  stm32f1xx_it.o(i.DMA1_Channel7_IRQHandler)
    DMA2_Channel2_IRQHandler                 0x08000501   Thumb Code    10  stm32f1xx_it.o(i.DMA2_Channel2_IRQHandler)
    DMA2_Channel3_IRQHandler                 0x08000511   Thumb Code    10  stm32f1xx_it.o(i.DMA2_Channel3_IRQHandler)
    DMA2_Channel4_5_IRQHandler               0x08000521   Thumb Code    10  stm32f1xx_it.o(i.DMA2_Channel4_5_IRQHandler)
    DebugMon_Handler                         0x0800055d   Thumb Code     2  stm32f1xx_it.o(i.DebugMon_Handler)
    Error_Handler                            0x0800055f   Thumb Code     6  main.o(i.Error_Handler)
    HAL_DMA_Abort                            0x08000565   Thumb Code    86  stm32f1xx_hal_dma.o(i.HAL_DMA_Abort)
    HAL_DMA_Abort_IT                         0x080005bd   Thumb Code   414  stm32f1xx_hal_dma.o(i.HAL_DMA_Abort_IT)
    HAL_DMA_DeInit                           0x08000765   Thumb Code   132  stm32f1xx_hal_dma.o(i.HAL_DMA_DeInit)
    HAL_DMA_IRQHandler                       0x080007f1   Thumb Code   910  stm32f1xx_hal_dma.o(i.HAL_DMA_IRQHandler)
    HAL_DMA_Init                             0x08000b89   Thumb Code   132  stm32f1xx_hal_dma.o(i.HAL_DMA_Init)
    HAL_DMA_RegisterCallback                 0x08000c15   Thumb Code    90  stm32f1xx_hal_dma.o(i.HAL_DMA_RegisterCallback)
    HAL_DMA_Start_IT                         0x08000c6f   Thumb Code   156  stm32f1xx_hal_dma.o(i.HAL_DMA_Start_IT)
    HAL_Delay                                0x08000d0d   Thumb Code    36  stm32f1xx_hal.o(i.HAL_Delay)
    HAL_GPIO_DeInit                          0x08000d35   Thumb Code   308  stm32f1xx_hal_gpio.o(i.HAL_GPIO_DeInit)
    HAL_GPIO_Init                            0x08000e89   Thumb Code   792  stm32f1xx_hal_gpio.o(i.HAL_GPIO_Init)
    HAL_GPIO_TogglePin                       0x080011c9   Thumb Code    20  stm32f1xx_hal_gpio.o(i.HAL_GPIO_TogglePin)
    HAL_GPIO_WritePin                        0x080011dd   Thumb Code    12  stm32f1xx_hal_gpio.o(i.HAL_GPIO_WritePin)
    HAL_GetTick                              0x080011e9   Thumb Code     6  stm32f1xx_hal.o(i.HAL_GetTick)
    HAL_IncTick                              0x080011f5   Thumb Code    16  stm32f1xx_hal.o(i.HAL_IncTick)
    HAL_Init                                 0x0800120d   Thumb Code    34  stm32f1xx_hal.o(i.HAL_Init)
    HAL_InitTick                             0x08001235   Thumb Code    64  stm32f1xx_hal.o(i.HAL_InitTick)
    HAL_MspInit                              0x08001281   Thumb Code    76  stm32f1xx_hal_msp.o(i.HAL_MspInit)
    HAL_NVIC_DisableIRQ                      0x080012d5   Thumb Code    62  stm32f1xx_hal_cortex.o(i.HAL_NVIC_DisableIRQ)
    HAL_NVIC_EnableIRQ                       0x08001319   Thumb Code    32  stm32f1xx_hal_cortex.o(i.HAL_NVIC_EnableIRQ)
    HAL_NVIC_SetPriority                     0x08001339   Thumb Code   124  stm32f1xx_hal_cortex.o(i.HAL_NVIC_SetPriority)
    HAL_NVIC_SetPriorityGrouping             0x080013b5   Thumb Code    32  stm32f1xx_hal_cortex.o(i.HAL_NVIC_SetPriorityGrouping)
    HAL_RCC_ClockConfig                      0x080013dd   Thumb Code   376  stm32f1xx_hal_rcc.o(i.HAL_RCC_ClockConfig)
    HAL_RCC_GetHCLKFreq                      0x08001569   Thumb Code     6  stm32f1xx_hal_rcc.o(i.HAL_RCC_GetHCLKFreq)
    HAL_RCC_GetPCLK1Freq                     0x08001575   Thumb Code    22  stm32f1xx_hal_rcc.o(i.HAL_RCC_GetPCLK1Freq)
    HAL_RCC_GetPCLK2Freq                     0x08001595   Thumb Code    22  stm32f1xx_hal_rcc.o(i.HAL_RCC_GetPCLK2Freq)
    HAL_RCC_GetSysClockFreq                  0x080015b5   Thumb Code    92  stm32f1xx_hal_rcc.o(i.HAL_RCC_GetSysClockFreq)
    HAL_RCC_OscConfig                        0x08001625   Thumb Code  1114  stm32f1xx_hal_rcc.o(i.HAL_RCC_OscConfig)
    HAL_SYSTICK_Config                       0x08001a89   Thumb Code    52  stm32f1xx_hal_cortex.o(i.HAL_SYSTICK_Config)
    HAL_TIMEx_BreakCallback                  0x08001abd   Thumb Code     2  stm32f1xx_hal_tim_ex.o(i.HAL_TIMEx_BreakCallback)
    HAL_TIMEx_CommutCallback                 0x08001abf   Thumb Code     2  stm32f1xx_hal_tim_ex.o(i.HAL_TIMEx_CommutCallback)
    HAL_TIMEx_CommutHalfCpltCallback         0x08001ac1   Thumb Code     2  stm32f1xx_hal_tim_ex.o(i.HAL_TIMEx_CommutHalfCpltCallback)
    HAL_TIMEx_MasterConfigSynchronization    0x08001ac5   Thumb Code   134  stm32f1xx_hal_tim_ex.o(i.HAL_TIMEx_MasterConfigSynchronization)
    HAL_TIM_Base_DeInit                      0x08001b61   Thumb Code   128  stm32f1xx_hal_tim.o(i.HAL_TIM_Base_DeInit)
    HAL_TIM_Base_Init                        0x08001be5   Thumb Code   116  stm32f1xx_hal_tim.o(i.HAL_TIM_Base_Init)
    HAL_TIM_Base_MspDeInit                   0x08001c5d   Thumb Code   156  tim.o(i.HAL_TIM_Base_MspDeInit)
    HAL_TIM_Base_MspInit                     0x08001d0d   Thumb Code   458  tim.o(i.HAL_TIM_Base_MspInit)
    HAL_TIM_Base_Start                       0x08001f05   Thumb Code   110  stm32f1xx_hal_tim.o(i.HAL_TIM_Base_Start)
    HAL_TIM_Base_Start_IT                    0x08001f89   Thumb Code   122  stm32f1xx_hal_tim.o(i.HAL_TIM_Base_Start_IT)
    HAL_TIM_ConfigClockSource                0x08002019   Thumb Code   268  stm32f1xx_hal_tim.o(i.HAL_TIM_ConfigClockSource)
    HAL_TIM_ErrorCallback                    0x08002125   Thumb Code     2  stm32f1xx_hal_tim.o(i.HAL_TIM_ErrorCallback)
    HAL_TIM_IC_CaptureCallback               0x08002127   Thumb Code     2  stm32f1xx_hal_tim.o(i.HAL_TIM_IC_CaptureCallback)
    HAL_TIM_IC_CaptureHalfCpltCallback       0x08002129   Thumb Code     2  stm32f1xx_hal_tim.o(i.HAL_TIM_IC_CaptureHalfCpltCallback)
    HAL_TIM_IRQHandler                       0x0800212b   Thumb Code   438  stm32f1xx_hal_tim.o(i.HAL_TIM_IRQHandler)
    HAL_TIM_MspPostInit                      0x080022e1   Thumb Code   260  tim.o(i.HAL_TIM_MspPostInit)
    HAL_TIM_OC_ConfigChannel                 0x08002401   Thumb Code   112  stm32f1xx_hal_tim.o(i.HAL_TIM_OC_ConfigChannel)
    HAL_TIM_OC_DelayElapsedCallback          0x08002471   Thumb Code     2  stm32f1xx_hal_tim.o(i.HAL_TIM_OC_DelayElapsedCallback)
    HAL_TIM_OC_Start                         0x08002475   Thumb Code   222  stm32f1xx_hal_tim.o(i.HAL_TIM_OC_Start)
    HAL_TIM_OC_Stop                          0x08002569   Thumb Code   160  stm32f1xx_hal_tim.o(i.HAL_TIM_OC_Stop)
    HAL_TIM_PWM_ConfigChannel                0x08002611   Thumb Code   260  stm32f1xx_hal_tim.o(i.HAL_TIM_PWM_ConfigChannel)
    HAL_TIM_PWM_Init                         0x08002715   Thumb Code   116  stm32f1xx_hal_tim.o(i.HAL_TIM_PWM_Init)
    HAL_TIM_PWM_MspInit                      0x0800278d   Thumb Code     2  stm32f1xx_hal_tim.o(i.HAL_TIM_PWM_MspInit)
    HAL_TIM_PWM_PulseFinishedCallback        0x0800278f   Thumb Code     2  stm32f1xx_hal_tim.o(i.HAL_TIM_PWM_PulseFinishedCallback)
    HAL_TIM_PWM_PulseFinishedHalfCpltCallback 0x08002791   Thumb Code     2  stm32f1xx_hal_tim.o(i.HAL_TIM_PWM_PulseFinishedHalfCpltCallback)
    HAL_TIM_PeriodElapsedCallback            0x08002793   Thumb Code     2  stm32f1xx_hal_tim.o(i.HAL_TIM_PeriodElapsedCallback)
    HAL_TIM_PeriodElapsedHalfCpltCallback    0x08002795   Thumb Code     2  stm32f1xx_hal_tim.o(i.HAL_TIM_PeriodElapsedHalfCpltCallback)
    HAL_TIM_RegisterCallback                 0x08002797   Thumb Code   292  stm32f1xx_hal_tim.o(i.HAL_TIM_RegisterCallback)
    HAL_TIM_TriggerCallback                  0x080028bb   Thumb Code     2  stm32f1xx_hal_tim.o(i.HAL_TIM_TriggerCallback)
    HAL_TIM_TriggerHalfCpltCallback          0x080028bd   Thumb Code     2  stm32f1xx_hal_tim.o(i.HAL_TIM_TriggerHalfCpltCallback)
    HAL_UARTEx_ReceiveToIdle_DMA             0x080028bf   Thumb Code   114  stm32f1xx_hal_uart.o(i.HAL_UARTEx_ReceiveToIdle_DMA)
    HAL_UARTEx_RxEventCallback               0x08002931   Thumb Code     2  stm32f1xx_hal_uart.o(i.HAL_UARTEx_RxEventCallback)
    HAL_UART_AbortCpltCallback               0x08002933   Thumb Code     2  stm32f1xx_hal_uart.o(i.HAL_UART_AbortCpltCallback)
    HAL_UART_AbortReceiveCpltCallback        0x08002935   Thumb Code     2  stm32f1xx_hal_uart.o(i.HAL_UART_AbortReceiveCpltCallback)
    HAL_UART_AbortTransmitCpltCallback       0x08002937   Thumb Code     2  stm32f1xx_hal_uart.o(i.HAL_UART_AbortTransmitCpltCallback)
    HAL_UART_ErrorCallback                   0x08002939   Thumb Code    32  ifr_usart.o(i.HAL_UART_ErrorCallback)
    HAL_UART_IRQHandler                      0x0800295d   Thumb Code   736  stm32f1xx_hal_uart.o(i.HAL_UART_IRQHandler)
    HAL_UART_Init                            0x08002c41   Thumb Code   132  stm32f1xx_hal_uart.o(i.HAL_UART_Init)
    HAL_UART_MspDeInit                       0x08002cc9   Thumb Code   104  usart.o(i.HAL_UART_MspDeInit)
    HAL_UART_MspInit                         0x08002d45   Thumb Code   466  usart.o(i.HAL_UART_MspInit)
    HAL_UART_RegisterRxEventCallback         0x08002f45   Thumb Code    76  stm32f1xx_hal_uart.o(i.HAL_UART_RegisterRxEventCallback)
    HAL_UART_RxCpltCallback                  0x08002f91   Thumb Code     2  stm32f1xx_hal_uart.o(i.HAL_UART_RxCpltCallback)
    HAL_UART_RxHalfCpltCallback              0x08002f93   Thumb Code     2  stm32f1xx_hal_uart.o(i.HAL_UART_RxHalfCpltCallback)
    HAL_UART_Transmit_DMA                    0x08002f95   Thumb Code   128  stm32f1xx_hal_uart.o(i.HAL_UART_Transmit_DMA)
    HAL_UART_TxCpltCallback                  0x08003021   Thumb Code     2  stm32f1xx_hal_uart.o(i.HAL_UART_TxCpltCallback)
    HAL_UART_TxHalfCpltCallback              0x08003023   Thumb Code     2  stm32f1xx_hal_uart.o(i.HAL_UART_TxHalfCpltCallback)
    HardFault_Handler                        0x08003025   Thumb Code     4  stm32f1xx_it.o(i.HardFault_Handler)
    IFR_UART_Rx_Callback                     0x080030ad   Thumb Code    36  ifr_usart.o(i.IFR_UART_Rx_Callback)
    MX_DMA_Init                              0x08003149   Thumb Code   186  dma.o(i.MX_DMA_Init)
    MX_GPIO_Init                             0x08003209   Thumb Code   250  gpio.o(i.MX_GPIO_Init)
    MX_TIM2_Init                             0x08003315   Thumb Code   152  tim.o(i.MX_TIM2_Init)
    MX_TIM3_Init                             0x080033b1   Thumb Code   156  tim.o(i.MX_TIM3_Init)
    MX_TIM4_Init                             0x08003455   Thumb Code   154  tim.o(i.MX_TIM4_Init)
    MX_TIM5_Init                             0x080034f9   Thumb Code   154  tim.o(i.MX_TIM5_Init)
    MX_TIM6_Init                             0x0800359d   Thumb Code    66  tim.o(i.MX_TIM6_Init)
    MX_UART4_Init                            0x080035e9   Thumb Code    46  usart.o(i.MX_UART4_Init)
    MX_USART1_UART_Init                      0x08003621   Thumb Code    46  usart.o(i.MX_USART1_UART_Init)
    MemManage_Handler                        0x08003659   Thumb Code     4  stm32f1xx_it.o(i.MemManage_Handler)
    NMI_Handler                              0x0800365d   Thumb Code     4  stm32f1xx_it.o(i.NMI_Handler)
    PendSV_Handler                           0x08003661   Thumb Code     2  stm32f1xx_it.o(i.PendSV_Handler)
    SVC_Handler                              0x0800368d   Thumb Code     2  stm32f1xx_it.o(i.SVC_Handler)
    SysTick_Handler                          0x080036bf   Thumb Code     8  stm32f1xx_it.o(i.SysTick_Handler)
    SystemClock_Config                       0x080036c7   Thumb Code   106  main.o(i.SystemClock_Config)
    SystemInit                               0x08003731   Thumb Code     2  system_stm32f1xx.o(i.SystemInit)
    TIM6_IRQHandler                          0x08003735   Thumb Code    10  stm32f1xx_it.o(i.TIM6_IRQHandler)
    TIM_Base_SetConfig                       0x08003745   Thumb Code   134  stm32f1xx_hal_tim.o(i.TIM_Base_SetConfig)
    TIM_CCxChannelCmd                        0x080037e1   Thumb Code    34  stm32f1xx_hal_tim.o(i.TIM_CCxChannelCmd)
    TIM_ETR_SetConfig                        0x08003803   Thumb Code    22  stm32f1xx_hal_tim.o(i.TIM_ETR_SetConfig)
    TIM_OC2_SetConfig                        0x0800389d   Thumb Code   114  stm32f1xx_hal_tim.o(i.TIM_OC2_SetConfig)
    TIM_Overflow_Callback                    0x080039e5   Thumb Code    32  ifr_tim.o(i.TIM_Overflow_Callback)
    TIM_ResetCallback                        0x08003a09   Thumb Code    58  stm32f1xx_hal_tim.o(i.TIM_ResetCallback)
    UART4_IRQHandler                         0x08003ad5   Thumb Code    10  stm32f1xx_it.o(i.UART4_IRQHandler)
    UART_InitCallbacksToDefault              0x08003d39   Thumb Code    38  stm32f1xx_hal_uart.o(i.UART_InitCallbacksToDefault)
    UART_Start_Receive_DMA                   0x08003f7d   Thumb Code   186  stm32f1xx_hal_uart.o(i.UART_Start_Receive_DMA)
    USART1_IRQHandler                        0x080040a5   Thumb Code    10  stm32f1xx_it.o(i.USART1_IRQHandler)
    UsageFault_Handler                       0x080040f7   Thumb Code     4  stm32f1xx_it.o(i.UsageFault_Handler)
    communicat_runing                        0x080041b5   Thumb Code   172  control.o(i.communicat_runing)
    control_init                             0x08004271   Thumb Code    28  control.o(i.control_init)
    control_runing                           0x0800429d   Thumb Code   120  control.o(i.control_runing)
    fmax                                     0x0800431d   Thumb Code    66  fmax.o(i.fmax)
    fmin                                     0x0800435f   Thumb Code    66  fmin.o(i.fmin)
    get_liquid_level_transmitter             0x080043a1   Thumb Code    16  communicat.o(i.get_liquid_level_transmitter)
    get_ttl_rx_message                       0x080043b5   Thumb Code    16  communicat.o(i.get_ttl_rx_message)
    ifr_tim_start                            0x080043c9   Thumb Code    42  ifr_tim.o(i.ifr_tim_start)
    main                                     0x080043fd   Thumb Code    58  main.o(i.main)
    modbus_master_is_busy                    0x08004437   Thumb Code    22  ifr_modbus.o(i.modbus_master_is_busy)
    modbus_master_process                    0x0800444d   Thumb Code    62  ifr_modbus.o(i.modbus_master_process)
    modbus_master_reset                      0x0800448b   Thumb Code    38  ifr_modbus.o(i.modbus_master_reset)
    modbus_send_read_input_regs              0x080044b1   Thumb Code   206  ifr_modbus.o(i.modbus_send_read_input_regs)
    motor_all_init                           0x08004581   Thumb Code    68  motor_control.o(i.motor_all_init)
    motor_control                            0x080045d9   Thumb Code    46  motor_control.o(i.motor_control)
    motor_disable                            0x08004609   Thumb Code    78  motor_control.o(i.motor_disable)
    motor_enable                             0x08004889   Thumb Code    62  motor_control.o(i.motor_enable)
    motor_set_speed                          0x080052dd   Thumb Code   162  motor_control.o(i.motor_set_speed)
    round                                    0x0800576d   Thumb Code   136  round.o(i.round)
    roundf                                   0x08005801   Thumb Code   114  roundf.o(i.roundf)
    sqrt                                     0x08005873   Thumb Code    76  sqrt.o(i.sqrt)
    sqrtf                                    0x080058bf   Thumb Code    44  sqrtf.o(i.sqrtf)
    usart_485_transmit_all                   0x080058ed   Thumb Code   334  communicat.o(i.usart_485_transmit_all)
    usart_485_transmit_init                  0x08005a55   Thumb Code   114  communicat.o(i.usart_485_transmit_init)
    usart_ttl_transmit                       0x08005add   Thumb Code    82  communicat.o(i.usart_ttl_transmit)
    __aeabi_d2f                              0x08005b41   Thumb Code     0  d2f.o(x$fpl$d2f)
    _d2f                                     0x08005b41   Thumb Code    98  d2f.o(x$fpl$d2f)
    __aeabi_dadd                             0x08005ba5   Thumb Code     0  daddsub_clz.o(x$fpl$dadd)
    _dadd                                    0x08005ba5   Thumb Code   332  daddsub_clz.o(x$fpl$dadd)
    __dcmp4                                  0x08005cf5   Thumb Code    98  dcmp4.o(x$fpl$dcmp4)
    __ARM_dcmp4                              0x08005d57   Thumb Code     0  dcmp4.o(x$fpl$dcmp4)
    _dcmp4                                   0x08005d57   Thumb Code    60  dcmp4.o(x$fpl$dcmp4)
    __dcmp4e                                 0x08005d93   Thumb Code    98  dcmp4.o(x$fpl$dcmp4)
    __ARM_dcmp4e                             0x08005df5   Thumb Code     0  dcmp4.o(x$fpl$dcmp4)
    _dcmp4e                                  0x08005df5   Thumb Code    54  dcmp4.o(x$fpl$dcmp4)
    __fpl_dcmp_Inf                           0x08005e2b   Thumb Code    24  dcmpi.o(x$fpl$dcmpinf)
    __aeabi_ddiv                             0x08005e45   Thumb Code     0  ddiv.o(x$fpl$ddiv)
    _ddiv                                    0x08005e45   Thumb Code   552  ddiv.o(x$fpl$ddiv)
    __aeabi_d2iz                             0x080060f5   Thumb Code     0  dfix.o(x$fpl$dfix)
    _dfix                                    0x080060f5   Thumb Code    94  dfix.o(x$fpl$dfix)
    __aeabi_i2d                              0x08006153   Thumb Code     0  dflt_clz.o(x$fpl$dflt)
    _dflt                                    0x08006153   Thumb Code    46  dflt_clz.o(x$fpl$dflt)
    __aeabi_cdcmple                          0x08006181   Thumb Code     0  dleqf.o(x$fpl$dleqf)
    _dcmple                                  0x08006181   Thumb Code   120  dleqf.o(x$fpl$dleqf)
    __fpl_dcmple_InfNaN                      0x080061e3   Thumb Code     0  dleqf.o(x$fpl$dleqf)
    __fpl_dnaninf                            0x080061f9   Thumb Code   156  dnaninf.o(x$fpl$dnaninf)
    __fpl_dretinf                            0x08006295   Thumb Code    12  dretinf.o(x$fpl$dretinf)
    __aeabi_cdrcmple                         0x080062a1   Thumb Code     0  drleqf.o(x$fpl$drleqf)
    _drcmple                                 0x080062a1   Thumb Code   108  drleqf.o(x$fpl$drleqf)
    _drnd                                    0x0800630d   Thumb Code   180  drnd.o(x$fpl$drnd)
    __aeabi_drsub                            0x080063c1   Thumb Code     0  daddsub_clz.o(x$fpl$drsb)
    _drsb                                    0x080063c1   Thumb Code    22  daddsub_clz.o(x$fpl$drsb)
    _dsqrt                                   0x080063d9   Thumb Code   456  dsqrt_noumaal.o(x$fpl$dsqrt)
    __aeabi_dsub                             0x080065a5   Thumb Code     0  daddsub_clz.o(x$fpl$dsub)
    _dsub                                    0x080065a5   Thumb Code   464  daddsub_clz.o(x$fpl$dsub)
    __aeabi_f2d                              0x08006779   Thumb Code     0  f2d.o(x$fpl$f2d)
    _f2d                                     0x08006779   Thumb Code    86  f2d.o(x$fpl$f2d)
    __aeabi_fadd                             0x080067d1   Thumb Code     0  faddsub_clz.o(x$fpl$fadd)
    _fadd                                    0x080067d1   Thumb Code   196  faddsub_clz.o(x$fpl$fadd)
    __fpl_fcmp_Inf                           0x08006895   Thumb Code    24  fcmpi.o(x$fpl$fcmpinf)
    __aeabi_fdiv                             0x080068ad   Thumb Code     0  fdiv.o(x$fpl$fdiv)
    _fdiv                                    0x080068ad   Thumb Code   384  fdiv.o(x$fpl$fdiv)
    __aeabi_cfcmpeq                          0x08006a31   Thumb Code     0  feqf.o(x$fpl$feqf)
    _fcmpeq                                  0x08006a31   Thumb Code   104  feqf.o(x$fpl$feqf)
    __aeabi_f2uiz                            0x08006a99   Thumb Code     0  ffixu.o(x$fpl$ffixu)
    _ffixu                                   0x08006a99   Thumb Code    62  ffixu.o(x$fpl$ffixu)
    __aeabi_i2f                              0x08006ad9   Thumb Code     0  fflt_clz.o(x$fpl$fflt)
    _fflt                                    0x08006ad9   Thumb Code    48  fflt_clz.o(x$fpl$fflt)
    __aeabi_ui2f                             0x08006b09   Thumb Code     0  fflt_clz.o(x$fpl$ffltu)
    _ffltu                                   0x08006b09   Thumb Code    38  fflt_clz.o(x$fpl$ffltu)
    __aeabi_cfcmple                          0x08006b31   Thumb Code     0  fleqf.o(x$fpl$fleqf)
    _fcmple                                  0x08006b31   Thumb Code   104  fleqf.o(x$fpl$fleqf)
    __fpl_fcmple_InfNaN                      0x08006b83   Thumb Code     0  fleqf.o(x$fpl$fleqf)
    __aeabi_fmul                             0x08006b99   Thumb Code     0  fmul.o(x$fpl$fmul)
    _fmul                                    0x08006b99   Thumb Code   258  fmul.o(x$fpl$fmul)
    __fpl_fnaninf                            0x08006c9b   Thumb Code   140  fnaninf.o(x$fpl$fnaninf)
    __fpl_fretinf                            0x08006d27   Thumb Code    10  fretinf.o(x$fpl$fretinf)
    __aeabi_cfrcmple                         0x08006d31   Thumb Code     0  frleqf.o(x$fpl$frleqf)
    _frcmple                                 0x08006d31   Thumb Code    98  frleqf.o(x$fpl$frleqf)
    _frnd                                    0x08006d95   Thumb Code    96  frnd.o(x$fpl$frnd)
    __aeabi_frsub                            0x08006df5   Thumb Code     0  faddsub_clz.o(x$fpl$frsb)
    _frsb                                    0x08006df5   Thumb Code    20  faddsub_clz.o(x$fpl$frsb)
    _fsqrt                                   0x08006e09   Thumb Code   272  fsqrt.o(x$fpl$fsqrt)
    __aeabi_fsub                             0x08006f19   Thumb Code     0  faddsub_clz.o(x$fpl$fsub)
    _fsub                                    0x08006f19   Thumb Code   234  faddsub_clz.o(x$fpl$fsub)
    __I$use$fp                               0x08007002   Number         0  usenofp.o(x$fpl$usenofp)
    AHBPrescTable                            0x08007014   Data          16  system_stm32f1xx.o(.constdata)
    APBPrescTable                            0x08007024   Data           8  system_stm32f1xx.o(.constdata)
    Region$$Table$$Base                      0x0800702c   Number         0  anon$$obj.o(Region$$Table)
    Region$$Table$$Limit                     0x0800704c   Number         0  anon$$obj.o(Region$$Table)
    uwTick                                   0x20000000   Data           4  stm32f1xx_hal.o(.data)
    uwTickPrio                               0x20000004   Data           4  stm32f1xx_hal.o(.data)
    uwTickFreq                               0x20000008   Data           1  stm32f1xx_hal.o(.data)
    SystemCoreClock                          0x2000000c   Data           4  system_stm32f1xx.o(.data)
    target_motor_speed                       0x20000018   Data           8  control.o(.data)
    system_state                             0x20000020   Data           2  control.o(.data)
    tim_6                                    0x20000024   Data           8  control.o(.data)
    now_speed                                0x2000002c   Data           4  motor_control.o(.data)
    target_arr                               0x20000030   Data           2  motor_control.o(.data)
    start                                    0x20000032   Data           1  motor_control.o(.data)
    ARR_2                                    0x20000034   Data           4  motor_control.o(.data)
    resolution                               0x20000038   Data           4  motor_control.o(.data)
    MIN_SPEED                                0x2000003c   Data           4  motor_control.o(.data)
    num_3                                    0x20000040   Data           4  motor_control.o(.data)
    ARR_1                                    0x20000044   Data           4  motor_control.o(.data)
    num_2                                    0x20000048   Data           4  motor_control.o(.data)
    num_1                                    0x2000004c   Data           4  motor_control.o(.data)
    flag_error                               0x20000050   Data           4  motor_control.o(.data)
    htim2                                    0x20000254   Data         180  tim.o(.bss)
    htim3                                    0x20000308   Data         180  tim.o(.bss)
    htim4                                    0x200003bc   Data         180  tim.o(.bss)
    htim5                                    0x20000470   Data         180  tim.o(.bss)
    htim6                                    0x20000524   Data         180  tim.o(.bss)
    hdma_tim2_up                             0x200005d8   Data          68  tim.o(.bss)
    hdma_tim3_ch4_up                         0x2000061c   Data          68  tim.o(.bss)
    hdma_tim4_up                             0x20000660   Data          68  tim.o(.bss)
    hdma_tim5_ch3_up                         0x200006a4   Data          68  tim.o(.bss)
    huart4                                   0x200006e8   Data         120  usart.o(.bss)
    huart1                                   0x20000760   Data         120  usart.o(.bss)
    hdma_uart4_rx                            0x200007d8   Data          68  usart.o(.bss)
    hdma_uart4_tx                            0x2000081c   Data          68  usart.o(.bss)
    hdma_usart1_rx                           0x20000860   Data          68  usart.o(.bss)
    hdma_usart1_tx                           0x200008a4   Data          68  usart.o(.bss)
    usart_485_modbus                         0x20000968   Data         828  communicat.o(.bss)
    usart_ttl                                0x20000ca4   Data         276  communicat.o(.bss)
    Motor_list                               0x20000db8   Data       28208  motor_control.o(.bss)
    high_speed_minor_adjust                  0x20007be8   Data          28  motor_control.o(.bss)
    actual_arr                               0x20007c04   Data          28  motor_control.o(.bss)
    TIM_Pointer                              0x20007c20   Data          60  ifr_tim.o(.bss)
    USART_Pointers                           0x20007c5c   Data          44  ifr_usart.o(.bss)
    __libspace_start                         0x20007c88   Data          96  libspace.o(.bss)
    __temporary_stack_top$libspace           0x20007ce8   Data           0  libspace.o(.bss)



==============================================================================

Memory Map of the image

  Image Entry point : 0x08000131

  Load Region LR_IROM1 (Base: 0x08000000, Size: 0x000072a0, Max: 0x00040000, ABSOLUTE, COMPRESSED[0x00007180])

    Execution Region ER_IROM1 (Exec base: 0x08000000, Load base: 0x08000000, Size: 0x0000704c, Max: 0x00040000, ABSOLUTE)

    Exec Addr    Load Addr    Size         Type   Attr      Idx    E Section Name        Object

    0x08000000   0x08000000   0x00000130   Data   RO            3    RESET               startup_stm32f103xe.o
    0x08000130   0x08000130   0x00000008   Code   RO         3580  * !!!main             c_w.l(__main.o)
    0x08000138   0x08000138   0x00000034   Code   RO         3849    !!!scatter          c_w.l(__scatter.o)
    0x0800016c   0x0800016c   0x0000005a   Code   RO         3847    !!dczerorl2         c_w.l(__dczerorl2.o)
    0x080001c6   0x080001c6   0x00000002   PAD
    0x080001c8   0x080001c8   0x0000001c   Code   RO         3851    !!handler_zi        c_w.l(__scatter_zi.o)
    0x080001e4   0x080001e4   0x00000002   Code   RO         3720    .ARM.Collect$$libinit$$00000000  c_w.l(libinit.o)
    0x080001e6   0x080001e6   0x00000000   Code   RO         3724    .ARM.Collect$$libinit$$00000002  c_w.l(libinit2.o)
    0x080001e6   0x080001e6   0x00000000   Code   RO         3726    .ARM.Collect$$libinit$$00000004  c_w.l(libinit2.o)
    0x080001e6   0x080001e6   0x00000000   Code   RO         3729    .ARM.Collect$$libinit$$0000000A  c_w.l(libinit2.o)
    0x080001e6   0x080001e6   0x00000000   Code   RO         3731    .ARM.Collect$$libinit$$0000000C  c_w.l(libinit2.o)
    0x080001e6   0x080001e6   0x00000000   Code   RO         3733    .ARM.Collect$$libinit$$0000000E  c_w.l(libinit2.o)
    0x080001e6   0x080001e6   0x00000000   Code   RO         3736    .ARM.Collect$$libinit$$00000011  c_w.l(libinit2.o)
    0x080001e6   0x080001e6   0x00000000   Code   RO         3738    .ARM.Collect$$libinit$$00000013  c_w.l(libinit2.o)
    0x080001e6   0x080001e6   0x00000000   Code   RO         3740    .ARM.Collect$$libinit$$00000015  c_w.l(libinit2.o)
    0x080001e6   0x080001e6   0x00000000   Code   RO         3742    .ARM.Collect$$libinit$$00000017  c_w.l(libinit2.o)
    0x080001e6   0x080001e6   0x00000000   Code   RO         3744    .ARM.Collect$$libinit$$00000019  c_w.l(libinit2.o)
    0x080001e6   0x080001e6   0x00000000   Code   RO         3746    .ARM.Collect$$libinit$$0000001B  c_w.l(libinit2.o)
    0x080001e6   0x080001e6   0x00000000   Code   RO         3748    .ARM.Collect$$libinit$$0000001D  c_w.l(libinit2.o)
    0x080001e6   0x080001e6   0x00000000   Code   RO         3750    .ARM.Collect$$libinit$$0000001F  c_w.l(libinit2.o)
    0x080001e6   0x080001e6   0x00000000   Code   RO         3752    .ARM.Collect$$libinit$$00000021  c_w.l(libinit2.o)
    0x080001e6   0x080001e6   0x00000000   Code   RO         3754    .ARM.Collect$$libinit$$00000023  c_w.l(libinit2.o)
    0x080001e6   0x080001e6   0x00000000   Code   RO         3756    .ARM.Collect$$libinit$$00000025  c_w.l(libinit2.o)
    0x080001e6   0x080001e6   0x00000000   Code   RO         3760    .ARM.Collect$$libinit$$0000002C  c_w.l(libinit2.o)
    0x080001e6   0x080001e6   0x00000000   Code   RO         3762    .ARM.Collect$$libinit$$0000002E  c_w.l(libinit2.o)
    0x080001e6   0x080001e6   0x00000000   Code   RO         3764    .ARM.Collect$$libinit$$00000030  c_w.l(libinit2.o)
    0x080001e6   0x080001e6   0x00000000   Code   RO         3766    .ARM.Collect$$libinit$$00000032  c_w.l(libinit2.o)
    0x080001e6   0x080001e6   0x00000002   Code   RO         3767    .ARM.Collect$$libinit$$00000033  c_w.l(libinit2.o)
    0x080001e8   0x080001e8   0x00000002   Code   RO         3787    .ARM.Collect$$libshutdown$$00000000  c_w.l(libshutdown.o)
    0x080001ea   0x080001ea   0x00000000   Code   RO         3800    .ARM.Collect$$libshutdown$$00000002  c_w.l(libshutdown2.o)
    0x080001ea   0x080001ea   0x00000000   Code   RO         3802    .ARM.Collect$$libshutdown$$00000004  c_w.l(libshutdown2.o)
    0x080001ea   0x080001ea   0x00000000   Code   RO         3805    .ARM.Collect$$libshutdown$$00000007  c_w.l(libshutdown2.o)
    0x080001ea   0x080001ea   0x00000000   Code   RO         3808    .ARM.Collect$$libshutdown$$0000000A  c_w.l(libshutdown2.o)
    0x080001ea   0x080001ea   0x00000000   Code   RO         3810    .ARM.Collect$$libshutdown$$0000000C  c_w.l(libshutdown2.o)
    0x080001ea   0x080001ea   0x00000000   Code   RO         3813    .ARM.Collect$$libshutdown$$0000000F  c_w.l(libshutdown2.o)
    0x080001ea   0x080001ea   0x00000002   Code   RO         3814    .ARM.Collect$$libshutdown$$00000010  c_w.l(libshutdown2.o)
    0x080001ec   0x080001ec   0x00000000   Code   RO         3656    .ARM.Collect$$rtentry$$00000000  c_w.l(__rtentry.o)
    0x080001ec   0x080001ec   0x00000000   Code   RO         3689    .ARM.Collect$$rtentry$$00000002  c_w.l(__rtentry2.o)
    0x080001ec   0x080001ec   0x00000006   Code   RO         3701    .ARM.Collect$$rtentry$$00000004  c_w.l(__rtentry4.o)
    0x080001f2   0x080001f2   0x00000000   Code   RO         3691    .ARM.Collect$$rtentry$$00000009  c_w.l(__rtentry2.o)
    0x080001f2   0x080001f2   0x00000004   Code   RO         3692    .ARM.Collect$$rtentry$$0000000A  c_w.l(__rtentry2.o)
    0x080001f6   0x080001f6   0x00000000   Code   RO         3694    .ARM.Collect$$rtentry$$0000000C  c_w.l(__rtentry2.o)
    0x080001f6   0x080001f6   0x00000008   Code   RO         3695    .ARM.Collect$$rtentry$$0000000D  c_w.l(__rtentry2.o)
    0x080001fe   0x080001fe   0x00000002   Code   RO         3721    .ARM.Collect$$rtexit$$00000000  c_w.l(rtexit.o)
    0x08000200   0x08000200   0x00000000   Code   RO         3769    .ARM.Collect$$rtexit$$00000002  c_w.l(rtexit2.o)
    0x08000200   0x08000200   0x00000004   Code   RO         3770    .ARM.Collect$$rtexit$$00000003  c_w.l(rtexit2.o)
    0x08000204   0x08000204   0x00000006   Code   RO         3771    .ARM.Collect$$rtexit$$00000004  c_w.l(rtexit2.o)
    0x0800020a   0x0800020a   0x00000002   PAD
    0x0800020c   0x0800020c   0x00000040   Code   RO            4    .text               startup_stm32f103xe.o
    0x0800024c   0x0800024c   0x0000008a   Code   RO         3568    .text               c_w.l(rt_memcpy_v6.o)
    0x080002d6   0x080002d6   0x00000064   Code   RO         3570    .text               c_w.l(rt_memcpy_w.o)
    0x0800033a   0x0800033a   0x00000010   Code   RO         3572    .text               c_w.l(aeabi_memset.o)
    0x0800034a   0x0800034a   0x00000044   Code   RO         3574    .text               c_w.l(rt_memclr.o)
    0x0800038e   0x0800038e   0x0000004e   Code   RO         3576    .text               c_w.l(rt_memclr_w.o)
    0x080003dc   0x080003dc   0x00000006   Code   RO         3578    .text               c_w.l(heapauxi.o)
    0x080003e2   0x080003e2   0x00000016   Code   RO         3657    .text               c_w.l(_rserrno.o)
    0x080003f8   0x080003f8   0x00000008   Code   RO         3706    .text               c_w.l(rt_errno_addr_intlibspace.o)
    0x08000400   0x08000400   0x00000008   Code   RO         3708    .text               c_w.l(libspace.o)
    0x08000408   0x08000408   0x0000004a   Code   RO         3711    .text               c_w.l(sys_stackheap_outer.o)
    0x08000452   0x08000452   0x00000012   Code   RO         3713    .text               c_w.l(exit.o)
    0x08000464   0x08000464   0x0000000c   Code   RO         3779    .text               c_w.l(sys_exit.o)
    0x08000470   0x08000470   0x00000002   Code   RO         3790    .text               c_w.l(use_no_semi.o)
    0x08000472   0x08000472   0x00000000   Code   RO         3792    .text               c_w.l(indicate_semi.o)
    0x08000472   0x08000472   0x00000004   Code   RO          403    i.BusFault_Handler  stm32f1xx_it.o
    0x08000476   0x08000476   0x00000002   PAD
    0x08000478   0x08000478   0x00000038   Code   RO         3460    i.CalcCRC16_Modbus  ifr_crc.o
    0x080004b0   0x080004b0   0x00000010   Code   RO          404    i.DMA1_Channel2_IRQHandler  stm32f1xx_it.o
    0x080004c0   0x080004c0   0x00000010   Code   RO          405    i.DMA1_Channel3_IRQHandler  stm32f1xx_it.o
    0x080004d0   0x080004d0   0x00000010   Code   RO          406    i.DMA1_Channel4_IRQHandler  stm32f1xx_it.o
    0x080004e0   0x080004e0   0x00000010   Code   RO          407    i.DMA1_Channel5_IRQHandler  stm32f1xx_it.o
    0x080004f0   0x080004f0   0x00000010   Code   RO          408    i.DMA1_Channel7_IRQHandler  stm32f1xx_it.o
    0x08000500   0x08000500   0x00000010   Code   RO          409    i.DMA2_Channel2_IRQHandler  stm32f1xx_it.o
    0x08000510   0x08000510   0x00000010   Code   RO          410    i.DMA2_Channel3_IRQHandler  stm32f1xx_it.o
    0x08000520   0x08000520   0x00000010   Code   RO          411    i.DMA2_Channel4_5_IRQHandler  stm32f1xx_it.o
    0x08000530   0x08000530   0x0000002c   Code   RO         1020    i.DMA_SetConfig     stm32f1xx_hal_dma.o
    0x0800055c   0x0800055c   0x00000002   Code   RO          412    i.DebugMon_Handler  stm32f1xx_it.o
    0x0800055e   0x0800055e   0x00000006   Code   RO           13    i.Error_Handler     main.o
    0x08000564   0x08000564   0x00000056   Code   RO         1021    i.HAL_DMA_Abort     stm32f1xx_hal_dma.o
    0x080005ba   0x080005ba   0x00000002   PAD
    0x080005bc   0x080005bc   0x000001a8   Code   RO         1022    i.HAL_DMA_Abort_IT  stm32f1xx_hal_dma.o
    0x08000764   0x08000764   0x0000008c   Code   RO         1023    i.HAL_DMA_DeInit    stm32f1xx_hal_dma.o
    0x080007f0   0x080007f0   0x00000398   Code   RO         1026    i.HAL_DMA_IRQHandler  stm32f1xx_hal_dma.o
    0x08000b88   0x08000b88   0x0000008c   Code   RO         1027    i.HAL_DMA_Init      stm32f1xx_hal_dma.o
    0x08000c14   0x08000c14   0x0000005a   Code   RO         1029    i.HAL_DMA_RegisterCallback  stm32f1xx_hal_dma.o
    0x08000c6e   0x08000c6e   0x0000009c   Code   RO         1031    i.HAL_DMA_Start_IT  stm32f1xx_hal_dma.o
    0x08000d0a   0x08000d0a   0x00000002   PAD
    0x08000d0c   0x08000d0c   0x00000028   Code   RO          642    i.HAL_Delay         stm32f1xx_hal.o
    0x08000d34   0x08000d34   0x00000154   Code   RO          954    i.HAL_GPIO_DeInit   stm32f1xx_hal_gpio.o
    0x08000e88   0x08000e88   0x00000340   Code   RO          957    i.HAL_GPIO_Init     stm32f1xx_hal_gpio.o
    0x080011c8   0x080011c8   0x00000014   Code   RO          960    i.HAL_GPIO_TogglePin  stm32f1xx_hal_gpio.o
    0x080011dc   0x080011dc   0x0000000c   Code   RO          961    i.HAL_GPIO_WritePin  stm32f1xx_hal_gpio.o
    0x080011e8   0x080011e8   0x0000000c   Code   RO          646    i.HAL_GetTick       stm32f1xx_hal.o
    0x080011f4   0x080011f4   0x00000018   Code   RO          652    i.HAL_IncTick       stm32f1xx_hal.o
    0x0800120c   0x0800120c   0x00000028   Code   RO          653    i.HAL_Init          stm32f1xx_hal.o
    0x08001234   0x08001234   0x0000004c   Code   RO          654    i.HAL_InitTick      stm32f1xx_hal.o
    0x08001280   0x08001280   0x00000054   Code   RO          545    i.HAL_MspInit       stm32f1xx_hal_msp.o
    0x080012d4   0x080012d4   0x00000044   Code   RO         1116    i.HAL_NVIC_DisableIRQ  stm32f1xx_hal_cortex.o
    0x08001318   0x08001318   0x00000020   Code   RO         1117    i.HAL_NVIC_EnableIRQ  stm32f1xx_hal_cortex.o
    0x08001338   0x08001338   0x0000007c   Code   RO         1123    i.HAL_NVIC_SetPriority  stm32f1xx_hal_cortex.o
    0x080013b4   0x080013b4   0x00000028   Code   RO         1124    i.HAL_NVIC_SetPriorityGrouping  stm32f1xx_hal_cortex.o
    0x080013dc   0x080013dc   0x0000018c   Code   RO          810    i.HAL_RCC_ClockConfig  stm32f1xx_hal_rcc.o
    0x08001568   0x08001568   0x0000000c   Code   RO          815    i.HAL_RCC_GetHCLKFreq  stm32f1xx_hal_rcc.o
    0x08001574   0x08001574   0x00000020   Code   RO          817    i.HAL_RCC_GetPCLK1Freq  stm32f1xx_hal_rcc.o
    0x08001594   0x08001594   0x00000020   Code   RO          818    i.HAL_RCC_GetPCLK2Freq  stm32f1xx_hal_rcc.o
    0x080015b4   0x080015b4   0x00000070   Code   RO          819    i.HAL_RCC_GetSysClockFreq  stm32f1xx_hal_rcc.o
    0x08001624   0x08001624   0x00000464   Code   RO          822    i.HAL_RCC_OscConfig  stm32f1xx_hal_rcc.o
    0x08001a88   0x08001a88   0x00000034   Code   RO         1128    i.HAL_SYSTICK_Config  stm32f1xx_hal_cortex.o
    0x08001abc   0x08001abc   0x00000002   Code   RO         2378    i.HAL_TIMEx_BreakCallback  stm32f1xx_hal_tim_ex.o
    0x08001abe   0x08001abe   0x00000002   Code   RO         2379    i.HAL_TIMEx_CommutCallback  stm32f1xx_hal_tim_ex.o
    0x08001ac0   0x08001ac0   0x00000002   Code   RO         2380    i.HAL_TIMEx_CommutHalfCpltCallback  stm32f1xx_hal_tim_ex.o
    0x08001ac2   0x08001ac2   0x00000002   PAD
    0x08001ac4   0x08001ac4   0x0000009c   Code   RO         2397    i.HAL_TIMEx_MasterConfigSynchronization  stm32f1xx_hal_tim_ex.o
    0x08001b60   0x08001b60   0x00000084   Code   RO         1643    i.HAL_TIM_Base_DeInit  stm32f1xx_hal_tim.o
    0x08001be4   0x08001be4   0x00000078   Code   RO         1645    i.HAL_TIM_Base_Init  stm32f1xx_hal_tim.o
    0x08001c5c   0x08001c5c   0x000000b0   Code   RO          283    i.HAL_TIM_Base_MspDeInit  tim.o
    0x08001d0c   0x08001d0c   0x000001f8   Code   RO          284    i.HAL_TIM_Base_MspInit  tim.o
    0x08001f04   0x08001f04   0x00000084   Code   RO         1648    i.HAL_TIM_Base_Start  stm32f1xx_hal_tim.o
    0x08001f88   0x08001f88   0x00000090   Code   RO         1650    i.HAL_TIM_Base_Start_IT  stm32f1xx_hal_tim.o
    0x08002018   0x08002018   0x0000010c   Code   RO         1654    i.HAL_TIM_ConfigClockSource  stm32f1xx_hal_tim.o
    0x08002124   0x08002124   0x00000002   Code   RO         1675    i.HAL_TIM_ErrorCallback  stm32f1xx_hal_tim.o
    0x08002126   0x08002126   0x00000002   Code   RO         1679    i.HAL_TIM_IC_CaptureCallback  stm32f1xx_hal_tim.o
    0x08002128   0x08002128   0x00000002   Code   RO         1680    i.HAL_TIM_IC_CaptureHalfCpltCallback  stm32f1xx_hal_tim.o
    0x0800212a   0x0800212a   0x000001b6   Code   RO         1693    i.HAL_TIM_IRQHandler  stm32f1xx_hal_tim.o
    0x080022e0   0x080022e0   0x00000120   Code   RO          285    i.HAL_TIM_MspPostInit  tim.o
    0x08002400   0x08002400   0x00000070   Code   RO         1694    i.HAL_TIM_OC_ConfigChannel  stm32f1xx_hal_tim.o
    0x08002470   0x08002470   0x00000002   Code   RO         1696    i.HAL_TIM_OC_DelayElapsedCallback  stm32f1xx_hal_tim.o
    0x08002472   0x08002472   0x00000002   PAD
    0x08002474   0x08002474   0x000000f4   Code   RO         1701    i.HAL_TIM_OC_Start  stm32f1xx_hal_tim.o
    0x08002568   0x08002568   0x000000a8   Code   RO         1704    i.HAL_TIM_OC_Stop   stm32f1xx_hal_tim.o
    0x08002610   0x08002610   0x00000104   Code   RO         1717    i.HAL_TIM_PWM_ConfigChannel  stm32f1xx_hal_tim.o
    0x08002714   0x08002714   0x00000078   Code   RO         1720    i.HAL_TIM_PWM_Init  stm32f1xx_hal_tim.o
    0x0800278c   0x0800278c   0x00000002   Code   RO         1722    i.HAL_TIM_PWM_MspInit  stm32f1xx_hal_tim.o
    0x0800278e   0x0800278e   0x00000002   Code   RO         1723    i.HAL_TIM_PWM_PulseFinishedCallback  stm32f1xx_hal_tim.o
    0x08002790   0x08002790   0x00000002   Code   RO         1724    i.HAL_TIM_PWM_PulseFinishedHalfCpltCallback  stm32f1xx_hal_tim.o
    0x08002792   0x08002792   0x00000002   Code   RO         1731    i.HAL_TIM_PeriodElapsedCallback  stm32f1xx_hal_tim.o
    0x08002794   0x08002794   0x00000002   Code   RO         1732    i.HAL_TIM_PeriodElapsedHalfCpltCallback  stm32f1xx_hal_tim.o
    0x08002796   0x08002796   0x00000124   Code   RO         1734    i.HAL_TIM_RegisterCallback  stm32f1xx_hal_tim.o
    0x080028ba   0x080028ba   0x00000002   Code   RO         1737    i.HAL_TIM_TriggerCallback  stm32f1xx_hal_tim.o
    0x080028bc   0x080028bc   0x00000002   Code   RO         1738    i.HAL_TIM_TriggerHalfCpltCallback  stm32f1xx_hal_tim.o
    0x080028be   0x080028be   0x00000072   Code   RO         2655    i.HAL_UARTEx_ReceiveToIdle_DMA  stm32f1xx_hal_uart.o
    0x08002930   0x08002930   0x00000002   Code   RO         2657    i.HAL_UARTEx_RxEventCallback  stm32f1xx_hal_uart.o
    0x08002932   0x08002932   0x00000002   Code   RO         2659    i.HAL_UART_AbortCpltCallback  stm32f1xx_hal_uart.o
    0x08002934   0x08002934   0x00000002   Code   RO         2661    i.HAL_UART_AbortReceiveCpltCallback  stm32f1xx_hal_uart.o
    0x08002936   0x08002936   0x00000002   Code   RO         2664    i.HAL_UART_AbortTransmitCpltCallback  stm32f1xx_hal_uart.o
    0x08002938   0x08002938   0x00000024   Code   RO         3401    i.HAL_UART_ErrorCallback  ifr_usart.o
    0x0800295c   0x0800295c   0x000002e4   Code   RO         2674    i.HAL_UART_IRQHandler  stm32f1xx_hal_uart.o
    0x08002c40   0x08002c40   0x00000088   Code   RO         2675    i.HAL_UART_Init     stm32f1xx_hal_uart.o
    0x08002cc8   0x08002cc8   0x0000007c   Code   RO          355    i.HAL_UART_MspDeInit  usart.o
    0x08002d44   0x08002d44   0x00000200   Code   RO          356    i.HAL_UART_MspInit  usart.o
    0x08002f44   0x08002f44   0x0000004c   Code   RO         2682    i.HAL_UART_RegisterRxEventCallback  stm32f1xx_hal_uart.o
    0x08002f90   0x08002f90   0x00000002   Code   RO         2683    i.HAL_UART_RxCpltCallback  stm32f1xx_hal_uart.o
    0x08002f92   0x08002f92   0x00000002   Code   RO         2684    i.HAL_UART_RxHalfCpltCallback  stm32f1xx_hal_uart.o
    0x08002f94   0x08002f94   0x0000008c   Code   RO         2686    i.HAL_UART_Transmit_DMA  stm32f1xx_hal_uart.o
    0x08003020   0x08003020   0x00000002   Code   RO         2688    i.HAL_UART_TxCpltCallback  stm32f1xx_hal_uart.o
    0x08003022   0x08003022   0x00000002   Code   RO         2689    i.HAL_UART_TxHalfCpltCallback  stm32f1xx_hal_uart.o
    0x08003024   0x08003024   0x00000004   Code   RO          413    i.HardFault_Handler  stm32f1xx_it.o
    0x08003028   0x08003028   0x00000084   Code   RO         3358    i.IFR_TIM_ID_GET    ifr_tim.o
    0x080030ac   0x080030ac   0x00000028   Code   RO         3402    i.IFR_UART_Rx_Callback  ifr_usart.o
    0x080030d4   0x080030d4   0x00000038   Code   RO         3404    i.IFR_Uart_ID_Get   ifr_usart.o
    0x0800310c   0x0800310c   0x0000003c   Code   RO         3405    i.IFR_Usart_Restart  ifr_usart.o
    0x08003148   0x08003148   0x000000c0   Code   RO          229    i.MX_DMA_Init       dma.o
    0x08003208   0x08003208   0x0000010c   Code   RO          205    i.MX_GPIO_Init      gpio.o
    0x08003314   0x08003314   0x0000009c   Code   RO          286    i.MX_TIM2_Init      tim.o
    0x080033b0   0x080033b0   0x000000a4   Code   RO          287    i.MX_TIM3_Init      tim.o
    0x08003454   0x08003454   0x000000a4   Code   RO          288    i.MX_TIM4_Init      tim.o
    0x080034f8   0x080034f8   0x000000a4   Code   RO          289    i.MX_TIM5_Init      tim.o
    0x0800359c   0x0800359c   0x0000004c   Code   RO          290    i.MX_TIM6_Init      tim.o
    0x080035e8   0x080035e8   0x00000038   Code   RO          357    i.MX_UART4_Init     usart.o
    0x08003620   0x08003620   0x00000038   Code   RO          358    i.MX_USART1_UART_Init  usart.o
    0x08003658   0x08003658   0x00000004   Code   RO          414    i.MemManage_Handler  stm32f1xx_it.o
    0x0800365c   0x0800365c   0x00000004   Code   RO          415    i.NMI_Handler       stm32f1xx_it.o
    0x08003660   0x08003660   0x00000002   Code   RO          416    i.PendSV_Handler    stm32f1xx_it.o
    0x08003662   0x08003662   0x00000002   PAD
    0x08003664   0x08003664   0x00000028   Code   RO          823    i.RCC_Delay         stm32f1xx_hal_rcc.o
    0x0800368c   0x0800368c   0x00000002   Code   RO          417    i.SVC_Handler       stm32f1xx_it.o
    0x0800368e   0x0800368e   0x00000030   Code   RO         3406    i.Start_DMA_Receive  ifr_usart.o
    0x080036be   0x080036be   0x00000008   Code   RO          418    i.SysTick_Handler   stm32f1xx_it.o
    0x080036c6   0x080036c6   0x0000006a   Code   RO           14    i.SystemClock_Config  main.o
    0x08003730   0x08003730   0x00000002   Code   RO         3049    i.SystemInit        system_stm32f1xx.o
    0x08003732   0x08003732   0x00000002   PAD
    0x08003734   0x08003734   0x00000010   Code   RO          419    i.TIM6_IRQHandler   stm32f1xx_it.o
    0x08003744   0x08003744   0x0000009c   Code   RO         1740    i.TIM_Base_SetConfig  stm32f1xx_hal_tim.o
    0x080037e0   0x080037e0   0x00000022   Code   RO         1741    i.TIM_CCxChannelCmd  stm32f1xx_hal_tim.o
    0x08003802   0x08003802   0x00000016   Code   RO         1751    i.TIM_ETR_SetConfig  stm32f1xx_hal_tim.o
    0x08003818   0x08003818   0x00000012   Code   RO         1752    i.TIM_ITRx_SetConfig  stm32f1xx_hal_tim.o
    0x0800382a   0x0800382a   0x00000002   PAD
    0x0800382c   0x0800382c   0x00000070   Code   RO         1753    i.TIM_OC1_SetConfig  stm32f1xx_hal_tim.o
    0x0800389c   0x0800389c   0x0000007c   Code   RO         1754    i.TIM_OC2_SetConfig  stm32f1xx_hal_tim.o
    0x08003918   0x08003918   0x00000078   Code   RO         1755    i.TIM_OC3_SetConfig  stm32f1xx_hal_tim.o
    0x08003990   0x08003990   0x00000054   Code   RO         1756    i.TIM_OC4_SetConfig  stm32f1xx_hal_tim.o
    0x080039e4   0x080039e4   0x00000024   Code   RO         3359    i.TIM_Overflow_Callback  ifr_tim.o
    0x08003a08   0x08003a08   0x00000070   Code   RO         1757    i.TIM_ResetCallback  stm32f1xx_hal_tim.o
    0x08003a78   0x08003a78   0x00000026   Code   RO         1759    i.TIM_TI1_ConfigInputStage  stm32f1xx_hal_tim.o
    0x08003a9e   0x08003a9e   0x00000028   Code   RO         1761    i.TIM_TI2_ConfigInputStage  stm32f1xx_hal_tim.o
    0x08003ac6   0x08003ac6   0x0000000e   Code   RO         3360    i.TaskFunction_Call  ifr_tim.o
    0x08003ad4   0x08003ad4   0x00000010   Code   RO          420    i.UART4_IRQHandler  stm32f1xx_it.o
    0x08003ae4   0x08003ae4   0x00000014   Code   RO         2692    i.UART_DMAAbortOnError  stm32f1xx_hal_uart.o
    0x08003af8   0x08003af8   0x00000050   Code   RO         2693    i.UART_DMAError     stm32f1xx_hal_uart.o
    0x08003b48   0x08003b48   0x000000b4   Code   RO         2694    i.UART_DMAReceiveCplt  stm32f1xx_hal_uart.o
    0x08003bfc   0x08003bfc   0x00000024   Code   RO         2696    i.UART_DMARxHalfCplt  stm32f1xx_hal_uart.o
    0x08003c20   0x08003c20   0x00000058   Code   RO         2698    i.UART_DMATransmitCplt  stm32f1xx_hal_uart.o
    0x08003c78   0x08003c78   0x0000000e   Code   RO         2700    i.UART_DMATxHalfCplt  stm32f1xx_hal_uart.o
    0x08003c86   0x08003c86   0x0000006c   Code   RO         2702    i.UART_EndRxTransfer  stm32f1xx_hal_uart.o
    0x08003cf2   0x08003cf2   0x00000020   Code   RO         2703    i.UART_EndTransmit_IT  stm32f1xx_hal_uart.o
    0x08003d12   0x08003d12   0x00000026   Code   RO         2704    i.UART_EndTxTransfer  stm32f1xx_hal_uart.o
    0x08003d38   0x08003d38   0x0000004c   Code   RO         2705    i.UART_InitCallbacksToDefault  stm32f1xx_hal_uart.o
    0x08003d84   0x08003d84   0x000000fc   Code   RO         2706    i.UART_Receive_IT   stm32f1xx_hal_uart.o
    0x08003e80   0x08003e80   0x000000fc   Code   RO         2707    i.UART_SetConfig    stm32f1xx_hal_uart.o
    0x08003f7c   0x08003f7c   0x000000c8   Code   RO         2708    i.UART_Start_Receive_DMA  stm32f1xx_hal_uart.o
    0x08004044   0x08004044   0x00000060   Code   RO         2710    i.UART_Transmit_IT  stm32f1xx_hal_uart.o
    0x080040a4   0x080040a4   0x00000010   Code   RO          421    i.USART1_IRQHandler  stm32f1xx_it.o
    0x080040b4   0x080040b4   0x00000042   Code   RO         3407    i.Uart_DoubleBuffer_Recevice  ifr_usart.o
    0x080040f6   0x080040f6   0x00000004   Code   RO          422    i.UsageFault_Handler  stm32f1xx_it.o
    0x080040fa   0x080040fa   0x00000002   PAD
    0x080040fc   0x080040fc   0x00000010   Code   RO         1130    i.__NVIC_GetPriorityGrouping  stm32f1xx_hal_cortex.o
    0x0800410c   0x0800410c   0x00000028   Code   RO         1131    i.__NVIC_SetPriority  stm32f1xx_hal_cortex.o
    0x08004134   0x08004134   0x00000080   Code   RO         3486    i.build_rtu_frame   ifr_modbus.o
    0x080041b4   0x080041b4   0x000000bc   Code   RO         3203    i.communicat_runing  control.o
    0x08004270   0x08004270   0x0000002c   Code   RO         3204    i.control_init      control.o
    0x0800429c   0x0800429c   0x00000080   Code   RO         3206    i.control_runing    control.o
    0x0800431c   0x0800431c   0x00000042   Code   RO         3632    i.fmax              m_ws.l(fmax.o)
    0x0800435e   0x0800435e   0x00000042   Code   RO         3652    i.fmin              m_ws.l(fmin.o)
    0x080043a0   0x080043a0   0x00000014   Code   RO         3126    i.get_liquid_level_transmitter  communicat.o
    0x080043b4   0x080043b4   0x00000014   Code   RO         3127    i.get_ttl_rx_message  communicat.o
    0x080043c8   0x080043c8   0x00000034   Code   RO         3361    i.ifr_tim_start     ifr_tim.o
    0x080043fc   0x080043fc   0x0000003a   Code   RO           15    i.main              main.o
    0x08004436   0x08004436   0x00000016   Code   RO         3487    i.modbus_master_is_busy  ifr_modbus.o
    0x0800444c   0x0800444c   0x0000003e   Code   RO         3488    i.modbus_master_process  ifr_modbus.o
    0x0800448a   0x0800448a   0x00000026   Code   RO         3489    i.modbus_master_reset  ifr_modbus.o
    0x080044b0   0x080044b0   0x000000ce   Code   RO         3492    i.modbus_send_read_input_regs  ifr_modbus.o
    0x0800457e   0x0800457e   0x00000002   PAD
    0x08004580   0x08004580   0x00000058   Code   RO         3254    i.motor_all_init    motor_control.o
    0x080045d8   0x080045d8   0x0000002e   Code   RO         3255    i.motor_control     motor_control.o
    0x08004606   0x08004606   0x00000002   PAD
    0x08004608   0x08004608   0x00000054   Code   RO         3256    i.motor_disable     motor_control.o
    0x0800465c   0x0800465c   0x00000040   Code   RO         3257    i.motor_dma_error_callback  motor_control.o
    0x0800469c   0x0800469c   0x000000c8   Code   RO         3258    i.motor_dma_transfer_complete_callback  motor_control.o
    0x08004764   0x08004764   0x00000124   Code   RO         3259    i.motor_dma_transmit  motor_control.o
    0x08004888   0x08004888   0x00000044   Code   RO         3260    i.motor_enable      motor_control.o
    0x080048cc   0x080048cc   0x000002a0   Code   RO         3262    i.motor_high_speed_minor_adjust  motor_control.o
    0x08004b6c   0x08004b6c   0x000000d8   Code   RO         3263    i.motor_init        motor_control.o
    0x08004c44   0x08004c44   0x00000698   Code   RO         3264    i.motor_jerk_control  motor_control.o
    0x080052dc   0x080052dc   0x000000b4   Code   RO         3265    i.motor_set_speed   motor_control.o
    0x08005390   0x08005390   0x000002f4   Code   RO         3266    i.motor_set_state   motor_control.o
    0x08005684   0x08005684   0x000000e8   Code   RO         3268    i.motor_tim_config_set  motor_control.o
    0x0800576c   0x0800576c   0x00000094   Code   RO         3634    i.round             m_ws.l(round.o)
    0x08005800   0x08005800   0x00000072   Code   RO         3654    i.roundf            m_ws.l(roundf.o)
    0x08005872   0x08005872   0x0000004c   Code   RO         3637    i.sqrt              m_ws.l(sqrt.o)
    0x080058be   0x080058be   0x0000002c   Code   RO         3645    i.sqrtf             m_ws.l(sqrtf.o)
    0x080058ea   0x080058ea   0x00000002   PAD
    0x080058ec   0x080058ec   0x00000168   Code   RO         3129    i.usart_485_transmit_all  communicat.o
    0x08005a54   0x08005a54   0x00000088   Code   RO         3130    i.usart_485_transmit_init  communicat.o
    0x08005adc   0x08005adc   0x00000064   Code   RO         3132    i.usart_ttl_transmit  communicat.o
    0x08005b40   0x08005b40   0x00000062   Code   RO         3582    x$fpl$d2f           fz_ws.l(d2f.o)
    0x08005ba2   0x08005ba2   0x00000002   PAD
    0x08005ba4   0x08005ba4   0x00000150   Code   RO         3659    x$fpl$dadd          fz_ws.l(daddsub_clz.o)
    0x08005cf4   0x08005cf4   0x00000136   Code   RO         3665    x$fpl$dcmp4         fz_ws.l(dcmp4.o)
    0x08005e2a   0x08005e2a   0x00000018   Code   RO         3667    x$fpl$dcmpinf       fz_ws.l(dcmpi.o)
    0x08005e42   0x08005e42   0x00000002   PAD
    0x08005e44   0x08005e44   0x000002b0   Code   RO         3585    x$fpl$ddiv          fz_ws.l(ddiv.o)
    0x080060f4   0x080060f4   0x0000005e   Code   RO         3588    x$fpl$dfix          fz_ws.l(dfix.o)
    0x08006152   0x08006152   0x0000002e   Code   RO         3593    x$fpl$dflt          fz_ws.l(dflt_clz.o)
    0x08006180   0x08006180   0x00000078   Code   RO         3598    x$fpl$dleqf         fz_ws.l(dleqf.o)
    0x080061f8   0x080061f8   0x0000009c   Code   RO         3669    x$fpl$dnaninf       fz_ws.l(dnaninf.o)
    0x08006294   0x08006294   0x0000000c   Code   RO         3671    x$fpl$dretinf       fz_ws.l(dretinf.o)
    0x080062a0   0x080062a0   0x0000006c   Code   RO         3600    x$fpl$drleqf        fz_ws.l(drleqf.o)
    0x0800630c   0x0800630c   0x000000b4   Code   RO         3673    x$fpl$drnd          fz_ws.l(drnd.o)
    0x080063c0   0x080063c0   0x00000016   Code   RO         3660    x$fpl$drsb          fz_ws.l(daddsub_clz.o)
    0x080063d6   0x080063d6   0x00000002   PAD
    0x080063d8   0x080063d8   0x000001cc   Code   RO         3675    x$fpl$dsqrt         fz_ws.l(dsqrt_noumaal.o)
    0x080065a4   0x080065a4   0x000001d4   Code   RO         3661    x$fpl$dsub          fz_ws.l(daddsub_clz.o)
    0x08006778   0x08006778   0x00000056   Code   RO         3602    x$fpl$f2d           fz_ws.l(f2d.o)
    0x080067ce   0x080067ce   0x00000002   PAD
    0x080067d0   0x080067d0   0x000000c4   Code   RO         3604    x$fpl$fadd          fz_ws.l(faddsub_clz.o)
    0x08006894   0x08006894   0x00000018   Code   RO         3677    x$fpl$fcmpinf       fz_ws.l(fcmpi.o)
    0x080068ac   0x080068ac   0x00000184   Code   RO         3611    x$fpl$fdiv          fz_ws.l(fdiv.o)
    0x08006a30   0x08006a30   0x00000068   Code   RO         3614    x$fpl$feqf          fz_ws.l(feqf.o)
    0x08006a98   0x08006a98   0x0000003e   Code   RO         3616    x$fpl$ffixu         fz_ws.l(ffixu.o)
    0x08006ad6   0x08006ad6   0x00000002   PAD
    0x08006ad8   0x08006ad8   0x00000030   Code   RO         3621    x$fpl$fflt          fz_ws.l(fflt_clz.o)
    0x08006b08   0x08006b08   0x00000026   Code   RO         3620    x$fpl$ffltu         fz_ws.l(fflt_clz.o)
    0x08006b2e   0x08006b2e   0x00000002   PAD
    0x08006b30   0x08006b30   0x00000068   Code   RO         3626    x$fpl$fleqf         fz_ws.l(fleqf.o)
    0x08006b98   0x08006b98   0x00000102   Code   RO         3628    x$fpl$fmul          fz_ws.l(fmul.o)
    0x08006c9a   0x08006c9a   0x0000008c   Code   RO         3679    x$fpl$fnaninf       fz_ws.l(fnaninf.o)
    0x08006d26   0x08006d26   0x0000000a   Code   RO         3681    x$fpl$fretinf       fz_ws.l(fretinf.o)
    0x08006d30   0x08006d30   0x00000062   Code   RO         3630    x$fpl$frleqf        fz_ws.l(frleqf.o)
    0x08006d92   0x08006d92   0x00000002   PAD
    0x08006d94   0x08006d94   0x00000060   Code   RO         3683    x$fpl$frnd          fz_ws.l(frnd.o)
    0x08006df4   0x08006df4   0x00000014   Code   RO         3605    x$fpl$frsb          fz_ws.l(faddsub_clz.o)
    0x08006e08   0x08006e08   0x00000110   Code   RO         3685    x$fpl$fsqrt         fz_ws.l(fsqrt.o)
    0x08006f18   0x08006f18   0x000000ea   Code   RO         3606    x$fpl$fsub          fz_ws.l(faddsub_clz.o)
    0x08007002   0x08007002   0x00000000   Code   RO         3687    x$fpl$usenofp       fz_ws.l(usenofp.o)
    0x08007002   0x08007002   0x00000012   Data   RO          824    .constdata          stm32f1xx_hal_rcc.o
    0x08007014   0x08007014   0x00000018   Data   RO         3050    .constdata          system_stm32f1xx.o
    0x0800702c   0x0800702c   0x00000020   Data   RO         3845    Region$$Table       anon$$obj.o


    Execution Region RW_IRAM1 (Exec base: 0x20000000, Load base: 0x0800704c, Size: 0x000084e8, Max: 0x0000c000, ABSOLUTE, COMPRESSED[0x00000134])

    Exec Addr    Load Addr    Size         Type   Attr      Idx    E Section Name        Object

    0x20000000   COMPRESSED   0x00000009   Data   RW          660    .data               stm32f1xx_hal.o
    0x20000009   COMPRESSED   0x00000003   PAD
    0x2000000c   COMPRESSED   0x00000004   Data   RW         3051    .data               system_stm32f1xx.o
    0x20000010   COMPRESSED   0x00000007   Data   RW         3134    .data               communicat.o
    0x20000017   COMPRESSED   0x00000001   PAD
    0x20000018   COMPRESSED   0x00000014   Data   RW         3207    .data               control.o
    0x2000002c   COMPRESSED   0x00000028   Data   RW         3270    .data               motor_control.o
    0x20000054   COMPRESSED   0x00000200   Data   RW         3461    .data               ifr_crc.o
    0x20000254        -       0x00000494   Zero   RW          291    .bss                tim.o
    0x200006e8        -       0x00000200   Zero   RW          359    .bss                usart.o
    0x200008e8        -       0x000004d0   Zero   RW         3133    .bss                communicat.o
    0x20000db8        -       0x00006e68   Zero   RW         3269    .bss                motor_control.o
    0x20007c20        -       0x0000003c   Zero   RW         3362    .bss                ifr_tim.o
    0x20007c5c        -       0x0000002c   Zero   RW         3408    .bss                ifr_usart.o
    0x20007c88        -       0x00000060   Zero   RW         3709    .bss                c_w.l(libspace.o)
    0x20007ce8        -       0x00000400   Zero   RW            2    HEAP                startup_stm32f103xe.o
    0x200080e8        -       0x00000400   Zero   RW            1    STACK               startup_stm32f103xe.o


==============================================================================

Image component sizes


      Code (inc. data)   RO Data    RW Data    ZI Data      Debug   Object Name

       636         74          0          7       1232       5889   communicat.o
       360         40          0         20          0       6860   control.o
       192          6          0          0          0        966   dma.o
       268         18          0          0          0       1127   gpio.o
        56         10          0        512          0       1411   ifr_crc.o
       456          0          0          0          0       4336   ifr_modbus.o
       234         44          0          0         60       3082   ifr_tim.o
       306         26          0          0         44       4233   ifr_usart.o
       170          0          0          0          0     495108   main.o
      4586        302          0         40      28264      12439   motor_control.o
        64         26        304          0       2048        876   startup_stm32f103xe.o
       192         36          0          9          0       7025   stm32f1xx_hal.o
       372         28          0          0          0      30653   stm32f1xx_hal_cortex.o
      2000         36          0          0          0       7354   stm32f1xx_hal_dma.o
      1204         72          0          0          0       4579   stm32f1xx_hal_gpio.o
        84          8          0          0          0       1022   stm32f1xx_hal_msp.o
      1748         98         18          0          0       6488   stm32f1xx_hal_rcc.o
      3312        240          0          0          0      25813   stm32f1xx_hal_tim.o
       162         22          0          0          0       3320   stm32f1xx_hal_tim_ex.o
      2694         76          0          0          0      21114   stm32f1xx_hal_uart.o
       210         66          0          0          0      10441   stm32f1xx_it.o
         2          0         24          4          0       1311   system_stm32f1xx.o
      1692        136          0          0       1172       7025   tim.o
       748         86          0          0        512       3592   usart.o

    ----------------------------------------------------------------------
     21770       1450        378        596      33332     666064   Object Totals
         0          0         32          0          0          0   (incl. Generated)
        22          0          0          4          0          0   (incl. Padding)

    ----------------------------------------------------------------------

      Code (inc. data)   RO Data    RW Data    ZI Data      Debug   Library Member Name

        90          0          0          0          0          0   __dczerorl2.o
         8          0          0          0          0         68   __main.o
         0          0          0          0          0          0   __rtentry.o
        12          0          0          0          0          0   __rtentry2.o
         6          0          0          0          0          0   __rtentry4.o
        52          8          0          0          0          0   __scatter.o
        28          0          0          0          0          0   __scatter_zi.o
        22          0          0          0          0        100   _rserrno.o
        16          0          0          0          0         68   aeabi_memset.o
        18          0          0          0          0         80   exit.o
         6          0          0          0          0        152   heapauxi.o
         0          0          0          0          0          0   indicate_semi.o
         2          0          0          0          0          0   libinit.o
         2          0          0          0          0          0   libinit2.o
         2          0          0          0          0          0   libshutdown.o
         2          0          0          0          0          0   libshutdown2.o
         8          4          0          0         96         68   libspace.o
         8          4          0          0          0         68   rt_errno_addr_intlibspace.o
        68          0          0          0          0         68   rt_memclr.o
        78          0          0          0          0         80   rt_memclr_w.o
       138          0          0          0          0         68   rt_memcpy_v6.o
       100          0          0          0          0         80   rt_memcpy_w.o
         2          0          0          0          0          0   rtexit.o
        10          0          0          0          0          0   rtexit2.o
        12          4          0          0          0         68   sys_exit.o
        74          0          0          0          0         80   sys_stackheap_outer.o
         2          0          0          0          0         68   use_no_semi.o
        98          4          0          0          0         92   d2f.o
       826         16          0          0          0        348   daddsub_clz.o
       310          8          0          0          0        180   dcmp4.o
        24          0          0          0          0         68   dcmpi.o
       688        140          0          0          0        208   ddiv.o
        94          4          0          0          0         92   dfix.o
        46          0          0          0          0         68   dflt_clz.o
       120          4          0          0          0         92   dleqf.o
       156          4          0          0          0         92   dnaninf.o
        12          0          0          0          0         68   dretinf.o
       108          0          0          0          0         80   drleqf.o
       180          4          0          0          0         80   drnd.o
       460         56          0          0          0        120   dsqrt_noumaal.o
        86          4          0          0          0         84   f2d.o
       450          8          0          0          0        236   faddsub_clz.o
        24          0          0          0          0         68   fcmpi.o
       388         76          0          0          0         96   fdiv.o
       104          4          0          0          0         84   feqf.o
        62          4          0          0          0         84   ffixu.o
        86          0          0          0          0        136   fflt_clz.o
       104          4          0          0          0         84   fleqf.o
       258          4          0          0          0         84   fmul.o
       140          4          0          0          0         84   fnaninf.o
        10          0          0          0          0         68   fretinf.o
        98          0          0          0          0         68   frleqf.o
        96          4          0          0          0         76   frnd.o
       272        100          0          0          0         88   fsqrt.o
         0          0          0          0          0          0   usenofp.o
        66          0          0          0          0         84   fmax.o
        66          0          0          0          0         84   fmin.o
       148         12          0          0          0         88   round.o
       114          0          0          0          0         80   roundf.o
        76          0          0          0          0         84   sqrt.o
        44          0          0          0          0         80   sqrtf.o

    ----------------------------------------------------------------------
      6600        484          0          0         96       4544   Library Totals
        20          0          0          0          0          0   (incl. Padding)

    ----------------------------------------------------------------------

      Code (inc. data)   RO Data    RW Data    ZI Data      Debug   Library Name

       766         20          0          0         96       1116   c_w.l
      5300        452          0          0          0       2928   fz_ws.l
       514         12          0          0          0        500   m_ws.l

    ----------------------------------------------------------------------
      6600        484          0          0         96       4544   Library Totals

    ----------------------------------------------------------------------

==============================================================================


      Code (inc. data)   RO Data    RW Data    ZI Data      Debug   

     28370       1934        378        596      33428     659476   Grand Totals
     28370       1934        378        308      33428     659476   ELF Image Totals (compressed)
     28370       1934        378        308          0          0   ROM Totals

==============================================================================

    Total RO  Size (Code + RO Data)                28748 (  28.07kB)
    Total RW  Size (RW Data + ZI Data)             34024 (  33.23kB)
    Total ROM Size (Code + RO Data + RW Data)      29056 (  28.38kB)

==============================================================================

